[0.274s] DEBUG:colcon:Command line arguments: ['/usr/bin/colcon', 'build']
[0.274s] DEBUG:colcon:Parsed command line arguments: Namespace(log_base=None, log_level=None, verb_name='build', build_base='build', install_base='install', merge_install=False, symlink_install=False, test_result_base=None, continue_on_error=False, executor='parallel', parallel_workers=8, event_handlers=None, ignore_user_meta=False, metas=['./colcon.meta'], base_paths=['.'], packages_ignore=None, packages_ignore_regex=None, paths=None, packages_up_to=None, packages_up_to_regex=None, packages_above=None, packages_above_and_dependencies=None, packages_above_depth=None, packages_select_by_dep=None, packages_skip_by_dep=None, packages_skip_up_to=None, packages_select_build_failed=False, packages_skip_build_finished=False, packages_select_test_failures=False, packages_skip_test_passed=False, packages_select=None, packages_skip=None, packages_select_regex=None, packages_skip_regex=None, packages_start=None, packages_end=None, allow_overriding=[], cmake_args=None, cmake_target=None, cmake_target_skip_unavailable=False, cmake_clean_cache=False, cmake_clean_first=False, cmake_force_configure=False, ament_cmake_args=None, catkin_cmake_args=None, catkin_skip_building_tests=False, mixin_files=None, mixin=None, verb_parser=<colcon_mixin.mixin.mixin_argument.MixinArgumentDecorator object at 0x74115fa4f970>, verb_extension=<colcon_core.verb.build.BuildVerb object at 0x74115fa18f40>, main=<bound method BuildVerb.main of <colcon_core.verb.build.BuildVerb object at 0x74115fa18f40>>, mixin_verb=('build',))
[0.361s] Level 1:colcon.colcon_core.package_discovery:discover_packages(colcon_meta) check parameters
[0.361s] Level 1:colcon.colcon_core.package_discovery:discover_packages(recursive) check parameters
[0.362s] Level 1:colcon.colcon_core.package_discovery:discover_packages(ignore) check parameters
[0.362s] Level 1:colcon.colcon_core.package_discovery:discover_packages(path) check parameters
[0.362s] Level 1:colcon.colcon_core.package_discovery:discover_packages(colcon_meta) discover
[0.362s] Level 1:colcon.colcon_core.package_discovery:discover_packages(recursive) discover
[0.362s] INFO:colcon.colcon_core.package_discovery:Crawling recursively for packages in '/home/stepan/ws_ros2'
[0.362s] Level 1:colcon.colcon_core.package_identification:_identify(.) by extensions ['ignore', 'ignore_ament_install']
[0.362s] Level 1:colcon.colcon_core.package_identification:_identify(.) by extension 'ignore'
[0.362s] Level 1:colcon.colcon_core.package_identification:_identify(.) by extension 'ignore_ament_install'
[0.362s] Level 1:colcon.colcon_core.package_identification:_identify(.) by extensions ['colcon_pkg']
[0.362s] Level 1:colcon.colcon_core.package_identification:_identify(.) by extension 'colcon_pkg'
[0.362s] Level 1:colcon.colcon_core.package_identification:_identify(.) by extensions ['colcon_meta']
[0.362s] Level 1:colcon.colcon_core.package_identification:_identify(.) by extension 'colcon_meta'
[0.363s] Level 1:colcon.colcon_core.package_identification:_identify(.) by extensions ['ros']
[0.363s] Level 1:colcon.colcon_core.package_identification:_identify(.) by extension 'ros'
[0.391s] Level 1:colcon.colcon_core.package_identification:_identify(.) by extensions ['cmake', 'python']
[0.391s] Level 1:colcon.colcon_core.package_identification:_identify(.) by extension 'cmake'
[0.391s] Level 1:colcon.colcon_core.package_identification:_identify(.) by extension 'python'
[0.391s] Level 1:colcon.colcon_core.package_identification:_identify(.) by extensions ['python_setup_py']
[0.391s] Level 1:colcon.colcon_core.package_identification:_identify(.) by extension 'python_setup_py'
[0.391s] Level 1:colcon.colcon_core.package_identification:_identify(build) by extensions ['ignore', 'ignore_ament_install']
[0.391s] Level 1:colcon.colcon_core.package_identification:_identify(build) by extension 'ignore'
[0.391s] Level 1:colcon.colcon_core.package_identification:_identify(build) ignored
[0.392s] Level 1:colcon.colcon_core.package_identification:_identify(install) by extensions ['ignore', 'ignore_ament_install']
[0.392s] Level 1:colcon.colcon_core.package_identification:_identify(install) by extension 'ignore'
[0.392s] Level 1:colcon.colcon_core.package_identification:_identify(install) ignored
[0.392s] Level 1:colcon.colcon_core.package_identification:_identify(log) by extensions ['ignore', 'ignore_ament_install']
[0.392s] Level 1:colcon.colcon_core.package_identification:_identify(log) by extension 'ignore'
[0.392s] Level 1:colcon.colcon_core.package_identification:_identify(log) ignored
[0.392s] Level 1:colcon.colcon_core.package_identification:_identify(src) by extensions ['ignore', 'ignore_ament_install']
[0.392s] Level 1:colcon.colcon_core.package_identification:_identify(src) by extension 'ignore'
[0.392s] Level 1:colcon.colcon_core.package_identification:_identify(src) by extension 'ignore_ament_install'
[0.392s] Level 1:colcon.colcon_core.package_identification:_identify(src) by extensions ['colcon_pkg']
[0.392s] Level 1:colcon.colcon_core.package_identification:_identify(src) by extension 'colcon_pkg'
[0.393s] Level 1:colcon.colcon_core.package_identification:_identify(src) by extensions ['colcon_meta']
[0.393s] Level 1:colcon.colcon_core.package_identification:_identify(src) by extension 'colcon_meta'
[0.393s] Level 1:colcon.colcon_core.package_identification:_identify(src) by extensions ['ros']
[0.393s] Level 1:colcon.colcon_core.package_identification:_identify(src) by extension 'ros'
[0.393s] Level 1:colcon.colcon_core.package_identification:_identify(src) by extensions ['cmake', 'python']
[0.393s] Level 1:colcon.colcon_core.package_identification:_identify(src) by extension 'cmake'
[0.393s] Level 1:colcon.colcon_core.package_identification:_identify(src) by extension 'python'
[0.393s] Level 1:colcon.colcon_core.package_identification:_identify(src) by extensions ['python_setup_py']
[0.393s] Level 1:colcon.colcon_core.package_identification:_identify(src) by extension 'python_setup_py'
[0.393s] Level 1:colcon.colcon_core.package_identification:_identify(src/offboard) by extensions ['ignore', 'ignore_ament_install']
[0.393s] Level 1:colcon.colcon_core.package_identification:_identify(src/offboard) by extension 'ignore'
[0.393s] Level 1:colcon.colcon_core.package_identification:_identify(src/offboard) by extension 'ignore_ament_install'
[0.393s] Level 1:colcon.colcon_core.package_identification:_identify(src/offboard) by extensions ['colcon_pkg']
[0.394s] Level 1:colcon.colcon_core.package_identification:_identify(src/offboard) by extension 'colcon_pkg'
[0.394s] Level 1:colcon.colcon_core.package_identification:_identify(src/offboard) by extensions ['colcon_meta']
[0.394s] Level 1:colcon.colcon_core.package_identification:_identify(src/offboard) by extension 'colcon_meta'
[0.394s] Level 1:colcon.colcon_core.package_identification:_identify(src/offboard) by extensions ['ros']
[0.394s] Level 1:colcon.colcon_core.package_identification:_identify(src/offboard) by extension 'ros'
[0.398s] DEBUG:colcon.colcon_core.package_identification:Package 'src/offboard' with type 'ros.ament_python' and name 'offboard'
[0.398s] Level 1:colcon.colcon_core.package_identification:_identify(src/px4_msgs) by extensions ['ignore', 'ignore_ament_install']
[0.398s] Level 1:colcon.colcon_core.package_identification:_identify(src/px4_msgs) by extension 'ignore'
[0.398s] Level 1:colcon.colcon_core.package_identification:_identify(src/px4_msgs) by extension 'ignore_ament_install'
[0.398s] Level 1:colcon.colcon_core.package_identification:_identify(src/px4_msgs) by extensions ['colcon_pkg']
[0.398s] Level 1:colcon.colcon_core.package_identification:_identify(src/px4_msgs) by extension 'colcon_pkg'
[0.398s] Level 1:colcon.colcon_core.package_identification:_identify(src/px4_msgs) by extensions ['colcon_meta']
[0.398s] Level 1:colcon.colcon_core.package_identification:_identify(src/px4_msgs) by extension 'colcon_meta'
[0.398s] Level 1:colcon.colcon_core.package_identification:_identify(src/px4_msgs) by extensions ['ros']
[0.399s] Level 1:colcon.colcon_core.package_identification:_identify(src/px4_msgs) by extension 'ros'
[0.399s] DEBUG:colcon.colcon_core.package_identification:Package 'src/px4_msgs' with type 'ros.ament_cmake' and name 'px4_msgs'
[0.400s] Level 1:colcon.colcon_core.package_identification:_identify(src/px4_ros_com) by extensions ['ignore', 'ignore_ament_install']
[0.400s] Level 1:colcon.colcon_core.package_identification:_identify(src/px4_ros_com) by extension 'ignore'
[0.400s] Level 1:colcon.colcon_core.package_identification:_identify(src/px4_ros_com) by extension 'ignore_ament_install'
[0.400s] Level 1:colcon.colcon_core.package_identification:_identify(src/px4_ros_com) by extensions ['colcon_pkg']
[0.400s] Level 1:colcon.colcon_core.package_identification:_identify(src/px4_ros_com) by extension 'colcon_pkg'
[0.400s] Level 1:colcon.colcon_core.package_identification:_identify(src/px4_ros_com) by extensions ['colcon_meta']
[0.401s] Level 1:colcon.colcon_core.package_identification:_identify(src/px4_ros_com) by extension 'colcon_meta'
[0.401s] Level 1:colcon.colcon_core.package_identification:_identify(src/px4_ros_com) by extensions ['ros']
[0.401s] Level 1:colcon.colcon_core.package_identification:_identify(src/px4_ros_com) by extension 'ros'
[0.403s] DEBUG:colcon.colcon_core.package_identification:Package 'src/px4_ros_com' with type 'ros.ament_cmake' and name 'px4_ros_com'
[0.403s] Level 1:colcon.colcon_core.package_discovery:discover_packages(recursive) using defaults
[0.404s] Level 1:colcon.colcon_core.package_discovery:discover_packages(ignore) discover
[0.404s] Level 1:colcon.colcon_core.package_discovery:discover_packages(ignore) using defaults
[0.404s] Level 1:colcon.colcon_core.package_discovery:discover_packages(path) discover
[0.404s] Level 1:colcon.colcon_core.package_discovery:discover_packages(path) using defaults
[0.447s] Level 1:colcon.colcon_core.package_discovery:discover_packages(prefix_path) check parameters
[0.447s] Level 1:colcon.colcon_core.package_discovery:discover_packages(prefix_path) discover
[0.450s] DEBUG:colcon.colcon_installed_package_information.package_discovery:Found 3 installed packages in /home/stepan/ws_ros2/install
[0.453s] DEBUG:colcon.colcon_installed_package_information.package_discovery:Found 271 installed packages in /opt/ros/humble
[0.455s] Level 1:colcon.colcon_core.package_discovery:discover_packages(prefix_path) using defaults
[0.522s] Level 5:colcon.colcon_core.verb:set package 'px4_msgs' build argument 'cmake_args' from command line to 'None'
[0.522s] Level 5:colcon.colcon_core.verb:set package 'px4_msgs' build argument 'cmake_target' from command line to 'None'
[0.522s] Level 5:colcon.colcon_core.verb:set package 'px4_msgs' build argument 'cmake_target_skip_unavailable' from command line to 'False'
[0.522s] Level 5:colcon.colcon_core.verb:set package 'px4_msgs' build argument 'cmake_clean_cache' from command line to 'False'
[0.523s] Level 5:colcon.colcon_core.verb:set package 'px4_msgs' build argument 'cmake_clean_first' from command line to 'False'
[0.523s] Level 5:colcon.colcon_core.verb:set package 'px4_msgs' build argument 'cmake_force_configure' from command line to 'False'
[0.523s] Level 5:colcon.colcon_core.verb:set package 'px4_msgs' build argument 'ament_cmake_args' from command line to 'None'
[0.523s] Level 5:colcon.colcon_core.verb:set package 'px4_msgs' build argument 'catkin_cmake_args' from command line to 'None'
[0.523s] Level 5:colcon.colcon_core.verb:set package 'px4_msgs' build argument 'catkin_skip_building_tests' from command line to 'False'
[0.523s] DEBUG:colcon.colcon_core.verb:Building package 'px4_msgs' with the following arguments: {'ament_cmake_args': None, 'build_base': '/home/stepan/ws_ros2/build/px4_msgs', 'catkin_cmake_args': None, 'catkin_skip_building_tests': False, 'cmake_args': None, 'cmake_clean_cache': False, 'cmake_clean_first': False, 'cmake_force_configure': False, 'cmake_target': None, 'cmake_target_skip_unavailable': False, 'install_base': '/home/stepan/ws_ros2/install/px4_msgs', 'merge_install': False, 'path': '/home/stepan/ws_ros2/src/px4_msgs', 'symlink_install': False, 'test_result_base': None}
[0.524s] Level 5:colcon.colcon_core.verb:set package 'offboard' build argument 'cmake_args' from command line to 'None'
[0.524s] Level 5:colcon.colcon_core.verb:set package 'offboard' build argument 'cmake_target' from command line to 'None'
[0.524s] Level 5:colcon.colcon_core.verb:set package 'offboard' build argument 'cmake_target_skip_unavailable' from command line to 'False'
[0.524s] Level 5:colcon.colcon_core.verb:set package 'offboard' build argument 'cmake_clean_cache' from command line to 'False'
[0.524s] Level 5:colcon.colcon_core.verb:set package 'offboard' build argument 'cmake_clean_first' from command line to 'False'
[0.524s] Level 5:colcon.colcon_core.verb:set package 'offboard' build argument 'cmake_force_configure' from command line to 'False'
[0.524s] Level 5:colcon.colcon_core.verb:set package 'offboard' build argument 'ament_cmake_args' from command line to 'None'
[0.524s] Level 5:colcon.colcon_core.verb:set package 'offboard' build argument 'catkin_cmake_args' from command line to 'None'
[0.524s] Level 5:colcon.colcon_core.verb:set package 'offboard' build argument 'catkin_skip_building_tests' from command line to 'False'
[0.524s] DEBUG:colcon.colcon_core.verb:Building package 'offboard' with the following arguments: {'ament_cmake_args': None, 'build_base': '/home/stepan/ws_ros2/build/offboard', 'catkin_cmake_args': None, 'catkin_skip_building_tests': False, 'cmake_args': None, 'cmake_clean_cache': False, 'cmake_clean_first': False, 'cmake_force_configure': False, 'cmake_target': None, 'cmake_target_skip_unavailable': False, 'install_base': '/home/stepan/ws_ros2/install/offboard', 'merge_install': False, 'path': '/home/stepan/ws_ros2/src/offboard', 'symlink_install': False, 'test_result_base': None}
[0.525s] Level 5:colcon.colcon_core.verb:set package 'px4_ros_com' build argument 'cmake_args' from command line to 'None'
[0.525s] Level 5:colcon.colcon_core.verb:set package 'px4_ros_com' build argument 'cmake_target' from command line to 'None'
[0.525s] Level 5:colcon.colcon_core.verb:set package 'px4_ros_com' build argument 'cmake_target_skip_unavailable' from command line to 'False'
[0.525s] Level 5:colcon.colcon_core.verb:set package 'px4_ros_com' build argument 'cmake_clean_cache' from command line to 'False'
[0.525s] Level 5:colcon.colcon_core.verb:set package 'px4_ros_com' build argument 'cmake_clean_first' from command line to 'False'
[0.525s] Level 5:colcon.colcon_core.verb:set package 'px4_ros_com' build argument 'cmake_force_configure' from command line to 'False'
[0.525s] Level 5:colcon.colcon_core.verb:set package 'px4_ros_com' build argument 'ament_cmake_args' from command line to 'None'
[0.525s] Level 5:colcon.colcon_core.verb:set package 'px4_ros_com' build argument 'catkin_cmake_args' from command line to 'None'
[0.525s] Level 5:colcon.colcon_core.verb:set package 'px4_ros_com' build argument 'catkin_skip_building_tests' from command line to 'False'
[0.525s] DEBUG:colcon.colcon_core.verb:Building package 'px4_ros_com' with the following arguments: {'ament_cmake_args': None, 'build_base': '/home/stepan/ws_ros2/build/px4_ros_com', 'catkin_cmake_args': None, 'catkin_skip_building_tests': False, 'cmake_args': None, 'cmake_clean_cache': False, 'cmake_clean_first': False, 'cmake_force_configure': False, 'cmake_target': None, 'cmake_target_skip_unavailable': False, 'install_base': '/home/stepan/ws_ros2/install/px4_ros_com', 'merge_install': False, 'path': '/home/stepan/ws_ros2/src/px4_ros_com', 'symlink_install': False, 'test_result_base': None}
[0.526s] INFO:colcon.colcon_core.executor:Executing jobs using 'parallel' executor
[0.529s] DEBUG:colcon.colcon_parallel_executor.executor.parallel:run_until_complete
[0.530s] INFO:colcon.colcon_ros.task.ament_cmake.build:Building ROS package in '/home/stepan/ws_ros2/src/px4_msgs' with build type 'ament_cmake'
[0.530s] INFO:colcon.colcon_cmake.task.cmake.build:Building CMake package in '/home/stepan/ws_ros2/src/px4_msgs'
[0.534s] INFO:colcon.colcon_core.plugin_system:Skipping extension 'colcon_core.shell.bat': Not used on non-Windows systems
[0.535s] INFO:colcon.colcon_core.shell:Skip shell extension 'powershell' for command environment: Not usable outside of PowerShell
[0.535s] DEBUG:colcon.colcon_core.shell:Skip shell extension 'dsv' for command environment
[0.554s] DEBUG:colcon.colcon_core.event_handler.log_command:Invoking command in '/home/stepan/ws_ros2/build/px4_msgs': CMAKE_PREFIX_PATH=${CMAKE_PREFIX_PATH}:/opt/ros/humble /usr/bin/cmake --build /home/stepan/ws_ros2/build/px4_msgs -- -j8 -l8
[5.872s] DEBUG:colcon.colcon_core.event_handler.log_command:Invoked command in '/home/stepan/ws_ros2/build/px4_msgs' returned '0': CMAKE_PREFIX_PATH=${CMAKE_PREFIX_PATH}:/opt/ros/humble /usr/bin/cmake --build /home/stepan/ws_ros2/build/px4_msgs -- -j8 -l8
[5.897s] DEBUG:colcon.colcon_core.event_handler.log_command:Invoking command in '/home/stepan/ws_ros2/build/px4_msgs': CMAKE_PREFIX_PATH=${CMAKE_PREFIX_PATH}:/opt/ros/humble /usr/bin/cmake --install /home/stepan/ws_ros2/build/px4_msgs
[6.953s] Level 1:colcon.colcon_core.environment:create_environment_scripts_only(px4_msgs)
[6.993s] Level 1:colcon.colcon_core.environment:checking '/home/stepan/ws_ros2/install/px4_msgs' for CMake module files
[7.003s] Level 1:colcon.colcon_core.environment:checking '/home/stepan/ws_ros2/install/px4_msgs' for CMake config files
[7.034s] Level 1:colcon.colcon_core.shell:create_environment_hook('px4_msgs', 'cmake_prefix_path')
[7.034s] INFO:colcon.colcon_core.shell:Creating environment hook '/home/stepan/ws_ros2/install/px4_msgs/share/px4_msgs/hook/cmake_prefix_path.ps1'
[7.041s] INFO:colcon.colcon_core.shell:Creating environment descriptor '/home/stepan/ws_ros2/install/px4_msgs/share/px4_msgs/hook/cmake_prefix_path.dsv'
[7.047s] INFO:colcon.colcon_core.shell:Creating environment hook '/home/stepan/ws_ros2/install/px4_msgs/share/px4_msgs/hook/cmake_prefix_path.sh'
[7.056s] Level 1:colcon.colcon_core.environment:checking '/home/stepan/ws_ros2/install/px4_msgs/lib'
[7.059s] Level 1:colcon.colcon_core.shell:create_environment_hook('px4_msgs', 'ld_library_path_lib')
[7.060s] INFO:colcon.colcon_core.shell:Creating environment hook '/home/stepan/ws_ros2/install/px4_msgs/share/px4_msgs/hook/ld_library_path_lib.ps1'
[7.064s] INFO:colcon.colcon_core.shell:Creating environment descriptor '/home/stepan/ws_ros2/install/px4_msgs/share/px4_msgs/hook/ld_library_path_lib.dsv'
[7.069s] INFO:colcon.colcon_core.shell:Creating environment hook '/home/stepan/ws_ros2/install/px4_msgs/share/px4_msgs/hook/ld_library_path_lib.sh'
[7.076s] Level 1:colcon.colcon_core.environment:checking '/home/stepan/ws_ros2/install/px4_msgs/bin'
[7.077s] Level 1:colcon.colcon_core.environment:checking '/home/stepan/ws_ros2/install/px4_msgs/lib/pkgconfig/px4_msgs.pc'
[7.078s] Level 1:colcon.colcon_core.environment:checking '/home/stepan/ws_ros2/install/px4_msgs/lib/python3.10/site-packages'
[7.079s] Level 1:colcon.colcon_core.environment:checking '/home/stepan/ws_ros2/install/px4_msgs/bin'
[7.081s] INFO:colcon.colcon_core.shell:Creating package script '/home/stepan/ws_ros2/install/px4_msgs/share/px4_msgs/package.ps1'
[7.086s] INFO:colcon.colcon_core.shell:Creating package descriptor '/home/stepan/ws_ros2/install/px4_msgs/share/px4_msgs/package.dsv'
[7.094s] INFO:colcon.colcon_core.shell:Creating package script '/home/stepan/ws_ros2/install/px4_msgs/share/px4_msgs/package.sh'
[7.098s] INFO:colcon.colcon_core.shell:Creating package script '/home/stepan/ws_ros2/install/px4_msgs/share/px4_msgs/package.bash'
[7.105s] INFO:colcon.colcon_core.shell:Creating package script '/home/stepan/ws_ros2/install/px4_msgs/share/px4_msgs/package.zsh'
[7.108s] Level 1:colcon.colcon_core.environment:create_file_with_runtime_dependencies(/home/stepan/ws_ros2/install/px4_msgs/share/colcon-core/packages/px4_msgs)
[7.118s] Level 1:colcon.colcon_core.environment:create_environment_scripts_only(px4_msgs)
[7.119s] Level 1:colcon.colcon_core.environment:checking '/home/stepan/ws_ros2/install/px4_msgs' for CMake module files
[7.123s] Level 1:colcon.colcon_core.environment:checking '/home/stepan/ws_ros2/install/px4_msgs' for CMake config files
[7.155s] Level 1:colcon.colcon_core.shell:create_environment_hook('px4_msgs', 'cmake_prefix_path')
[7.155s] INFO:colcon.colcon_core.shell:Creating environment hook '/home/stepan/ws_ros2/install/px4_msgs/share/px4_msgs/hook/cmake_prefix_path.ps1'
[7.161s] INFO:colcon.colcon_core.shell:Creating environment descriptor '/home/stepan/ws_ros2/install/px4_msgs/share/px4_msgs/hook/cmake_prefix_path.dsv'
[7.167s] INFO:colcon.colcon_core.shell:Creating environment hook '/home/stepan/ws_ros2/install/px4_msgs/share/px4_msgs/hook/cmake_prefix_path.sh'
[7.173s] Level 1:colcon.colcon_core.environment:checking '/home/stepan/ws_ros2/install/px4_msgs/lib'
[7.173s] Level 1:colcon.colcon_core.shell:create_environment_hook('px4_msgs', 'ld_library_path_lib')
[7.175s] INFO:colcon.colcon_core.shell:Creating environment hook '/home/stepan/ws_ros2/install/px4_msgs/share/px4_msgs/hook/ld_library_path_lib.ps1'
[7.180s] INFO:colcon.colcon_core.shell:Creating environment descriptor '/home/stepan/ws_ros2/install/px4_msgs/share/px4_msgs/hook/ld_library_path_lib.dsv'
[7.186s] INFO:colcon.colcon_core.shell:Creating environment hook '/home/stepan/ws_ros2/install/px4_msgs/share/px4_msgs/hook/ld_library_path_lib.sh'
[7.192s] Level 1:colcon.colcon_core.environment:checking '/home/stepan/ws_ros2/install/px4_msgs/bin'
[7.192s] Level 1:colcon.colcon_core.environment:checking '/home/stepan/ws_ros2/install/px4_msgs/lib/pkgconfig/px4_msgs.pc'
[7.195s] Level 1:colcon.colcon_core.environment:checking '/home/stepan/ws_ros2/install/px4_msgs/lib/python3.10/site-packages'
[7.195s] Level 1:colcon.colcon_core.environment:checking '/home/stepan/ws_ros2/install/px4_msgs/bin'
[7.197s] INFO:colcon.colcon_core.shell:Creating package script '/home/stepan/ws_ros2/install/px4_msgs/share/px4_msgs/package.ps1'
[7.201s] DEBUG:colcon.colcon_core.event_handler.log_command:Invoked command in '/home/stepan/ws_ros2/build/px4_msgs' returned '0': CMAKE_PREFIX_PATH=${CMAKE_PREFIX_PATH}:/opt/ros/humble /usr/bin/cmake --install /home/stepan/ws_ros2/build/px4_msgs
[7.202s] INFO:colcon.colcon_core.shell:Creating package descriptor '/home/stepan/ws_ros2/install/px4_msgs/share/px4_msgs/package.dsv'
[7.203s] INFO:colcon.colcon_core.shell:Creating package script '/home/stepan/ws_ros2/install/px4_msgs/share/px4_msgs/package.sh'
[7.205s] INFO:colcon.colcon_core.shell:Creating package script '/home/stepan/ws_ros2/install/px4_msgs/share/px4_msgs/package.bash'
[7.205s] INFO:colcon.colcon_core.shell:Creating package script '/home/stepan/ws_ros2/install/px4_msgs/share/px4_msgs/package.zsh'
[7.206s] Level 1:colcon.colcon_core.environment:create_file_with_runtime_dependencies(/home/stepan/ws_ros2/install/px4_msgs/share/colcon-core/packages/px4_msgs)
[7.207s] INFO:colcon.colcon_ros.task.ament_python.build:Building ROS package in '/home/stepan/ws_ros2/src/offboard' with build type 'ament_python'
[7.208s] Level 1:colcon.colcon_core.shell:create_environment_hook('offboard', 'ament_prefix_path')
[7.209s] INFO:colcon.colcon_core.shell:Creating environment hook '/home/stepan/ws_ros2/install/offboard/share/offboard/hook/ament_prefix_path.ps1'
[7.212s] INFO:colcon.colcon_core.shell:Creating environment descriptor '/home/stepan/ws_ros2/install/offboard/share/offboard/hook/ament_prefix_path.dsv'
[7.213s] INFO:colcon.colcon_core.shell:Creating environment hook '/home/stepan/ws_ros2/install/offboard/share/offboard/hook/ament_prefix_path.sh'
[7.214s] INFO:colcon.colcon_core.shell:Skip shell extension 'powershell' for command environment: Not usable outside of PowerShell
[7.214s] DEBUG:colcon.colcon_core.shell:Skip shell extension 'dsv' for command environment
[7.220s] INFO:colcon.colcon_ros.task.ament_cmake.build:Building ROS package in '/home/stepan/ws_ros2/src/px4_ros_com' with build type 'ament_cmake'
[7.220s] INFO:colcon.colcon_cmake.task.cmake.build:Building CMake package in '/home/stepan/ws_ros2/src/px4_ros_com'
[7.220s] INFO:colcon.colcon_core.shell:Skip shell extension 'powershell' for command environment: Not usable outside of PowerShell
[7.220s] DEBUG:colcon.colcon_core.shell:Skip shell extension 'dsv' for command environment
[7.710s] INFO:colcon.colcon_core.task.python.build:Building Python package in '/home/stepan/ws_ros2/src/offboard'
[7.711s] INFO:colcon.colcon_core.shell:Skip shell extension 'powershell' for command environment: Not usable outside of PowerShell
[7.711s] DEBUG:colcon.colcon_core.shell:Skip shell extension 'dsv' for command environment
[7.734s] DEBUG:colcon.colcon_core.event_handler.log_command:Invoking command in '/home/stepan/ws_ros2/build/px4_ros_com': CMAKE_PREFIX_PATH=/home/stepan/ws_ros2/install/px4_msgs:/home/stepan/ws_ros2/install/px4_ros_com:/home/stepan/ws_ros2/install/offboard:/opt/ros/humble LD_LIBRARY_PATH=/home/stepan/ws_ros2/install/px4_msgs/lib:/home/stepan/ws_ros2/install/px4_ros_com/lib:/opt/ros/humble/opt/rviz_ogre_vendor/lib:/opt/ros/humble/lib/x86_64-linux-gnu:/opt/ros/humble/lib /usr/bin/cmake --build /home/stepan/ws_ros2/build/px4_ros_com -- -j8 -l8
[9.268s] DEBUG:colcon.colcon_core.event_handler.log_command:Invoked command in '/home/stepan/ws_ros2/build/px4_ros_com' returned '0': CMAKE_PREFIX_PATH=/home/stepan/ws_ros2/install/px4_msgs:/home/stepan/ws_ros2/install/px4_ros_com:/home/stepan/ws_ros2/install/offboard:/opt/ros/humble LD_LIBRARY_PATH=/home/stepan/ws_ros2/install/px4_msgs/lib:/home/stepan/ws_ros2/install/px4_ros_com/lib:/opt/ros/humble/opt/rviz_ogre_vendor/lib:/opt/ros/humble/lib/x86_64-linux-gnu:/opt/ros/humble/lib /usr/bin/cmake --build /home/stepan/ws_ros2/build/px4_ros_com -- -j8 -l8
[9.273s] DEBUG:colcon.colcon_core.event_handler.log_command:Invoking command in '/home/stepan/ws_ros2/build/px4_ros_com': CMAKE_PREFIX_PATH=/home/stepan/ws_ros2/install/px4_msgs:/home/stepan/ws_ros2/install/px4_ros_com:/home/stepan/ws_ros2/install/offboard:/opt/ros/humble LD_LIBRARY_PATH=/home/stepan/ws_ros2/install/px4_msgs/lib:/home/stepan/ws_ros2/install/px4_ros_com/lib:/opt/ros/humble/opt/rviz_ogre_vendor/lib:/opt/ros/humble/lib/x86_64-linux-gnu:/opt/ros/humble/lib /usr/bin/cmake --install /home/stepan/ws_ros2/build/px4_ros_com
[9.448s] Level 1:colcon.colcon_core.environment:create_environment_scripts_only(px4_ros_com)
[9.450s] Level 1:colcon.colcon_core.environment:checking '/home/stepan/ws_ros2/install/px4_ros_com' for CMake module files
[9.453s] DEBUG:colcon.colcon_core.event_handler.log_command:Invoked command in '/home/stepan/ws_ros2/build/px4_ros_com' returned '0': CMAKE_PREFIX_PATH=/home/stepan/ws_ros2/install/px4_msgs:/home/stepan/ws_ros2/install/px4_ros_com:/home/stepan/ws_ros2/install/offboard:/opt/ros/humble LD_LIBRARY_PATH=/home/stepan/ws_ros2/install/px4_msgs/lib:/home/stepan/ws_ros2/install/px4_ros_com/lib:/opt/ros/humble/opt/rviz_ogre_vendor/lib:/opt/ros/humble/lib/x86_64-linux-gnu:/opt/ros/humble/lib /usr/bin/cmake --install /home/stepan/ws_ros2/build/px4_ros_com
[9.454s] Level 1:colcon.colcon_core.environment:checking '/home/stepan/ws_ros2/install/px4_ros_com' for CMake config files
[9.456s] Level 1:colcon.colcon_core.shell:create_environment_hook('px4_ros_com', 'cmake_prefix_path')
[9.457s] INFO:colcon.colcon_core.shell:Creating environment hook '/home/stepan/ws_ros2/install/px4_ros_com/share/px4_ros_com/hook/cmake_prefix_path.ps1'
[9.458s] INFO:colcon.colcon_core.shell:Creating environment descriptor '/home/stepan/ws_ros2/install/px4_ros_com/share/px4_ros_com/hook/cmake_prefix_path.dsv'
[9.459s] INFO:colcon.colcon_core.shell:Creating environment hook '/home/stepan/ws_ros2/install/px4_ros_com/share/px4_ros_com/hook/cmake_prefix_path.sh'
[9.461s] Level 1:colcon.colcon_core.environment:checking '/home/stepan/ws_ros2/install/px4_ros_com/lib'
[9.461s] Level 1:colcon.colcon_core.shell:create_environment_hook('px4_ros_com', 'ld_library_path_lib')
[9.462s] INFO:colcon.colcon_core.shell:Creating environment hook '/home/stepan/ws_ros2/install/px4_ros_com/share/px4_ros_com/hook/ld_library_path_lib.ps1'
[9.464s] INFO:colcon.colcon_core.shell:Creating environment descriptor '/home/stepan/ws_ros2/install/px4_ros_com/share/px4_ros_com/hook/ld_library_path_lib.dsv'
[9.466s] INFO:colcon.colcon_core.shell:Creating environment hook '/home/stepan/ws_ros2/install/px4_ros_com/share/px4_ros_com/hook/ld_library_path_lib.sh'
[9.469s] Level 1:colcon.colcon_core.environment:checking '/home/stepan/ws_ros2/install/px4_ros_com/bin'
[9.469s] Level 1:colcon.colcon_core.environment:checking '/home/stepan/ws_ros2/install/px4_ros_com/lib/pkgconfig/px4_ros_com.pc'
[9.471s] Level 1:colcon.colcon_core.environment:checking '/home/stepan/ws_ros2/install/px4_ros_com/lib/python3.10/site-packages'
[9.472s] Level 1:colcon.colcon_core.environment:checking '/home/stepan/ws_ros2/install/px4_ros_com/bin'
[9.473s] INFO:colcon.colcon_core.shell:Creating package script '/home/stepan/ws_ros2/install/px4_ros_com/share/px4_ros_com/package.ps1'
[9.475s] INFO:colcon.colcon_core.shell:Creating package descriptor '/home/stepan/ws_ros2/install/px4_ros_com/share/px4_ros_com/package.dsv'
[9.476s] INFO:colcon.colcon_core.shell:Creating package script '/home/stepan/ws_ros2/install/px4_ros_com/share/px4_ros_com/package.sh'
[9.478s] INFO:colcon.colcon_core.shell:Creating package script '/home/stepan/ws_ros2/install/px4_ros_com/share/px4_ros_com/package.bash'
[9.480s] INFO:colcon.colcon_core.shell:Creating package script '/home/stepan/ws_ros2/install/px4_ros_com/share/px4_ros_com/package.zsh'
[9.482s] Level 1:colcon.colcon_core.environment:create_file_with_runtime_dependencies(/home/stepan/ws_ros2/install/px4_ros_com/share/colcon-core/packages/px4_ros_com)
[9.485s] Level 1:colcon.colcon_core.environment:create_environment_scripts_only(px4_ros_com)
[9.487s] Level 1:colcon.colcon_core.environment:checking '/home/stepan/ws_ros2/install/px4_ros_com' for CMake module files
[9.490s] Level 1:colcon.colcon_core.environment:checking '/home/stepan/ws_ros2/install/px4_ros_com' for CMake config files
[9.491s] Level 1:colcon.colcon_core.shell:create_environment_hook('px4_ros_com', 'cmake_prefix_path')
[9.492s] INFO:colcon.colcon_core.shell:Creating environment hook '/home/stepan/ws_ros2/install/px4_ros_com/share/px4_ros_com/hook/cmake_prefix_path.ps1'
[9.493s] INFO:colcon.colcon_core.shell:Creating environment descriptor '/home/stepan/ws_ros2/install/px4_ros_com/share/px4_ros_com/hook/cmake_prefix_path.dsv'
[9.494s] INFO:colcon.colcon_core.shell:Creating environment hook '/home/stepan/ws_ros2/install/px4_ros_com/share/px4_ros_com/hook/cmake_prefix_path.sh'
[9.496s] Level 1:colcon.colcon_core.environment:checking '/home/stepan/ws_ros2/install/px4_ros_com/lib'
[9.496s] Level 1:colcon.colcon_core.shell:create_environment_hook('px4_ros_com', 'ld_library_path_lib')
[9.498s] INFO:colcon.colcon_core.shell:Creating environment hook '/home/stepan/ws_ros2/install/px4_ros_com/share/px4_ros_com/hook/ld_library_path_lib.ps1'
[9.500s] INFO:colcon.colcon_core.shell:Creating environment descriptor '/home/stepan/ws_ros2/install/px4_ros_com/share/px4_ros_com/hook/ld_library_path_lib.dsv'
[9.501s] INFO:colcon.colcon_core.shell:Creating environment hook '/home/stepan/ws_ros2/install/px4_ros_com/share/px4_ros_com/hook/ld_library_path_lib.sh'
[9.503s] Level 1:colcon.colcon_core.environment:checking '/home/stepan/ws_ros2/install/px4_ros_com/bin'
[9.503s] Level 1:colcon.colcon_core.environment:checking '/home/stepan/ws_ros2/install/px4_ros_com/lib/pkgconfig/px4_ros_com.pc'
[9.505s] Level 1:colcon.colcon_core.environment:checking '/home/stepan/ws_ros2/install/px4_ros_com/lib/python3.10/site-packages'
[9.505s] Level 1:colcon.colcon_core.environment:checking '/home/stepan/ws_ros2/install/px4_ros_com/bin'
[9.506s] INFO:colcon.colcon_core.shell:Creating package script '/home/stepan/ws_ros2/install/px4_ros_com/share/px4_ros_com/package.ps1'
[9.508s] INFO:colcon.colcon_core.shell:Creating package descriptor '/home/stepan/ws_ros2/install/px4_ros_com/share/px4_ros_com/package.dsv'
[9.510s] INFO:colcon.colcon_core.shell:Creating package script '/home/stepan/ws_ros2/install/px4_ros_com/share/px4_ros_com/package.sh'
[9.511s] INFO:colcon.colcon_core.shell:Creating package script '/home/stepan/ws_ros2/install/px4_ros_com/share/px4_ros_com/package.bash'
[9.513s] INFO:colcon.colcon_core.shell:Creating package script '/home/stepan/ws_ros2/install/px4_ros_com/share/px4_ros_com/package.zsh'
[9.516s] Level 1:colcon.colcon_core.environment:create_file_with_runtime_dependencies(/home/stepan/ws_ros2/install/px4_ros_com/share/colcon-core/packages/px4_ros_com)
[9.675s] DEBUG:colcon.colcon_core.event_handler.log_command:Invoking command in '/home/stepan/ws_ros2/src/offboard': CMAKE_PREFIX_PATH=/home/stepan/ws_ros2/install/px4_msgs:/home/stepan/ws_ros2/install/px4_ros_com:/home/stepan/ws_ros2/install/offboard LD_LIBRARY_PATH=/home/stepan/ws_ros2/install/px4_msgs/lib:/home/stepan/ws_ros2/install/px4_ros_com/lib:/opt/ros/humble/opt/rviz_ogre_vendor/lib:/opt/ros/humble/lib/x86_64-linux-gnu:/opt/ros/humble/lib PYTHONPATH=/home/stepan/ws_ros2/build/offboard/prefix_override:/usr/lib/python3/dist-packages/colcon_core/task/python/colcon_distutils_commands:/home/stepan/ws_ros2/install/offboard/lib/python3.10/site-packages:${PYTHONPATH} /usr/bin/python3 -W ignore:setup.py install is deprecated -W ignore:easy_install command is deprecated setup.py egg_info --egg-base ../../build/offboard build --build-base /home/stepan/ws_ros2/build/offboard/build install --record /home/stepan/ws_ros2/build/offboard/install.log --single-version-externally-managed install_data
[10.846s] Level 1:colcon.colcon_core.environment:checking '/home/stepan/ws_ros2/install/offboard' for CMake module files
[10.848s] DEBUG:colcon.colcon_core.event_handler.log_command:Invoked command in '/home/stepan/ws_ros2/src/offboard' returned '0': CMAKE_PREFIX_PATH=/home/stepan/ws_ros2/install/px4_msgs:/home/stepan/ws_ros2/install/px4_ros_com:/home/stepan/ws_ros2/install/offboard LD_LIBRARY_PATH=/home/stepan/ws_ros2/install/px4_msgs/lib:/home/stepan/ws_ros2/install/px4_ros_com/lib:/opt/ros/humble/opt/rviz_ogre_vendor/lib:/opt/ros/humble/lib/x86_64-linux-gnu:/opt/ros/humble/lib PYTHONPATH=/home/stepan/ws_ros2/build/offboard/prefix_override:/usr/lib/python3/dist-packages/colcon_core/task/python/colcon_distutils_commands:/home/stepan/ws_ros2/install/offboard/lib/python3.10/site-packages:${PYTHONPATH} /usr/bin/python3 -W ignore:setup.py install is deprecated -W ignore:easy_install command is deprecated setup.py egg_info --egg-base ../../build/offboard build --build-base /home/stepan/ws_ros2/build/offboard/build install --record /home/stepan/ws_ros2/build/offboard/install.log --single-version-externally-managed install_data
[10.849s] Level 1:colcon.colcon_core.environment:checking '/home/stepan/ws_ros2/install/offboard' for CMake config files
[10.850s] Level 1:colcon.colcon_core.shell:create_environment_hook('offboard', 'cmake_prefix_path')
[10.851s] INFO:colcon.colcon_core.shell:Creating environment hook '/home/stepan/ws_ros2/install/offboard/share/offboard/hook/cmake_prefix_path.ps1'
[10.852s] INFO:colcon.colcon_core.shell:Creating environment descriptor '/home/stepan/ws_ros2/install/offboard/share/offboard/hook/cmake_prefix_path.dsv'
[10.853s] INFO:colcon.colcon_core.shell:Creating environment hook '/home/stepan/ws_ros2/install/offboard/share/offboard/hook/cmake_prefix_path.sh'
[10.855s] Level 1:colcon.colcon_core.environment:checking '/home/stepan/ws_ros2/install/offboard/lib'
[10.855s] Level 1:colcon.colcon_core.environment:checking '/home/stepan/ws_ros2/install/offboard/bin'
[10.855s] Level 1:colcon.colcon_core.environment:checking '/home/stepan/ws_ros2/install/offboard/lib/pkgconfig/offboard.pc'
[10.855s] Level 1:colcon.colcon_core.environment:checking '/home/stepan/ws_ros2/install/offboard/lib/python3.10/site-packages'
[10.856s] Level 1:colcon.colcon_core.shell:create_environment_hook('offboard', 'pythonpath')
[10.856s] INFO:colcon.colcon_core.shell:Creating environment hook '/home/stepan/ws_ros2/install/offboard/share/offboard/hook/pythonpath.ps1'
[10.857s] INFO:colcon.colcon_core.shell:Creating environment descriptor '/home/stepan/ws_ros2/install/offboard/share/offboard/hook/pythonpath.dsv'
[10.858s] INFO:colcon.colcon_core.shell:Creating environment hook '/home/stepan/ws_ros2/install/offboard/share/offboard/hook/pythonpath.sh'
[10.861s] Level 1:colcon.colcon_core.environment:checking '/home/stepan/ws_ros2/install/offboard/bin'
[10.861s] Level 1:colcon.colcon_core.environment:create_environment_scripts_only(offboard)
[10.863s] INFO:colcon.colcon_core.shell:Creating package script '/home/stepan/ws_ros2/install/offboard/share/offboard/package.ps1'
[10.864s] INFO:colcon.colcon_core.shell:Creating package descriptor '/home/stepan/ws_ros2/install/offboard/share/offboard/package.dsv'
[10.866s] INFO:colcon.colcon_core.shell:Creating package script '/home/stepan/ws_ros2/install/offboard/share/offboard/package.sh'
[10.868s] INFO:colcon.colcon_core.shell:Creating package script '/home/stepan/ws_ros2/install/offboard/share/offboard/package.bash'
[10.869s] INFO:colcon.colcon_core.shell:Creating package script '/home/stepan/ws_ros2/install/offboard/share/offboard/package.zsh'
[10.870s] Level 1:colcon.colcon_core.environment:create_file_with_runtime_dependencies(/home/stepan/ws_ros2/install/offboard/share/colcon-core/packages/offboard)
[10.871s] DEBUG:colcon.colcon_parallel_executor.executor.parallel:closing loop
[10.871s] DEBUG:colcon.colcon_parallel_executor.executor.parallel:loop closed
[10.872s] DEBUG:colcon.colcon_parallel_executor.executor.parallel:run_until_complete finished with '0'
[10.872s] DEBUG:colcon.colcon_core.event_reactor:joining thread
[10.888s] INFO:colcon.colcon_core.plugin_system:Skipping extension 'colcon_notification.desktop_notification.terminal_notifier': Not used on non-Darwin systems
[10.889s] INFO:colcon.colcon_core.plugin_system:Skipping extension 'colcon_notification.desktop_notification.win32': Not used on non-Windows systems
[10.889s] INFO:colcon.colcon_notification.desktop_notification:Sending desktop notification using 'notify2'
[10.914s] DEBUG:colcon.colcon_core.event_reactor:joined thread
[10.915s] INFO:colcon.colcon_core.shell:Creating prefix script '/home/stepan/ws_ros2/install/local_setup.ps1'
[10.917s] INFO:colcon.colcon_core.shell:Creating prefix util module '/home/stepan/ws_ros2/install/_local_setup_util_ps1.py'
[10.924s] INFO:colcon.colcon_core.shell:Creating prefix chain script '/home/stepan/ws_ros2/install/setup.ps1'
[10.927s] INFO:colcon.colcon_core.shell:Creating prefix script '/home/stepan/ws_ros2/install/local_setup.sh'
[10.929s] INFO:colcon.colcon_core.shell:Creating prefix util module '/home/stepan/ws_ros2/install/_local_setup_util_sh.py'
[10.933s] INFO:colcon.colcon_core.shell:Creating prefix chain script '/home/stepan/ws_ros2/install/setup.sh'
[10.938s] INFO:colcon.colcon_core.shell:Creating prefix script '/home/stepan/ws_ros2/install/local_setup.bash'
[10.941s] INFO:colcon.colcon_core.shell:Creating prefix chain script '/home/stepan/ws_ros2/install/setup.bash'
[10.946s] INFO:colcon.colcon_core.shell:Creating prefix script '/home/stepan/ws_ros2/install/local_setup.zsh'
[10.950s] INFO:colcon.colcon_core.shell:Creating prefix chain script '/home/stepan/ws_ros2/install/setup.zsh'
