[2.384s] Invoking command in '/home/stepan/ws_ros2/src/offboard': CMAKE_PREFIX_PATH=/home/stepan/ws_ros2/install/px4_msgs:/home/stepan/ws_ros2/install/px4_ros_com:/home/stepan/ws_ros2/install/offboard LD_LIBRARY_PATH=/home/stepan/ws_ros2/install/px4_msgs/lib:/home/stepan/ws_ros2/install/px4_ros_com/lib:/opt/ros/humble/opt/rviz_ogre_vendor/lib:/opt/ros/humble/lib/x86_64-linux-gnu:/opt/ros/humble/lib PYTHONPATH=/home/stepan/ws_ros2/build/offboard/prefix_override:/usr/lib/python3/dist-packages/colcon_core/task/python/colcon_distutils_commands:/home/stepan/ws_ros2/install/offboard/lib/python3.10/site-packages:${PYTHONPATH} /usr/bin/python3 -W ignore:setup.py install is deprecated -W ignore:easy_install command is deprecated setup.py egg_info --egg-base ../../build/offboard build --build-base /home/stepan/ws_ros2/build/offboard/build install --record /home/stepan/ws_ros2/build/offboard/install.log --single-version-externally-managed install_data
[2.835s] /home/stepan/.local/lib/python3.10/site-packages/setuptools/_distutils/dist.py:289: UserWarning: Unknown distribution option: 'tests_require'
[2.836s]   warnings.warn(msg)
[3.010s] running egg_info
[3.036s] writing ../../build/offboard/offboard.egg-info/PKG-INFO
[3.037s] writing dependency_links to ../../build/offboard/offboard.egg-info/dependency_links.txt
[3.037s] writing entry points to ../../build/offboard/offboard.egg-info/entry_points.txt
[3.037s] writing requirements to ../../build/offboard/offboard.egg-info/requires.txt
[3.038s] writing top-level names to ../../build/offboard/offboard.egg-info/top_level.txt
[3.095s] reading manifest file '../../build/offboard/offboard.egg-info/SOURCES.txt'
[3.097s] writing manifest file '../../build/offboard/offboard.egg-info/SOURCES.txt'
[3.097s] running build
[3.097s] running build_py
[3.097s] copying offboard/__init__.py -> /home/stepan/ws_ros2/build/offboard/build/lib/offboard
[3.098s] copying offboard/letova_mise.py -> /home/stepan/ws_ros2/build/offboard/build/lib/offboard
[3.098s] copying offboard/offboard_mission.py -> /home/stepan/ws_ros2/build/offboard/build/lib/offboard
[3.098s] copying offboard/pristani.py -> /home/stepan/ws_ros2/build/offboard/build/lib/offboard
[3.099s] copying offboard/vzlet.py -> /home/stepan/ws_ros2/build/offboard/build/lib/offboard
[3.099s] copying offboard/dopredu.py -> /home/stepan/ws_ros2/build/offboard/build/lib/offboard
[3.099s] running install
[3.109s] running install_lib
[3.141s] copying /home/stepan/ws_ros2/build/offboard/build/lib/offboard/letova_mise.py -> /home/stepan/ws_ros2/install/offboard/lib/python3.10/site-packages/offboard
[3.141s] copying /home/stepan/ws_ros2/build/offboard/build/lib/offboard/pristani.py -> /home/stepan/ws_ros2/install/offboard/lib/python3.10/site-packages/offboard
[3.141s] copying /home/stepan/ws_ros2/build/offboard/build/lib/offboard/dopredu.py -> /home/stepan/ws_ros2/install/offboard/lib/python3.10/site-packages/offboard
[3.142s] byte-compiling /home/stepan/ws_ros2/install/offboard/lib/python3.10/site-packages/offboard/letova_mise.py to letova_mise.cpython-310.pyc
[3.143s] byte-compiling /home/stepan/ws_ros2/install/offboard/lib/python3.10/site-packages/offboard/pristani.py to pristani.cpython-310.pyc
[3.145s] byte-compiling /home/stepan/ws_ros2/install/offboard/lib/python3.10/site-packages/offboard/dopredu.py to dopredu.cpython-310.pyc
[3.146s] running install_data
[3.147s] copying resource/offboard -> /home/stepan/ws_ros2/install/offboard/share/ament_index/resource_index/packages
[3.147s] copying package.xml -> /home/stepan/ws_ros2/install/offboard/share/offboard
[3.147s] running install_egg_info
[3.186s] removing '/home/stepan/ws_ros2/install/offboard/lib/python3.10/site-packages/offboard-0.0.0-py3.10.egg-info' (and everything under it)
[3.187s] Copying ../../build/offboard/offboard.egg-info to /home/stepan/ws_ros2/install/offboard/lib/python3.10/site-packages/offboard-0.0.0-py3.10.egg-info
[3.188s] running install_scripts
[3.425s] Installing dopredu script to /home/stepan/ws_ros2/install/offboard/lib/offboard
[3.425s] Installing letova_mise script to /home/stepan/ws_ros2/install/offboard/lib/offboard
[3.425s] Installing offboard_mission script to /home/stepan/ws_ros2/install/offboard/lib/offboard
[3.426s] Installing pristani script to /home/stepan/ws_ros2/install/offboard/lib/offboard
[3.426s] Installing vzlet script to /home/stepan/ws_ros2/install/offboard/lib/offboard
[3.427s] writing list of installed files to '/home/stepan/ws_ros2/build/offboard/install.log'
[3.509s] Invoked command in '/home/stepan/ws_ros2/src/offboard' returned '0': CMAKE_PREFIX_PATH=/home/stepan/ws_ros2/install/px4_msgs:/home/stepan/ws_ros2/install/px4_ros_com:/home/stepan/ws_ros2/install/offboard LD_LIBRARY_PATH=/home/stepan/ws_ros2/install/px4_msgs/lib:/home/stepan/ws_ros2/install/px4_ros_com/lib:/opt/ros/humble/opt/rviz_ogre_vendor/lib:/opt/ros/humble/lib/x86_64-linux-gnu:/opt/ros/humble/lib PYTHONPATH=/home/stepan/ws_ros2/build/offboard/prefix_override:/usr/lib/python3/dist-packages/colcon_core/task/python/colcon_distutils_commands:/home/stepan/ws_ros2/install/offboard/lib/python3.10/site-packages:${PYTHONPATH} /usr/bin/python3 -W ignore:setup.py install is deprecated -W ignore:easy_install command is deprecated setup.py egg_info --egg-base ../../build/offboard build --build-base /home/stepan/ws_ros2/build/offboard/build install --record /home/stepan/ws_ros2/build/offboard/install.log --single-version-externally-managed install_data
