/home/stepan/ws_ros2/install/offboard/lib/python3.10/site-packages/offboard/__init__.py
/home/stepan/ws_ros2/install/offboard/lib/python3.10/site-packages/offboard/reset_offboard.py
/home/stepan/ws_ros2/install/offboard/lib/python3.10/site-packages/offboard/letova_mise.py
/home/stepan/ws_ros2/install/offboard/lib/python3.10/site-packages/offboard/offboard_mission.py
/home/stepan/ws_ros2/install/offboard/lib/python3.10/site-packages/offboard/pristani.py
/home/stepan/ws_ros2/install/offboard/lib/python3.10/site-packages/offboard/vzlet.py
/home/stepan/ws_ros2/install/offboard/lib/python3.10/site-packages/offboard/dopredu.py
/home/stepan/ws_ros2/install/offboard/lib/python3.10/site-packages/offboard/arm.py
/home/stepan/ws_ros2/install/offboard/lib/python3.10/site-packages/offboard/__pycache__/__init__.cpython-310.pyc
/home/stepan/ws_ros2/install/offboard/lib/python3.10/site-packages/offboard/__pycache__/reset_offboard.cpython-310.pyc
/home/stepan/ws_ros2/install/offboard/lib/python3.10/site-packages/offboard/__pycache__/letova_mise.cpython-310.pyc
/home/stepan/ws_ros2/install/offboard/lib/python3.10/site-packages/offboard/__pycache__/offboard_mission.cpython-310.pyc
/home/stepan/ws_ros2/install/offboard/lib/python3.10/site-packages/offboard/__pycache__/pristani.cpython-310.pyc
/home/stepan/ws_ros2/install/offboard/lib/python3.10/site-packages/offboard/__pycache__/vzlet.cpython-310.pyc
/home/stepan/ws_ros2/install/offboard/lib/python3.10/site-packages/offboard/__pycache__/dopredu.cpython-310.pyc
/home/stepan/ws_ros2/install/offboard/lib/python3.10/site-packages/offboard/__pycache__/arm.cpython-310.pyc
/home/stepan/ws_ros2/install/offboard/share/ament_index/resource_index/packages/offboard
/home/stepan/ws_ros2/install/offboard/share/offboard/package.xml
/home/stepan/ws_ros2/install/offboard/lib/python3.10/site-packages/offboard-0.0.0-py3.10.egg-info/top_level.txt
/home/stepan/ws_ros2/install/offboard/lib/python3.10/site-packages/offboard-0.0.0-py3.10.egg-info/PKG-INFO
/home/stepan/ws_ros2/install/offboard/lib/python3.10/site-packages/offboard-0.0.0-py3.10.egg-info/dependency_links.txt
/home/stepan/ws_ros2/install/offboard/lib/python3.10/site-packages/offboard-0.0.0-py3.10.egg-info/entry_points.txt
/home/stepan/ws_ros2/install/offboard/lib/python3.10/site-packages/offboard-0.0.0-py3.10.egg-info/SOURCES.txt
/home/stepan/ws_ros2/install/offboard/lib/python3.10/site-packages/offboard-0.0.0-py3.10.egg-info/zip-safe
/home/stepan/ws_ros2/install/offboard/lib/python3.10/site-packages/offboard-0.0.0-py3.10.egg-info/requires.txt
/home/stepan/ws_ros2/install/offboard/lib/offboard/arm
/home/stepan/ws_ros2/install/offboard/lib/offboard/dopredu
/home/stepan/ws_ros2/install/offboard/lib/offboard/letova_mise
/home/stepan/ws_ros2/install/offboard/lib/offboard/offboard_mission
/home/stepan/ws_ros2/install/offboard/lib/offboard/pristani
/home/stepan/ws_ros2/install/offboard/lib/offboard/reset_offboard
/home/stepan/ws_ros2/install/offboard/lib/offboard/vzlet
