[2.274s] Invoking command in '/home/stepan/ws_ros2/src/offboard': CMAKE_PREFIX_PATH=/home/stepan/ws_ros2/install/px4_msgs:/home/stepan/ws_ros2/install/px4_ros_com:/home/stepan/ws_ros2/install/offboard LD_LIBRARY_PATH=/home/stepan/ws_ros2/install/px4_msgs/lib:/home/stepan/ws_ros2/install/px4_ros_com/lib:/opt/ros/humble/opt/rviz_ogre_vendor/lib:/opt/ros/humble/lib/x86_64-linux-gnu:/opt/ros/humble/lib PYTHONPATH=/home/stepan/ws_ros2/build/offboard/prefix_override:/usr/lib/python3/dist-packages/colcon_core/task/python/colcon_distutils_commands:/home/stepan/ws_ros2/install/offboard/lib/python3.10/site-packages:${PYTHONPATH} /usr/bin/python3 -W ignore:setup.py install is deprecated -W ignore:easy_install command is deprecated setup.py egg_info --egg-base ../../build/offboard build --build-base /home/stepan/ws_ros2/build/offboard/build install --record /home/stepan/ws_ros2/build/offboard/install.log --single-version-externally-managed install_data
[2.804s] /home/stepan/.local/lib/python3.10/site-packages/setuptools/_distutils/dist.py:289: UserWarning: Unknown distribution option: 'tests_require'
[2.805s]   warnings.warn(msg)
[3.197s] running egg_info
[3.270s] writing ../../build/offboard/offboard.egg-info/PKG-INFO
[3.272s] writing dependency_links to ../../build/offboard/offboard.egg-info/dependency_links.txt
[3.273s] writing entry points to ../../build/offboard/offboard.egg-info/entry_points.txt
[3.275s] writing requirements to ../../build/offboard/offboard.egg-info/requires.txt
[3.275s] writing top-level names to ../../build/offboard/offboard.egg-info/top_level.txt
[3.396s] reading manifest file '../../build/offboard/offboard.egg-info/SOURCES.txt'
[3.402s] writing manifest file '../../build/offboard/offboard.egg-info/SOURCES.txt'
[3.403s] running build
[3.403s] running build_py
[3.404s] copying offboard/__init__.py -> /home/stepan/ws_ros2/build/offboard/build/lib/offboard
[3.405s] copying offboard/letova_mise.py -> /home/stepan/ws_ros2/build/offboard/build/lib/offboard
[3.406s] copying offboard/offboard_mission.py -> /home/stepan/ws_ros2/build/offboard/build/lib/offboard
[3.407s] copying offboard/vzlet.py -> /home/stepan/ws_ros2/build/offboard/build/lib/offboard
[3.408s] copying offboard/dopredu.py -> /home/stepan/ws_ros2/build/offboard/build/lib/offboard
[3.409s] running install
[3.425s] running install_lib
[3.483s] copying /home/stepan/ws_ros2/build/offboard/build/lib/offboard/letova_mise.py -> /home/stepan/ws_ros2/install/offboard/lib/python3.10/site-packages/offboard
[3.485s] byte-compiling /home/stepan/ws_ros2/install/offboard/lib/python3.10/site-packages/offboard/letova_mise.py to letova_mise.cpython-310.pyc
[3.487s] running install_data
[3.489s] copying resource/offboard -> /home/stepan/ws_ros2/install/offboard/share/ament_index/resource_index/packages
[3.490s] copying package.xml -> /home/stepan/ws_ros2/install/offboard/share/offboard
[3.490s] running install_egg_info
[3.549s] removing '/home/stepan/ws_ros2/install/offboard/lib/python3.10/site-packages/offboard-0.0.0-py3.10.egg-info' (and everything under it)
[3.550s] Copying ../../build/offboard/offboard.egg-info to /home/stepan/ws_ros2/install/offboard/lib/python3.10/site-packages/offboard-0.0.0-py3.10.egg-info
[3.552s] running install_scripts
[4.015s] Installing dopredu script to /home/stepan/ws_ros2/install/offboard/lib/offboard
[4.015s] Installing letova_mise script to /home/stepan/ws_ros2/install/offboard/lib/offboard
[4.016s] Installing offboard_mission script to /home/stepan/ws_ros2/install/offboard/lib/offboard
[4.017s] Installing vzlet script to /home/stepan/ws_ros2/install/offboard/lib/offboard
[4.018s] writing list of installed files to '/home/stepan/ws_ros2/build/offboard/install.log'
[4.119s] Invoked command in '/home/stepan/ws_ros2/src/offboard' returned '0': CMAKE_PREFIX_PATH=/home/stepan/ws_ros2/install/px4_msgs:/home/stepan/ws_ros2/install/px4_ros_com:/home/stepan/ws_ros2/install/offboard LD_LIBRARY_PATH=/home/stepan/ws_ros2/install/px4_msgs/lib:/home/stepan/ws_ros2/install/px4_ros_com/lib:/opt/ros/humble/opt/rviz_ogre_vendor/lib:/opt/ros/humble/lib/x86_64-linux-gnu:/opt/ros/humble/lib PYTHONPATH=/home/stepan/ws_ros2/build/offboard/prefix_override:/usr/lib/python3/dist-packages/colcon_core/task/python/colcon_distutils_commands:/home/stepan/ws_ros2/install/offboard/lib/python3.10/site-packages:${PYTHONPATH} /usr/bin/python3 -W ignore:setup.py install is deprecated -W ignore:easy_install command is deprecated setup.py egg_info --egg-base ../../build/offboard build --build-base /home/stepan/ws_ros2/build/offboard/build install --record /home/stepan/ws_ros2/build/offboard/install.log --single-version-externally-managed install_data
