[0.125s] DEBUG:colcon:Command line arguments: ['/usr/bin/colcon', 'build']
[0.125s] DEBUG:colcon:Parsed command line arguments: Namespace(log_base=None, log_level=None, verb_name='build', build_base='build', install_base='install', merge_install=False, symlink_install=False, test_result_base=None, continue_on_error=False, executor='parallel', parallel_workers=8, event_handlers=None, ignore_user_meta=False, metas=['./colcon.meta'], base_paths=['.'], packages_ignore=None, packages_ignore_regex=None, paths=None, packages_up_to=None, packages_up_to_regex=None, packages_above=None, packages_above_and_dependencies=None, packages_above_depth=None, packages_select_by_dep=None, packages_skip_by_dep=None, packages_skip_up_to=None, packages_select_build_failed=False, packages_skip_build_finished=False, packages_select_test_failures=False, packages_skip_test_passed=False, packages_select=None, packages_skip=None, packages_select_regex=None, packages_skip_regex=None, packages_start=None, packages_end=None, allow_overriding=[], cmake_args=None, cmake_target=None, cmake_target_skip_unavailable=False, cmake_clean_cache=False, cmake_clean_first=False, cmake_force_configure=False, ament_cmake_args=None, catkin_cmake_args=None, catkin_skip_building_tests=False, mixin_files=None, mixin=None, verb_parser=<colcon_mixin.mixin.mixin_argument.MixinArgumentDecorator object at 0x7c95f0457790>, verb_extension=<colcon_core.verb.build.BuildVerb object at 0x7c95f0418d60>, main=<bound method BuildVerb.main of <colcon_core.verb.build.BuildVerb object at 0x7c95f0418d60>>, mixin_verb=('build',))
[0.170s] Level 1:colcon.colcon_core.package_discovery:discover_packages(colcon_meta) check parameters
[0.170s] Level 1:colcon.colcon_core.package_discovery:discover_packages(recursive) check parameters
[0.170s] Level 1:colcon.colcon_core.package_discovery:discover_packages(ignore) check parameters
[0.170s] Level 1:colcon.colcon_core.package_discovery:discover_packages(path) check parameters
[0.170s] Level 1:colcon.colcon_core.package_discovery:discover_packages(colcon_meta) discover
[0.170s] Level 1:colcon.colcon_core.package_discovery:discover_packages(recursive) discover
[0.170s] INFO:colcon.colcon_core.package_discovery:Crawling recursively for packages in '/home/stepan/ws_ros2'
[0.171s] Level 1:colcon.colcon_core.package_identification:_identify(.) by extensions ['ignore', 'ignore_ament_install']
[0.171s] Level 1:colcon.colcon_core.package_identification:_identify(.) by extension 'ignore'
[0.171s] Level 1:colcon.colcon_core.package_identification:_identify(.) by extension 'ignore_ament_install'
[0.171s] Level 1:colcon.colcon_core.package_identification:_identify(.) by extensions ['colcon_pkg']
[0.171s] Level 1:colcon.colcon_core.package_identification:_identify(.) by extension 'colcon_pkg'
[0.171s] Level 1:colcon.colcon_core.package_identification:_identify(.) by extensions ['colcon_meta']
[0.171s] Level 1:colcon.colcon_core.package_identification:_identify(.) by extension 'colcon_meta'
[0.171s] Level 1:colcon.colcon_core.package_identification:_identify(.) by extensions ['ros']
[0.171s] Level 1:colcon.colcon_core.package_identification:_identify(.) by extension 'ros'
[0.188s] Level 1:colcon.colcon_core.package_identification:_identify(.) by extensions ['cmake', 'python']
[0.188s] Level 1:colcon.colcon_core.package_identification:_identify(.) by extension 'cmake'
[0.188s] Level 1:colcon.colcon_core.package_identification:_identify(.) by extension 'python'
[0.188s] Level 1:colcon.colcon_core.package_identification:_identify(.) by extensions ['python_setup_py']
[0.188s] Level 1:colcon.colcon_core.package_identification:_identify(.) by extension 'python_setup_py'
[0.189s] Level 1:colcon.colcon_core.package_identification:_identify(build) by extensions ['ignore', 'ignore_ament_install']
[0.189s] Level 1:colcon.colcon_core.package_identification:_identify(build) by extension 'ignore'
[0.189s] Level 1:colcon.colcon_core.package_identification:_identify(build) ignored
[0.189s] Level 1:colcon.colcon_core.package_identification:_identify(install) by extensions ['ignore', 'ignore_ament_install']
[0.189s] Level 1:colcon.colcon_core.package_identification:_identify(install) by extension 'ignore'
[0.189s] Level 1:colcon.colcon_core.package_identification:_identify(install) ignored
[0.189s] Level 1:colcon.colcon_core.package_identification:_identify(log) by extensions ['ignore', 'ignore_ament_install']
[0.189s] Level 1:colcon.colcon_core.package_identification:_identify(log) by extension 'ignore'
[0.189s] Level 1:colcon.colcon_core.package_identification:_identify(log) ignored
[0.189s] Level 1:colcon.colcon_core.package_identification:_identify(src) by extensions ['ignore', 'ignore_ament_install']
[0.189s] Level 1:colcon.colcon_core.package_identification:_identify(src) by extension 'ignore'
[0.189s] Level 1:colcon.colcon_core.package_identification:_identify(src) by extension 'ignore_ament_install'
[0.189s] Level 1:colcon.colcon_core.package_identification:_identify(src) by extensions ['colcon_pkg']
[0.189s] Level 1:colcon.colcon_core.package_identification:_identify(src) by extension 'colcon_pkg'
[0.190s] Level 1:colcon.colcon_core.package_identification:_identify(src) by extensions ['colcon_meta']
[0.190s] Level 1:colcon.colcon_core.package_identification:_identify(src) by extension 'colcon_meta'
[0.190s] Level 1:colcon.colcon_core.package_identification:_identify(src) by extensions ['ros']
[0.190s] Level 1:colcon.colcon_core.package_identification:_identify(src) by extension 'ros'
[0.190s] Level 1:colcon.colcon_core.package_identification:_identify(src) by extensions ['cmake', 'python']
[0.190s] Level 1:colcon.colcon_core.package_identification:_identify(src) by extension 'cmake'
[0.190s] Level 1:colcon.colcon_core.package_identification:_identify(src) by extension 'python'
[0.190s] Level 1:colcon.colcon_core.package_identification:_identify(src) by extensions ['python_setup_py']
[0.190s] Level 1:colcon.colcon_core.package_identification:_identify(src) by extension 'python_setup_py'
[0.190s] Level 1:colcon.colcon_core.package_identification:_identify(src/offboard) by extensions ['ignore', 'ignore_ament_install']
[0.190s] Level 1:colcon.colcon_core.package_identification:_identify(src/offboard) by extension 'ignore'
[0.190s] Level 1:colcon.colcon_core.package_identification:_identify(src/offboard) by extension 'ignore_ament_install'
[0.190s] Level 1:colcon.colcon_core.package_identification:_identify(src/offboard) by extensions ['colcon_pkg']
[0.190s] Level 1:colcon.colcon_core.package_identification:_identify(src/offboard) by extension 'colcon_pkg'
[0.190s] Level 1:colcon.colcon_core.package_identification:_identify(src/offboard) by extensions ['colcon_meta']
[0.190s] Level 1:colcon.colcon_core.package_identification:_identify(src/offboard) by extension 'colcon_meta'
[0.190s] Level 1:colcon.colcon_core.package_identification:_identify(src/offboard) by extensions ['ros']
[0.190s] Level 1:colcon.colcon_core.package_identification:_identify(src/offboard) by extension 'ros'
[0.193s] DEBUG:colcon.colcon_core.package_identification:Package 'src/offboard' with type 'ros.ament_python' and name 'offboard'
[0.194s] Level 1:colcon.colcon_core.package_identification:_identify(src/px4_msgs) by extensions ['ignore', 'ignore_ament_install']
[0.194s] Level 1:colcon.colcon_core.package_identification:_identify(src/px4_msgs) by extension 'ignore'
[0.194s] Level 1:colcon.colcon_core.package_identification:_identify(src/px4_msgs) by extension 'ignore_ament_install'
[0.194s] Level 1:colcon.colcon_core.package_identification:_identify(src/px4_msgs) by extensions ['colcon_pkg']
[0.194s] Level 1:colcon.colcon_core.package_identification:_identify(src/px4_msgs) by extension 'colcon_pkg'
[0.194s] Level 1:colcon.colcon_core.package_identification:_identify(src/px4_msgs) by extensions ['colcon_meta']
[0.194s] Level 1:colcon.colcon_core.package_identification:_identify(src/px4_msgs) by extension 'colcon_meta'
[0.194s] Level 1:colcon.colcon_core.package_identification:_identify(src/px4_msgs) by extensions ['ros']
[0.194s] Level 1:colcon.colcon_core.package_identification:_identify(src/px4_msgs) by extension 'ros'
[0.195s] DEBUG:colcon.colcon_core.package_identification:Package 'src/px4_msgs' with type 'ros.ament_cmake' and name 'px4_msgs'
[0.195s] Level 1:colcon.colcon_core.package_identification:_identify(src/px4_ros_com) by extensions ['ignore', 'ignore_ament_install']
[0.195s] Level 1:colcon.colcon_core.package_identification:_identify(src/px4_ros_com) by extension 'ignore'
[0.195s] Level 1:colcon.colcon_core.package_identification:_identify(src/px4_ros_com) by extension 'ignore_ament_install'
[0.195s] Level 1:colcon.colcon_core.package_identification:_identify(src/px4_ros_com) by extensions ['colcon_pkg']
[0.195s] Level 1:colcon.colcon_core.package_identification:_identify(src/px4_ros_com) by extension 'colcon_pkg'
[0.195s] Level 1:colcon.colcon_core.package_identification:_identify(src/px4_ros_com) by extensions ['colcon_meta']
[0.195s] Level 1:colcon.colcon_core.package_identification:_identify(src/px4_ros_com) by extension 'colcon_meta'
[0.195s] Level 1:colcon.colcon_core.package_identification:_identify(src/px4_ros_com) by extensions ['ros']
[0.195s] Level 1:colcon.colcon_core.package_identification:_identify(src/px4_ros_com) by extension 'ros'
[0.197s] DEBUG:colcon.colcon_core.package_identification:Package 'src/px4_ros_com' with type 'ros.ament_cmake' and name 'px4_ros_com'
[0.197s] Level 1:colcon.colcon_core.package_discovery:discover_packages(recursive) using defaults
[0.197s] Level 1:colcon.colcon_core.package_discovery:discover_packages(ignore) discover
[0.197s] Level 1:colcon.colcon_core.package_discovery:discover_packages(ignore) using defaults
[0.197s] Level 1:colcon.colcon_core.package_discovery:discover_packages(path) discover
[0.197s] Level 1:colcon.colcon_core.package_discovery:discover_packages(path) using defaults
[0.220s] Level 1:colcon.colcon_core.package_discovery:discover_packages(prefix_path) check parameters
[0.220s] Level 1:colcon.colcon_core.package_discovery:discover_packages(prefix_path) discover
[0.222s] DEBUG:colcon.colcon_installed_package_information.package_discovery:Found 3 installed packages in /home/stepan/ws_ros2/install
[0.223s] DEBUG:colcon.colcon_installed_package_information.package_discovery:Found 271 installed packages in /opt/ros/humble
[0.225s] Level 1:colcon.colcon_core.package_discovery:discover_packages(prefix_path) using defaults
[0.266s] Level 5:colcon.colcon_core.verb:set package 'px4_msgs' build argument 'cmake_args' from command line to 'None'
[0.267s] Level 5:colcon.colcon_core.verb:set package 'px4_msgs' build argument 'cmake_target' from command line to 'None'
[0.267s] Level 5:colcon.colcon_core.verb:set package 'px4_msgs' build argument 'cmake_target_skip_unavailable' from command line to 'False'
[0.267s] Level 5:colcon.colcon_core.verb:set package 'px4_msgs' build argument 'cmake_clean_cache' from command line to 'False'
[0.267s] Level 5:colcon.colcon_core.verb:set package 'px4_msgs' build argument 'cmake_clean_first' from command line to 'False'
[0.267s] Level 5:colcon.colcon_core.verb:set package 'px4_msgs' build argument 'cmake_force_configure' from command line to 'False'
[0.267s] Level 5:colcon.colcon_core.verb:set package 'px4_msgs' build argument 'ament_cmake_args' from command line to 'None'
[0.267s] Level 5:colcon.colcon_core.verb:set package 'px4_msgs' build argument 'catkin_cmake_args' from command line to 'None'
[0.267s] Level 5:colcon.colcon_core.verb:set package 'px4_msgs' build argument 'catkin_skip_building_tests' from command line to 'False'
[0.267s] DEBUG:colcon.colcon_core.verb:Building package 'px4_msgs' with the following arguments: {'ament_cmake_args': None, 'build_base': '/home/stepan/ws_ros2/build/px4_msgs', 'catkin_cmake_args': None, 'catkin_skip_building_tests': False, 'cmake_args': None, 'cmake_clean_cache': False, 'cmake_clean_first': False, 'cmake_force_configure': False, 'cmake_target': None, 'cmake_target_skip_unavailable': False, 'install_base': '/home/stepan/ws_ros2/install/px4_msgs', 'merge_install': False, 'path': '/home/stepan/ws_ros2/src/px4_msgs', 'symlink_install': False, 'test_result_base': None}
[0.267s] Level 5:colcon.colcon_core.verb:set package 'offboard' build argument 'cmake_args' from command line to 'None'
[0.268s] Level 5:colcon.colcon_core.verb:set package 'offboard' build argument 'cmake_target' from command line to 'None'
[0.268s] Level 5:colcon.colcon_core.verb:set package 'offboard' build argument 'cmake_target_skip_unavailable' from command line to 'False'
[0.268s] Level 5:colcon.colcon_core.verb:set package 'offboard' build argument 'cmake_clean_cache' from command line to 'False'
[0.268s] Level 5:colcon.colcon_core.verb:set package 'offboard' build argument 'cmake_clean_first' from command line to 'False'
[0.268s] Level 5:colcon.colcon_core.verb:set package 'offboard' build argument 'cmake_force_configure' from command line to 'False'
[0.268s] Level 5:colcon.colcon_core.verb:set package 'offboard' build argument 'ament_cmake_args' from command line to 'None'
[0.268s] Level 5:colcon.colcon_core.verb:set package 'offboard' build argument 'catkin_cmake_args' from command line to 'None'
[0.268s] Level 5:colcon.colcon_core.verb:set package 'offboard' build argument 'catkin_skip_building_tests' from command line to 'False'
[0.268s] DEBUG:colcon.colcon_core.verb:Building package 'offboard' with the following arguments: {'ament_cmake_args': None, 'build_base': '/home/stepan/ws_ros2/build/offboard', 'catkin_cmake_args': None, 'catkin_skip_building_tests': False, 'cmake_args': None, 'cmake_clean_cache': False, 'cmake_clean_first': False, 'cmake_force_configure': False, 'cmake_target': None, 'cmake_target_skip_unavailable': False, 'install_base': '/home/stepan/ws_ros2/install/offboard', 'merge_install': False, 'path': '/home/stepan/ws_ros2/src/offboard', 'symlink_install': False, 'test_result_base': None}
[0.268s] Level 5:colcon.colcon_core.verb:set package 'px4_ros_com' build argument 'cmake_args' from command line to 'None'
[0.268s] Level 5:colcon.colcon_core.verb:set package 'px4_ros_com' build argument 'cmake_target' from command line to 'None'
[0.268s] Level 5:colcon.colcon_core.verb:set package 'px4_ros_com' build argument 'cmake_target_skip_unavailable' from command line to 'False'
[0.268s] Level 5:colcon.colcon_core.verb:set package 'px4_ros_com' build argument 'cmake_clean_cache' from command line to 'False'
[0.268s] Level 5:colcon.colcon_core.verb:set package 'px4_ros_com' build argument 'cmake_clean_first' from command line to 'False'
[0.268s] Level 5:colcon.colcon_core.verb:set package 'px4_ros_com' build argument 'cmake_force_configure' from command line to 'False'
[0.268s] Level 5:colcon.colcon_core.verb:set package 'px4_ros_com' build argument 'ament_cmake_args' from command line to 'None'
[0.268s] Level 5:colcon.colcon_core.verb:set package 'px4_ros_com' build argument 'catkin_cmake_args' from command line to 'None'
[0.268s] Level 5:colcon.colcon_core.verb:set package 'px4_ros_com' build argument 'catkin_skip_building_tests' from command line to 'False'
[0.268s] DEBUG:colcon.colcon_core.verb:Building package 'px4_ros_com' with the following arguments: {'ament_cmake_args': None, 'build_base': '/home/stepan/ws_ros2/build/px4_ros_com', 'catkin_cmake_args': None, 'catkin_skip_building_tests': False, 'cmake_args': None, 'cmake_clean_cache': False, 'cmake_clean_first': False, 'cmake_force_configure': False, 'cmake_target': None, 'cmake_target_skip_unavailable': False, 'install_base': '/home/stepan/ws_ros2/install/px4_ros_com', 'merge_install': False, 'path': '/home/stepan/ws_ros2/src/px4_ros_com', 'symlink_install': False, 'test_result_base': None}
[0.268s] INFO:colcon.colcon_core.executor:Executing jobs using 'parallel' executor
[0.270s] DEBUG:colcon.colcon_parallel_executor.executor.parallel:run_until_complete
[0.270s] INFO:colcon.colcon_ros.task.ament_cmake.build:Building ROS package in '/home/stepan/ws_ros2/src/px4_msgs' with build type 'ament_cmake'
[0.270s] INFO:colcon.colcon_cmake.task.cmake.build:Building CMake package in '/home/stepan/ws_ros2/src/px4_msgs'
[0.273s] INFO:colcon.colcon_core.plugin_system:Skipping extension 'colcon_core.shell.bat': Not used on non-Windows systems
[0.274s] INFO:colcon.colcon_core.shell:Skip shell extension 'powershell' for command environment: Not usable outside of PowerShell
[0.274s] DEBUG:colcon.colcon_core.shell:Skip shell extension 'dsv' for command environment
[0.289s] DEBUG:colcon.colcon_core.event_handler.log_command:Invoking command in '/home/stepan/ws_ros2/build/px4_msgs': CMAKE_PREFIX_PATH=${CMAKE_PREFIX_PATH}:/opt/ros/humble /usr/bin/cmake --build /home/stepan/ws_ros2/build/px4_msgs -- -j8 -l8
[1.722s] DEBUG:colcon.colcon_core.event_handler.log_command:Invoked command in '/home/stepan/ws_ros2/build/px4_msgs' returned '0': CMAKE_PREFIX_PATH=${CMAKE_PREFIX_PATH}:/opt/ros/humble /usr/bin/cmake --build /home/stepan/ws_ros2/build/px4_msgs -- -j8 -l8
[1.732s] DEBUG:colcon.colcon_core.event_handler.log_command:Invoking command in '/home/stepan/ws_ros2/build/px4_msgs': CMAKE_PREFIX_PATH=${CMAKE_PREFIX_PATH}:/opt/ros/humble /usr/bin/cmake --install /home/stepan/ws_ros2/build/px4_msgs
[2.105s] Level 1:colcon.colcon_core.environment:create_environment_scripts_only(px4_msgs)
[2.106s] DEBUG:colcon.colcon_core.event_handler.log_command:Invoked command in '/home/stepan/ws_ros2/build/px4_msgs' returned '0': CMAKE_PREFIX_PATH=${CMAKE_PREFIX_PATH}:/opt/ros/humble /usr/bin/cmake --install /home/stepan/ws_ros2/build/px4_msgs
[2.108s] Level 1:colcon.colcon_core.environment:checking '/home/stepan/ws_ros2/install/px4_msgs' for CMake module files
[2.109s] Level 1:colcon.colcon_core.environment:checking '/home/stepan/ws_ros2/install/px4_msgs' for CMake config files
[2.109s] Level 1:colcon.colcon_core.shell:create_environment_hook('px4_msgs', 'cmake_prefix_path')
[2.110s] INFO:colcon.colcon_core.shell:Creating environment hook '/home/stepan/ws_ros2/install/px4_msgs/share/px4_msgs/hook/cmake_prefix_path.ps1'
[2.111s] INFO:colcon.colcon_core.shell:Creating environment descriptor '/home/stepan/ws_ros2/install/px4_msgs/share/px4_msgs/hook/cmake_prefix_path.dsv'
[2.111s] INFO:colcon.colcon_core.shell:Creating environment hook '/home/stepan/ws_ros2/install/px4_msgs/share/px4_msgs/hook/cmake_prefix_path.sh'
[2.112s] Level 1:colcon.colcon_core.environment:checking '/home/stepan/ws_ros2/install/px4_msgs/lib'
[2.112s] Level 1:colcon.colcon_core.shell:create_environment_hook('px4_msgs', 'ld_library_path_lib')
[2.112s] INFO:colcon.colcon_core.shell:Creating environment hook '/home/stepan/ws_ros2/install/px4_msgs/share/px4_msgs/hook/ld_library_path_lib.ps1'
[2.113s] INFO:colcon.colcon_core.shell:Creating environment descriptor '/home/stepan/ws_ros2/install/px4_msgs/share/px4_msgs/hook/ld_library_path_lib.dsv'
[2.113s] INFO:colcon.colcon_core.shell:Creating environment hook '/home/stepan/ws_ros2/install/px4_msgs/share/px4_msgs/hook/ld_library_path_lib.sh'
[2.113s] Level 1:colcon.colcon_core.environment:checking '/home/stepan/ws_ros2/install/px4_msgs/bin'
[2.113s] Level 1:colcon.colcon_core.environment:checking '/home/stepan/ws_ros2/install/px4_msgs/lib/pkgconfig/px4_msgs.pc'
[2.114s] Level 1:colcon.colcon_core.environment:checking '/home/stepan/ws_ros2/install/px4_msgs/lib/python3.10/site-packages'
[2.114s] Level 1:colcon.colcon_core.environment:checking '/home/stepan/ws_ros2/install/px4_msgs/bin'
[2.114s] INFO:colcon.colcon_core.shell:Creating package script '/home/stepan/ws_ros2/install/px4_msgs/share/px4_msgs/package.ps1'
[2.115s] INFO:colcon.colcon_core.shell:Creating package descriptor '/home/stepan/ws_ros2/install/px4_msgs/share/px4_msgs/package.dsv'
[2.116s] INFO:colcon.colcon_core.shell:Creating package script '/home/stepan/ws_ros2/install/px4_msgs/share/px4_msgs/package.sh'
[2.116s] INFO:colcon.colcon_core.shell:Creating package script '/home/stepan/ws_ros2/install/px4_msgs/share/px4_msgs/package.bash'
[2.117s] INFO:colcon.colcon_core.shell:Creating package script '/home/stepan/ws_ros2/install/px4_msgs/share/px4_msgs/package.zsh'
[2.128s] Level 1:colcon.colcon_core.environment:create_file_with_runtime_dependencies(/home/stepan/ws_ros2/install/px4_msgs/share/colcon-core/packages/px4_msgs)
[2.129s] Level 1:colcon.colcon_core.environment:create_environment_scripts_only(px4_msgs)
[2.129s] Level 1:colcon.colcon_core.environment:checking '/home/stepan/ws_ros2/install/px4_msgs' for CMake module files
[2.130s] Level 1:colcon.colcon_core.environment:checking '/home/stepan/ws_ros2/install/px4_msgs' for CMake config files
[2.131s] Level 1:colcon.colcon_core.shell:create_environment_hook('px4_msgs', 'cmake_prefix_path')
[2.131s] INFO:colcon.colcon_core.shell:Creating environment hook '/home/stepan/ws_ros2/install/px4_msgs/share/px4_msgs/hook/cmake_prefix_path.ps1'
[2.131s] INFO:colcon.colcon_core.shell:Creating environment descriptor '/home/stepan/ws_ros2/install/px4_msgs/share/px4_msgs/hook/cmake_prefix_path.dsv'
[2.132s] INFO:colcon.colcon_core.shell:Creating environment hook '/home/stepan/ws_ros2/install/px4_msgs/share/px4_msgs/hook/cmake_prefix_path.sh'
[2.132s] Level 1:colcon.colcon_core.environment:checking '/home/stepan/ws_ros2/install/px4_msgs/lib'
[2.132s] Level 1:colcon.colcon_core.shell:create_environment_hook('px4_msgs', 'ld_library_path_lib')
[2.133s] INFO:colcon.colcon_core.shell:Creating environment hook '/home/stepan/ws_ros2/install/px4_msgs/share/px4_msgs/hook/ld_library_path_lib.ps1'
[2.133s] INFO:colcon.colcon_core.shell:Creating environment descriptor '/home/stepan/ws_ros2/install/px4_msgs/share/px4_msgs/hook/ld_library_path_lib.dsv'
[2.133s] INFO:colcon.colcon_core.shell:Creating environment hook '/home/stepan/ws_ros2/install/px4_msgs/share/px4_msgs/hook/ld_library_path_lib.sh'
[2.134s] Level 1:colcon.colcon_core.environment:checking '/home/stepan/ws_ros2/install/px4_msgs/bin'
[2.134s] Level 1:colcon.colcon_core.environment:checking '/home/stepan/ws_ros2/install/px4_msgs/lib/pkgconfig/px4_msgs.pc'
[2.134s] Level 1:colcon.colcon_core.environment:checking '/home/stepan/ws_ros2/install/px4_msgs/lib/python3.10/site-packages'
[2.134s] Level 1:colcon.colcon_core.environment:checking '/home/stepan/ws_ros2/install/px4_msgs/bin'
[2.135s] INFO:colcon.colcon_core.shell:Creating package script '/home/stepan/ws_ros2/install/px4_msgs/share/px4_msgs/package.ps1'
[2.135s] INFO:colcon.colcon_core.shell:Creating package descriptor '/home/stepan/ws_ros2/install/px4_msgs/share/px4_msgs/package.dsv'
[2.136s] INFO:colcon.colcon_core.shell:Creating package script '/home/stepan/ws_ros2/install/px4_msgs/share/px4_msgs/package.sh'
[2.136s] INFO:colcon.colcon_core.shell:Creating package script '/home/stepan/ws_ros2/install/px4_msgs/share/px4_msgs/package.bash'
[2.137s] INFO:colcon.colcon_core.shell:Creating package script '/home/stepan/ws_ros2/install/px4_msgs/share/px4_msgs/package.zsh'
[2.137s] Level 1:colcon.colcon_core.environment:create_file_with_runtime_dependencies(/home/stepan/ws_ros2/install/px4_msgs/share/colcon-core/packages/px4_msgs)
[2.137s] INFO:colcon.colcon_ros.task.ament_python.build:Building ROS package in '/home/stepan/ws_ros2/src/offboard' with build type 'ament_python'
[2.138s] Level 1:colcon.colcon_core.shell:create_environment_hook('offboard', 'ament_prefix_path')
[2.138s] INFO:colcon.colcon_core.shell:Creating environment hook '/home/stepan/ws_ros2/install/offboard/share/offboard/hook/ament_prefix_path.ps1'
[2.139s] INFO:colcon.colcon_core.shell:Creating environment descriptor '/home/stepan/ws_ros2/install/offboard/share/offboard/hook/ament_prefix_path.dsv'
[2.139s] INFO:colcon.colcon_core.shell:Creating environment hook '/home/stepan/ws_ros2/install/offboard/share/offboard/hook/ament_prefix_path.sh'
[2.140s] INFO:colcon.colcon_core.shell:Skip shell extension 'powershell' for command environment: Not usable outside of PowerShell
[2.140s] DEBUG:colcon.colcon_core.shell:Skip shell extension 'dsv' for command environment
[2.143s] INFO:colcon.colcon_ros.task.ament_cmake.build:Building ROS package in '/home/stepan/ws_ros2/src/px4_ros_com' with build type 'ament_cmake'
[2.143s] INFO:colcon.colcon_cmake.task.cmake.build:Building CMake package in '/home/stepan/ws_ros2/src/px4_ros_com'
[2.143s] INFO:colcon.colcon_core.shell:Skip shell extension 'powershell' for command environment: Not usable outside of PowerShell
[2.143s] DEBUG:colcon.colcon_core.shell:Skip shell extension 'dsv' for command environment
[2.388s] INFO:colcon.colcon_core.task.python.build:Building Python package in '/home/stepan/ws_ros2/src/offboard'
[2.388s] INFO:colcon.colcon_core.shell:Skip shell extension 'powershell' for command environment: Not usable outside of PowerShell
[2.389s] DEBUG:colcon.colcon_core.shell:Skip shell extension 'dsv' for command environment
[2.397s] DEBUG:colcon.colcon_core.event_handler.log_command:Invoking command in '/home/stepan/ws_ros2/build/px4_ros_com': CMAKE_PREFIX_PATH=/home/stepan/ws_ros2/install/px4_msgs:/home/stepan/ws_ros2/install/px4_ros_com:/home/stepan/ws_ros2/install/offboard:/opt/ros/humble LD_LIBRARY_PATH=/home/stepan/ws_ros2/install/px4_msgs/lib:/home/stepan/ws_ros2/install/px4_ros_com/lib:/opt/ros/humble/opt/rviz_ogre_vendor/lib:/opt/ros/humble/lib/x86_64-linux-gnu:/opt/ros/humble/lib /usr/bin/cmake --build /home/stepan/ws_ros2/build/px4_ros_com -- -j8 -l8
[2.849s] DEBUG:colcon.colcon_core.event_handler.log_command:Invoked command in '/home/stepan/ws_ros2/build/px4_ros_com' returned '0': CMAKE_PREFIX_PATH=/home/stepan/ws_ros2/install/px4_msgs:/home/stepan/ws_ros2/install/px4_ros_com:/home/stepan/ws_ros2/install/offboard:/opt/ros/humble LD_LIBRARY_PATH=/home/stepan/ws_ros2/install/px4_msgs/lib:/home/stepan/ws_ros2/install/px4_ros_com/lib:/opt/ros/humble/opt/rviz_ogre_vendor/lib:/opt/ros/humble/lib/x86_64-linux-gnu:/opt/ros/humble/lib /usr/bin/cmake --build /home/stepan/ws_ros2/build/px4_ros_com -- -j8 -l8
[2.851s] DEBUG:colcon.colcon_core.event_handler.log_command:Invoking command in '/home/stepan/ws_ros2/build/px4_ros_com': CMAKE_PREFIX_PATH=/home/stepan/ws_ros2/install/px4_msgs:/home/stepan/ws_ros2/install/px4_ros_com:/home/stepan/ws_ros2/install/offboard:/opt/ros/humble LD_LIBRARY_PATH=/home/stepan/ws_ros2/install/px4_msgs/lib:/home/stepan/ws_ros2/install/px4_ros_com/lib:/opt/ros/humble/opt/rviz_ogre_vendor/lib:/opt/ros/humble/lib/x86_64-linux-gnu:/opt/ros/humble/lib /usr/bin/cmake --install /home/stepan/ws_ros2/build/px4_ros_com
[2.909s] Level 1:colcon.colcon_core.environment:create_environment_scripts_only(px4_ros_com)
[2.909s] Level 1:colcon.colcon_core.environment:checking '/home/stepan/ws_ros2/install/px4_ros_com' for CMake module files
[2.910s] DEBUG:colcon.colcon_core.event_handler.log_command:Invoked command in '/home/stepan/ws_ros2/build/px4_ros_com' returned '0': CMAKE_PREFIX_PATH=/home/stepan/ws_ros2/install/px4_msgs:/home/stepan/ws_ros2/install/px4_ros_com:/home/stepan/ws_ros2/install/offboard:/opt/ros/humble LD_LIBRARY_PATH=/home/stepan/ws_ros2/install/px4_msgs/lib:/home/stepan/ws_ros2/install/px4_ros_com/lib:/opt/ros/humble/opt/rviz_ogre_vendor/lib:/opt/ros/humble/lib/x86_64-linux-gnu:/opt/ros/humble/lib /usr/bin/cmake --install /home/stepan/ws_ros2/build/px4_ros_com
[2.910s] Level 1:colcon.colcon_core.environment:checking '/home/stepan/ws_ros2/install/px4_ros_com' for CMake config files
[2.910s] Level 1:colcon.colcon_core.shell:create_environment_hook('px4_ros_com', 'cmake_prefix_path')
[2.911s] INFO:colcon.colcon_core.shell:Creating environment hook '/home/stepan/ws_ros2/install/px4_ros_com/share/px4_ros_com/hook/cmake_prefix_path.ps1'
[2.911s] INFO:colcon.colcon_core.shell:Creating environment descriptor '/home/stepan/ws_ros2/install/px4_ros_com/share/px4_ros_com/hook/cmake_prefix_path.dsv'
[2.911s] INFO:colcon.colcon_core.shell:Creating environment hook '/home/stepan/ws_ros2/install/px4_ros_com/share/px4_ros_com/hook/cmake_prefix_path.sh'
[2.912s] Level 1:colcon.colcon_core.environment:checking '/home/stepan/ws_ros2/install/px4_ros_com/lib'
[2.912s] Level 1:colcon.colcon_core.shell:create_environment_hook('px4_ros_com', 'ld_library_path_lib')
[2.913s] INFO:colcon.colcon_core.shell:Creating environment hook '/home/stepan/ws_ros2/install/px4_ros_com/share/px4_ros_com/hook/ld_library_path_lib.ps1'
[2.913s] INFO:colcon.colcon_core.shell:Creating environment descriptor '/home/stepan/ws_ros2/install/px4_ros_com/share/px4_ros_com/hook/ld_library_path_lib.dsv'
[2.913s] INFO:colcon.colcon_core.shell:Creating environment hook '/home/stepan/ws_ros2/install/px4_ros_com/share/px4_ros_com/hook/ld_library_path_lib.sh'
[2.914s] Level 1:colcon.colcon_core.environment:checking '/home/stepan/ws_ros2/install/px4_ros_com/bin'
[2.914s] Level 1:colcon.colcon_core.environment:checking '/home/stepan/ws_ros2/install/px4_ros_com/lib/pkgconfig/px4_ros_com.pc'
[2.914s] Level 1:colcon.colcon_core.environment:checking '/home/stepan/ws_ros2/install/px4_ros_com/lib/python3.10/site-packages'
[2.914s] Level 1:colcon.colcon_core.environment:checking '/home/stepan/ws_ros2/install/px4_ros_com/bin'
[2.915s] INFO:colcon.colcon_core.shell:Creating package script '/home/stepan/ws_ros2/install/px4_ros_com/share/px4_ros_com/package.ps1'
[2.915s] INFO:colcon.colcon_core.shell:Creating package descriptor '/home/stepan/ws_ros2/install/px4_ros_com/share/px4_ros_com/package.dsv'
[2.916s] INFO:colcon.colcon_core.shell:Creating package script '/home/stepan/ws_ros2/install/px4_ros_com/share/px4_ros_com/package.sh'
[2.916s] INFO:colcon.colcon_core.shell:Creating package script '/home/stepan/ws_ros2/install/px4_ros_com/share/px4_ros_com/package.bash'
[2.917s] INFO:colcon.colcon_core.shell:Creating package script '/home/stepan/ws_ros2/install/px4_ros_com/share/px4_ros_com/package.zsh'
[2.917s] Level 1:colcon.colcon_core.environment:create_file_with_runtime_dependencies(/home/stepan/ws_ros2/install/px4_ros_com/share/colcon-core/packages/px4_ros_com)
[2.918s] Level 1:colcon.colcon_core.environment:create_environment_scripts_only(px4_ros_com)
[2.918s] Level 1:colcon.colcon_core.environment:checking '/home/stepan/ws_ros2/install/px4_ros_com' for CMake module files
[2.918s] Level 1:colcon.colcon_core.environment:checking '/home/stepan/ws_ros2/install/px4_ros_com' for CMake config files
[2.919s] Level 1:colcon.colcon_core.shell:create_environment_hook('px4_ros_com', 'cmake_prefix_path')
[2.919s] INFO:colcon.colcon_core.shell:Creating environment hook '/home/stepan/ws_ros2/install/px4_ros_com/share/px4_ros_com/hook/cmake_prefix_path.ps1'
[2.919s] INFO:colcon.colcon_core.shell:Creating environment descriptor '/home/stepan/ws_ros2/install/px4_ros_com/share/px4_ros_com/hook/cmake_prefix_path.dsv'
[2.920s] INFO:colcon.colcon_core.shell:Creating environment hook '/home/stepan/ws_ros2/install/px4_ros_com/share/px4_ros_com/hook/cmake_prefix_path.sh'
[2.920s] Level 1:colcon.colcon_core.environment:checking '/home/stepan/ws_ros2/install/px4_ros_com/lib'
[2.921s] Level 1:colcon.colcon_core.shell:create_environment_hook('px4_ros_com', 'ld_library_path_lib')
[2.921s] INFO:colcon.colcon_core.shell:Creating environment hook '/home/stepan/ws_ros2/install/px4_ros_com/share/px4_ros_com/hook/ld_library_path_lib.ps1'
[2.921s] INFO:colcon.colcon_core.shell:Creating environment descriptor '/home/stepan/ws_ros2/install/px4_ros_com/share/px4_ros_com/hook/ld_library_path_lib.dsv'
[2.922s] INFO:colcon.colcon_core.shell:Creating environment hook '/home/stepan/ws_ros2/install/px4_ros_com/share/px4_ros_com/hook/ld_library_path_lib.sh'
[2.922s] Level 1:colcon.colcon_core.environment:checking '/home/stepan/ws_ros2/install/px4_ros_com/bin'
[2.922s] Level 1:colcon.colcon_core.environment:checking '/home/stepan/ws_ros2/install/px4_ros_com/lib/pkgconfig/px4_ros_com.pc'
[2.922s] Level 1:colcon.colcon_core.environment:checking '/home/stepan/ws_ros2/install/px4_ros_com/lib/python3.10/site-packages'
[2.923s] Level 1:colcon.colcon_core.environment:checking '/home/stepan/ws_ros2/install/px4_ros_com/bin'
[2.923s] INFO:colcon.colcon_core.shell:Creating package script '/home/stepan/ws_ros2/install/px4_ros_com/share/px4_ros_com/package.ps1'
[2.923s] INFO:colcon.colcon_core.shell:Creating package descriptor '/home/stepan/ws_ros2/install/px4_ros_com/share/px4_ros_com/package.dsv'
[2.924s] INFO:colcon.colcon_core.shell:Creating package script '/home/stepan/ws_ros2/install/px4_ros_com/share/px4_ros_com/package.sh'
[2.925s] INFO:colcon.colcon_core.shell:Creating package script '/home/stepan/ws_ros2/install/px4_ros_com/share/px4_ros_com/package.bash'
[2.925s] INFO:colcon.colcon_core.shell:Creating package script '/home/stepan/ws_ros2/install/px4_ros_com/share/px4_ros_com/package.zsh'
[2.925s] Level 1:colcon.colcon_core.environment:create_file_with_runtime_dependencies(/home/stepan/ws_ros2/install/px4_ros_com/share/colcon-core/packages/px4_ros_com)
[3.028s] DEBUG:colcon.colcon_core.event_handler.log_command:Invoking command in '/home/stepan/ws_ros2/src/offboard': CMAKE_PREFIX_PATH=/home/stepan/ws_ros2/install/px4_msgs:/home/stepan/ws_ros2/install/px4_ros_com:/home/stepan/ws_ros2/install/offboard LD_LIBRARY_PATH=/home/stepan/ws_ros2/install/px4_msgs/lib:/home/stepan/ws_ros2/install/px4_ros_com/lib:/opt/ros/humble/opt/rviz_ogre_vendor/lib:/opt/ros/humble/lib/x86_64-linux-gnu:/opt/ros/humble/lib PYTHONPATH=/home/stepan/ws_ros2/build/offboard/prefix_override:/usr/lib/python3/dist-packages/colcon_core/task/python/colcon_distutils_commands:/home/stepan/ws_ros2/install/offboard/lib/python3.10/site-packages:${PYTHONPATH} /usr/bin/python3 -W ignore:setup.py install is deprecated -W ignore:easy_install command is deprecated setup.py egg_info --egg-base ../../build/offboard build --build-base /home/stepan/ws_ros2/build/offboard/build install --record /home/stepan/ws_ros2/build/offboard/install.log --single-version-externally-managed install_data
[3.590s] Level 1:colcon.colcon_core.environment:checking '/home/stepan/ws_ros2/install/offboard' for CMake module files
[3.591s] DEBUG:colcon.colcon_core.event_handler.log_command:Invoked command in '/home/stepan/ws_ros2/src/offboard' returned '0': CMAKE_PREFIX_PATH=/home/stepan/ws_ros2/install/px4_msgs:/home/stepan/ws_ros2/install/px4_ros_com:/home/stepan/ws_ros2/install/offboard LD_LIBRARY_PATH=/home/stepan/ws_ros2/install/px4_msgs/lib:/home/stepan/ws_ros2/install/px4_ros_com/lib:/opt/ros/humble/opt/rviz_ogre_vendor/lib:/opt/ros/humble/lib/x86_64-linux-gnu:/opt/ros/humble/lib PYTHONPATH=/home/stepan/ws_ros2/build/offboard/prefix_override:/usr/lib/python3/dist-packages/colcon_core/task/python/colcon_distutils_commands:/home/stepan/ws_ros2/install/offboard/lib/python3.10/site-packages:${PYTHONPATH} /usr/bin/python3 -W ignore:setup.py install is deprecated -W ignore:easy_install command is deprecated setup.py egg_info --egg-base ../../build/offboard build --build-base /home/stepan/ws_ros2/build/offboard/build install --record /home/stepan/ws_ros2/build/offboard/install.log --single-version-externally-managed install_data
[3.591s] Level 1:colcon.colcon_core.environment:checking '/home/stepan/ws_ros2/install/offboard' for CMake config files
[3.592s] Level 1:colcon.colcon_core.shell:create_environment_hook('offboard', 'cmake_prefix_path')
[3.592s] INFO:colcon.colcon_core.shell:Creating environment hook '/home/stepan/ws_ros2/install/offboard/share/offboard/hook/cmake_prefix_path.ps1'
[3.593s] INFO:colcon.colcon_core.shell:Creating environment descriptor '/home/stepan/ws_ros2/install/offboard/share/offboard/hook/cmake_prefix_path.dsv'
[3.594s] INFO:colcon.colcon_core.shell:Creating environment hook '/home/stepan/ws_ros2/install/offboard/share/offboard/hook/cmake_prefix_path.sh'
[3.595s] Level 1:colcon.colcon_core.environment:checking '/home/stepan/ws_ros2/install/offboard/lib'
[3.595s] Level 1:colcon.colcon_core.environment:checking '/home/stepan/ws_ros2/install/offboard/bin'
[3.595s] Level 1:colcon.colcon_core.environment:checking '/home/stepan/ws_ros2/install/offboard/lib/pkgconfig/offboard.pc'
[3.595s] Level 1:colcon.colcon_core.environment:checking '/home/stepan/ws_ros2/install/offboard/lib/python3.10/site-packages'
[3.595s] Level 1:colcon.colcon_core.shell:create_environment_hook('offboard', 'pythonpath')
[3.595s] INFO:colcon.colcon_core.shell:Creating environment hook '/home/stepan/ws_ros2/install/offboard/share/offboard/hook/pythonpath.ps1'
[3.596s] INFO:colcon.colcon_core.shell:Creating environment descriptor '/home/stepan/ws_ros2/install/offboard/share/offboard/hook/pythonpath.dsv'
[3.596s] INFO:colcon.colcon_core.shell:Creating environment hook '/home/stepan/ws_ros2/install/offboard/share/offboard/hook/pythonpath.sh'
[3.598s] Level 1:colcon.colcon_core.environment:checking '/home/stepan/ws_ros2/install/offboard/bin'
[3.598s] Level 1:colcon.colcon_core.environment:create_environment_scripts_only(offboard)
[3.598s] INFO:colcon.colcon_core.shell:Creating package script '/home/stepan/ws_ros2/install/offboard/share/offboard/package.ps1'
[3.599s] INFO:colcon.colcon_core.shell:Creating package descriptor '/home/stepan/ws_ros2/install/offboard/share/offboard/package.dsv'
[3.600s] INFO:colcon.colcon_core.shell:Creating package script '/home/stepan/ws_ros2/install/offboard/share/offboard/package.sh'
[3.600s] INFO:colcon.colcon_core.shell:Creating package script '/home/stepan/ws_ros2/install/offboard/share/offboard/package.bash'
[3.601s] INFO:colcon.colcon_core.shell:Creating package script '/home/stepan/ws_ros2/install/offboard/share/offboard/package.zsh'
[3.602s] Level 1:colcon.colcon_core.environment:create_file_with_runtime_dependencies(/home/stepan/ws_ros2/install/offboard/share/colcon-core/packages/offboard)
[3.603s] DEBUG:colcon.colcon_parallel_executor.executor.parallel:closing loop
[3.603s] DEBUG:colcon.colcon_parallel_executor.executor.parallel:loop closed
[3.603s] DEBUG:colcon.colcon_parallel_executor.executor.parallel:run_until_complete finished with '0'
[3.603s] DEBUG:colcon.colcon_core.event_reactor:joining thread
[3.610s] INFO:colcon.colcon_core.plugin_system:Skipping extension 'colcon_notification.desktop_notification.terminal_notifier': Not used on non-Darwin systems
[3.610s] INFO:colcon.colcon_core.plugin_system:Skipping extension 'colcon_notification.desktop_notification.win32': Not used on non-Windows systems
[3.610s] INFO:colcon.colcon_notification.desktop_notification:Sending desktop notification using 'notify2'
[3.621s] DEBUG:colcon.colcon_core.event_reactor:joined thread
[3.621s] INFO:colcon.colcon_core.shell:Creating prefix script '/home/stepan/ws_ros2/install/local_setup.ps1'
[3.623s] INFO:colcon.colcon_core.shell:Creating prefix util module '/home/stepan/ws_ros2/install/_local_setup_util_ps1.py'
[3.625s] INFO:colcon.colcon_core.shell:Creating prefix chain script '/home/stepan/ws_ros2/install/setup.ps1'
[3.626s] INFO:colcon.colcon_core.shell:Creating prefix script '/home/stepan/ws_ros2/install/local_setup.sh'
[3.627s] INFO:colcon.colcon_core.shell:Creating prefix util module '/home/stepan/ws_ros2/install/_local_setup_util_sh.py'
[3.628s] INFO:colcon.colcon_core.shell:Creating prefix chain script '/home/stepan/ws_ros2/install/setup.sh'
[3.629s] INFO:colcon.colcon_core.shell:Creating prefix script '/home/stepan/ws_ros2/install/local_setup.bash'
[3.629s] INFO:colcon.colcon_core.shell:Creating prefix chain script '/home/stepan/ws_ros2/install/setup.bash'
[3.630s] INFO:colcon.colcon_core.shell:Creating prefix script '/home/stepan/ws_ros2/install/local_setup.zsh'
[3.631s] INFO:colcon.colcon_core.shell:Creating prefix chain script '/home/stepan/ws_ros2/install/setup.zsh'
