[0.758s] Invoking command in '/home/stepan/ws_ros2/build/px4_ros_com': CMAKE_PREFIX_PATH=/home/stepan/ws_ros2/install/px4_msgs:/home/stepan/ws_ros2/install/px4_ros_com:/home/stepan/ws_ros2/install/offboard:/opt/ros/humble LD_LIBRARY_PATH=/home/stepan/ws_ros2/install/px4_msgs/lib:/home/stepan/ws_ros2/install/px4_ros_com/lib:/opt/ros/humble/opt/rviz_ogre_vendor/lib:/opt/ros/humble/lib/x86_64-linux-gnu:/opt/ros/humble/lib /usr/bin/cmake --build /home/stepan/ws_ros2/build/px4_ros_com -- -j8 -l8
[0.951s] [ 16%] Built target frame_transforms
[0.958s] [ 33%] Built target offboard_control_srv
[0.972s] [ 50%] Built target offboard_control
[0.973s] [ 66%] Built target vehicle_gps_position_listener
[0.975s] [ 83%] Built target sensor_combined_listener
[0.983s] [ 83%] Built target ament_cmake_python_copy_px4_ros_com
[0.991s] [100%] Built target debug_vect_advertiser
[1.903s] running egg_info
[1.981s] writing px4_ros_com.egg-info/PKG-INFO
[1.983s] writing dependency_links to px4_ros_com.egg-info/dependency_links.txt
[1.985s] writing top-level names to px4_ros_com.egg-info/top_level.txt
[2.210s] reading manifest file 'px4_ros_com.egg-info/SOURCES.txt'
[2.214s] writing manifest file 'px4_ros_com.egg-info/SOURCES.txt'
[2.353s] [100%] Built target ament_cmake_python_build_px4_ros_com_egg
[2.394s] Invoked command in '/home/stepan/ws_ros2/build/px4_ros_com' returned '0': CMAKE_PREFIX_PATH=/home/stepan/ws_ros2/install/px4_msgs:/home/stepan/ws_ros2/install/px4_ros_com:/home/stepan/ws_ros2/install/offboard:/opt/ros/humble LD_LIBRARY_PATH=/home/stepan/ws_ros2/install/px4_msgs/lib:/home/stepan/ws_ros2/install/px4_ros_com/lib:/opt/ros/humble/opt/rviz_ogre_vendor/lib:/opt/ros/humble/lib/x86_64-linux-gnu:/opt/ros/humble/lib /usr/bin/cmake --build /home/stepan/ws_ros2/build/px4_ros_com -- -j8 -l8
[2.398s] Invoking command in '/home/stepan/ws_ros2/build/px4_ros_com': CMAKE_PREFIX_PATH=/home/stepan/ws_ros2/install/px4_msgs:/home/stepan/ws_ros2/install/px4_ros_com:/home/stepan/ws_ros2/install/offboard:/opt/ros/humble LD_LIBRARY_PATH=/home/stepan/ws_ros2/install/px4_msgs/lib:/home/stepan/ws_ros2/install/px4_ros_com/lib:/opt/ros/humble/opt/rviz_ogre_vendor/lib:/opt/ros/humble/lib/x86_64-linux-gnu:/opt/ros/humble/lib /usr/bin/cmake --install /home/stepan/ws_ros2/build/px4_ros_com
[2.429s] -- Install configuration: ""
[2.430s] -- Up-to-date: /home/stepan/ws_ros2/install/px4_ros_com/lib/px4_ros_com/sensor_combined_listener
[2.431s] -- Up-to-date: /home/stepan/ws_ros2/install/px4_ros_com/lib/px4_ros_com/vehicle_gps_position_listener
[2.433s] -- Up-to-date: /home/stepan/ws_ros2/install/px4_ros_com/lib/px4_ros_com/debug_vect_advertiser
[2.436s] -- Up-to-date: /home/stepan/ws_ros2/install/px4_ros_com/lib/px4_ros_com/offboard_control
[2.437s] -- Up-to-date: /home/stepan/ws_ros2/install/px4_ros_com/lib/px4_ros_com/offboard_control_srv
[2.437s] -- Up-to-date: /home/stepan/ws_ros2/install/px4_ros_com/share/px4_ros_com/environment/library_path.sh
[2.438s] -- Up-to-date: /home/stepan/ws_ros2/install/px4_ros_com/share/px4_ros_com/environment/library_path.dsv
[2.439s] -- Up-to-date: /home/stepan/ws_ros2/install/px4_ros_com/include/px4_ros_com
[2.440s] -- Up-to-date: /home/stepan/ws_ros2/install/px4_ros_com/include/px4_ros_com/frame_transforms.h
[2.441s] -- Up-to-date: /home/stepan/ws_ros2/install/px4_ros_com/lib/libframe_transforms.so
[2.441s] -- Up-to-date: /home/stepan/ws_ros2/install/px4_ros_com/share/px4_ros_com//launch
[2.441s] -- Up-to-date: /home/stepan/ws_ros2/install/px4_ros_com/share/px4_ros_com//launch/offboard_control_launch.yaml
[2.442s] -- Up-to-date: /home/stepan/ws_ros2/install/px4_ros_com/share/px4_ros_com//launch/sensor_combined_listener.launch.py
[2.442s] -- Up-to-date: /home/stepan/ws_ros2/install/px4_ros_com/share/px4_ros_com//test
[2.442s] -- Up-to-date: /home/stepan/ws_ros2/install/px4_ros_com/share/px4_ros_com//test/pipeline_io_test.py
[2.442s] -- Up-to-date: /home/stepan/ws_ros2/install/px4_ros_com/share/px4_ros_com//test/test_output.py
[2.442s] -- Up-to-date: /home/stepan/ws_ros2/install/px4_ros_com/share/px4_ros_com//test/__init__.py
[2.443s] -- Up-to-date: /home/stepan/ws_ros2/install/px4_ros_com/share/px4_ros_com//test/test_input.py
[2.443s] -- Up-to-date: /home/stepan/ws_ros2/install/px4_ros_com/share/px4_ros_com/environment/pythonpath.sh
[2.443s] -- Up-to-date: /home/stepan/ws_ros2/install/px4_ros_com/share/px4_ros_com/environment/pythonpath.dsv
[2.443s] -- Up-to-date: /home/stepan/ws_ros2/install/px4_ros_com/local/lib/python3.10/dist-packages/px4_ros_com-0.1.0-py3.10.egg-info
[2.444s] -- Installing: /home/stepan/ws_ros2/install/px4_ros_com/local/lib/python3.10/dist-packages/px4_ros_com-0.1.0-py3.10.egg-info/top_level.txt
[2.444s] -- Installing: /home/stepan/ws_ros2/install/px4_ros_com/local/lib/python3.10/dist-packages/px4_ros_com-0.1.0-py3.10.egg-info/PKG-INFO
[2.444s] -- Installing: /home/stepan/ws_ros2/install/px4_ros_com/local/lib/python3.10/dist-packages/px4_ros_com-0.1.0-py3.10.egg-info/dependency_links.txt
[2.444s] -- Installing: /home/stepan/ws_ros2/install/px4_ros_com/local/lib/python3.10/dist-packages/px4_ros_com-0.1.0-py3.10.egg-info/SOURCES.txt
[2.444s] -- Up-to-date: /home/stepan/ws_ros2/install/px4_ros_com/local/lib/python3.10/dist-packages/px4_ros_com
[2.445s] -- Up-to-date: /home/stepan/ws_ros2/install/px4_ros_com/local/lib/python3.10/dist-packages/px4_ros_com/__init__.py
[2.445s] -- Up-to-date: /home/stepan/ws_ros2/install/px4_ros_com/local/lib/python3.10/dist-packages/px4_ros_com/module_to_import.py
[2.584s] Listing '/home/stepan/ws_ros2/install/px4_ros_com/local/lib/python3.10/dist-packages/px4_ros_com'...
[2.612s] -- Up-to-date: /home/stepan/ws_ros2/install/px4_ros_com/lib/px4_ros_com/offboard_control.py
[2.613s] -- Up-to-date: /home/stepan/ws_ros2/install/px4_ros_com/share/ament_index/resource_index/package_run_dependencies/px4_ros_com
[2.613s] -- Up-to-date: /home/stepan/ws_ros2/install/px4_ros_com/share/ament_index/resource_index/parent_prefix_path/px4_ros_com
[2.613s] -- Up-to-date: /home/stepan/ws_ros2/install/px4_ros_com/share/px4_ros_com/environment/ament_prefix_path.sh
[2.614s] -- Up-to-date: /home/stepan/ws_ros2/install/px4_ros_com/share/px4_ros_com/environment/ament_prefix_path.dsv
[2.614s] -- Up-to-date: /home/stepan/ws_ros2/install/px4_ros_com/share/px4_ros_com/environment/path.sh
[2.614s] -- Up-to-date: /home/stepan/ws_ros2/install/px4_ros_com/share/px4_ros_com/environment/path.dsv
[2.615s] -- Up-to-date: /home/stepan/ws_ros2/install/px4_ros_com/share/px4_ros_com/local_setup.bash
[2.615s] -- Up-to-date: /home/stepan/ws_ros2/install/px4_ros_com/share/px4_ros_com/local_setup.sh
[2.615s] -- Up-to-date: /home/stepan/ws_ros2/install/px4_ros_com/share/px4_ros_com/local_setup.zsh
[2.615s] -- Up-to-date: /home/stepan/ws_ros2/install/px4_ros_com/share/px4_ros_com/local_setup.dsv
[2.615s] -- Installing: /home/stepan/ws_ros2/install/px4_ros_com/share/px4_ros_com/package.dsv
[2.616s] -- Up-to-date: /home/stepan/ws_ros2/install/px4_ros_com/share/ament_index/resource_index/packages/px4_ros_com
[2.616s] -- Up-to-date: /home/stepan/ws_ros2/install/px4_ros_com/share/px4_ros_com/cmake/export_frame_transformsExport.cmake
[2.616s] -- Up-to-date: /home/stepan/ws_ros2/install/px4_ros_com/share/px4_ros_com/cmake/export_frame_transformsExport-noconfig.cmake
[2.617s] -- Up-to-date: /home/stepan/ws_ros2/install/px4_ros_com/share/px4_ros_com/cmake/ament_cmake_export_dependencies-extras.cmake
[2.617s] -- Up-to-date: /home/stepan/ws_ros2/install/px4_ros_com/share/px4_ros_com/cmake/ament_cmake_export_targets-extras.cmake
[2.619s] -- Up-to-date: /home/stepan/ws_ros2/install/px4_ros_com/share/px4_ros_com/cmake/ament_cmake_export_include_directories-extras.cmake
[2.620s] -- Up-to-date: /home/stepan/ws_ros2/install/px4_ros_com/share/px4_ros_com/cmake/ament_cmake_export_libraries-extras.cmake
[2.623s] -- Up-to-date: /home/stepan/ws_ros2/install/px4_ros_com/share/px4_ros_com/cmake/px4_ros_comConfig.cmake
[2.628s] -- Up-to-date: /home/stepan/ws_ros2/install/px4_ros_com/share/px4_ros_com/cmake/px4_ros_comConfig-version.cmake
[2.628s] -- Up-to-date: /home/stepan/ws_ros2/install/px4_ros_com/share/px4_ros_com/package.xml
[2.629s] Invoked command in '/home/stepan/ws_ros2/build/px4_ros_com' returned '0': CMAKE_PREFIX_PATH=/home/stepan/ws_ros2/install/px4_msgs:/home/stepan/ws_ros2/install/px4_ros_com:/home/stepan/ws_ros2/install/offboard:/opt/ros/humble LD_LIBRARY_PATH=/home/stepan/ws_ros2/install/px4_msgs/lib:/home/stepan/ws_ros2/install/px4_ros_com/lib:/opt/ros/humble/opt/rviz_ogre_vendor/lib:/opt/ros/humble/lib/x86_64-linux-gnu:/opt/ros/humble/lib /usr/bin/cmake --install /home/stepan/ws_ros2/build/px4_ros_com
