[0.013s] Invoking command in '/home/stepan/ws_ros2/build/offboard': CMAKE_PREFIX_PATH=/home/stepan/ws_ros2/install/px4_msgs:/home/stepan/ws_ros2/install/px4_ros_com:/home/stepan/ws_ros2/install/offboard:/opt/ros/humble LD_LIBRARY_PATH=/home/stepan/ws_ros2/install/px4_msgs/lib:/home/stepan/ws_ros2/install/px4_ros_com/lib:/opt/ros/humble/opt/rviz_ogre_vendor/lib:/opt/ros/humble/lib/x86_64-linux-gnu:/opt/ros/humble/lib /usr/bin/cmake --build /home/stepan/ws_ros2/build/offboard -- -j8 -l8
[0.049s] [35m[1mConsolidate compiler generated dependencies of target offboard_control_srv[0m
[0.063s] [ 50%] Built target offboard_control
[0.063s] [100%] Built target offboard_control_srv
[0.074s] Invoked command in '/home/stepan/ws_ros2/build/offboard' returned '0': CMAKE_PREFIX_PATH=/home/stepan/ws_ros2/install/px4_msgs:/home/stepan/ws_ros2/install/px4_ros_com:/home/stepan/ws_ros2/install/offboard:/opt/ros/humble LD_LIBRARY_PATH=/home/stepan/ws_ros2/install/px4_msgs/lib:/home/stepan/ws_ros2/install/px4_ros_com/lib:/opt/ros/humble/opt/rviz_ogre_vendor/lib:/opt/ros/humble/lib/x86_64-linux-gnu:/opt/ros/humble/lib /usr/bin/cmake --build /home/stepan/ws_ros2/build/offboard -- -j8 -l8
[0.083s] Invoking command in '/home/stepan/ws_ros2/build/offboard': CMAKE_PREFIX_PATH=/home/stepan/ws_ros2/install/px4_msgs:/home/stepan/ws_ros2/install/px4_ros_com:/home/stepan/ws_ros2/install/offboard:/opt/ros/humble LD_LIBRARY_PATH=/home/stepan/ws_ros2/install/px4_msgs/lib:/home/stepan/ws_ros2/install/px4_ros_com/lib:/opt/ros/humble/opt/rviz_ogre_vendor/lib:/opt/ros/humble/lib/x86_64-linux-gnu:/opt/ros/humble/lib /usr/bin/cmake --install /home/stepan/ws_ros2/build/offboard
[0.090s] -- Install configuration: ""
[0.091s] -- Up-to-date: /home/stepan/ws_ros2/install/offboard/lib/offboard/offboard_control
[0.091s] -- Up-to-date: /home/stepan/ws_ros2/install/offboard/lib/offboard/offboard_control_srv
[0.091s] -- Up-to-date: /home/stepan/ws_ros2/install/offboard/share/ament_index/resource_index/package_run_dependencies/offboard
[0.091s] -- Up-to-date: /home/stepan/ws_ros2/install/offboard/share/ament_index/resource_index/parent_prefix_path/offboard
[0.091s] -- Up-to-date: /home/stepan/ws_ros2/install/offboard/share/offboard/environment/ament_prefix_path.sh
[0.091s] -- Up-to-date: /home/stepan/ws_ros2/install/offboard/share/offboard/environment/ament_prefix_path.dsv
[0.091s] -- Up-to-date: /home/stepan/ws_ros2/install/offboard/share/offboard/environment/path.sh
[0.091s] -- Up-to-date: /home/stepan/ws_ros2/install/offboard/share/offboard/environment/path.dsv
[0.091s] -- Up-to-date: /home/stepan/ws_ros2/install/offboard/share/offboard/local_setup.bash
[0.091s] -- Up-to-date: /home/stepan/ws_ros2/install/offboard/share/offboard/local_setup.sh
[0.092s] -- Up-to-date: /home/stepan/ws_ros2/install/offboard/share/offboard/local_setup.zsh
[0.092s] -- Up-to-date: /home/stepan/ws_ros2/install/offboard/share/offboard/local_setup.dsv
[0.092s] -- Installing: /home/stepan/ws_ros2/install/offboard/share/offboard/package.dsv
[0.092s] -- Up-to-date: /home/stepan/ws_ros2/install/offboard/share/ament_index/resource_index/packages/offboard
[0.092s] -- Up-to-date: /home/stepan/ws_ros2/install/offboard/share/offboard/cmake/offboardConfig.cmake
[0.092s] -- Up-to-date: /home/stepan/ws_ros2/install/offboard/share/offboard/cmake/offboardConfig-version.cmake
[0.092s] -- Up-to-date: /home/stepan/ws_ros2/install/offboard/share/offboard/package.xml
[0.094s] Invoked command in '/home/stepan/ws_ros2/build/offboard' returned '0': CMAKE_PREFIX_PATH=/home/stepan/ws_ros2/install/px4_msgs:/home/stepan/ws_ros2/install/px4_ros_com:/home/stepan/ws_ros2/install/offboard:/opt/ros/humble LD_LIBRARY_PATH=/home/stepan/ws_ros2/install/px4_msgs/lib:/home/stepan/ws_ros2/install/px4_ros_com/lib:/opt/ros/humble/opt/rviz_ogre_vendor/lib:/opt/ros/humble/lib/x86_64-linux-gnu:/opt/ros/humble/lib /usr/bin/cmake --install /home/stepan/ws_ros2/build/offboard
