running egg_info
creating ../../build/offboard/offboard.egg-info
writing ../../build/offboard/offboard.egg-info/PKG-INFO
writing dependency_links to ../../build/offboard/offboard.egg-info/dependency_links.txt
writing entry points to ../../build/offboard/offboard.egg-info/entry_points.txt
writing requirements to ../../build/offboard/offboard.egg-info/requires.txt
writing top-level names to ../../build/offboard/offboard.egg-info/top_level.txt
writing manifest file '../../build/offboard/offboard.egg-info/SOURCES.txt'
reading manifest file '../../build/offboard/offboard.egg-info/SOURCES.txt'
writing manifest file '../../build/offboard/offboard.egg-info/SOURCES.txt'
running build
running build_py
creating /home/stepan/ws_ros2/build/offboard/build/lib/offboard
copying offboard/__init__.py -> /home/stepan/ws_ros2/build/offboard/build/lib/offboard
copying offboard/offboard_mission.py -> /home/stepan/ws_ros2/build/offboard/build/lib/offboard
running install
running install_lib
creating /home/stepan/ws_ros2/install/offboard/lib/python3.10/site-packages/offboard
copying /home/stepan/ws_ros2/build/offboard/build/lib/offboard/__init__.py -> /home/stepan/ws_ros2/install/offboard/lib/python3.10/site-packages/offboard
copying /home/stepan/ws_ros2/build/offboard/build/lib/offboard/offboard_mission.py -> /home/stepan/ws_ros2/install/offboard/lib/python3.10/site-packages/offboard
byte-compiling /home/stepan/ws_ros2/install/offboard/lib/python3.10/site-packages/offboard/__init__.py to __init__.cpython-310.pyc
byte-compiling /home/stepan/ws_ros2/install/offboard/lib/python3.10/site-packages/offboard/offboard_mission.py to offboard_mission.cpython-310.pyc
running install_data
copying resource/offboard -> /home/stepan/ws_ros2/install/offboard/share/ament_index/resource_index/packages
copying package.xml -> /home/stepan/ws_ros2/install/offboard/share/offboard
running install_egg_info
Copying ../../build/offboard/offboard.egg-info to /home/stepan/ws_ros2/install/offboard/lib/python3.10/site-packages/offboard-0.0.0-py3.10.egg-info
running install_scripts
Installing offboard_mission script to /home/stepan/ws_ros2/install/offboard/lib/offboard
writing list of installed files to '/home/stepan/ws_ros2/build/offboard/install.log'
