[0.889s] Invoking command in '/home/stepan/ws_ros2/src/offboard': CMAKE_PREFIX_PATH=/home/stepan/ws_ros2/install/px4_msgs:/home/stepan/ws_ros2/install/px4_ros_com:/home/stepan/ws_ros2/install/offboard LD_LIBRARY_PATH=/home/stepan/ws_ros2/install/px4_msgs/lib:/home/stepan/ws_ros2/install/px4_ros_com/lib:/opt/ros/humble/opt/rviz_ogre_vendor/lib:/opt/ros/humble/lib/x86_64-linux-gnu:/opt/ros/humble/lib PYTHONPATH=/home/stepan/ws_ros2/build/offboard/prefix_override:/usr/lib/python3/dist-packages/colcon_core/task/python/colcon_distutils_commands:/home/stepan/ws_ros2/install/offboard/lib/python3.10/site-packages:${PYTHONPATH} /usr/bin/python3 -W ignore:setup.py install is deprecated -W ignore:easy_install command is deprecated setup.py egg_info --egg-base ../../build/offboard build --build-base /home/stepan/ws_ros2/build/offboard/build install --record /home/stepan/ws_ros2/build/offboard/install.log --single-version-externally-managed install_data
[1.060s] /home/stepan/.local/lib/python3.10/site-packages/setuptools/_distutils/dist.py:289: UserWarning: Unknown distribution option: 'tests_require'
[1.060s]   warnings.warn(msg)
[1.172s] running egg_info
[1.189s] creating ../../build/offboard/offboard.egg-info
[1.190s] writing ../../build/offboard/offboard.egg-info/PKG-INFO
[1.190s] writing dependency_links to ../../build/offboard/offboard.egg-info/dependency_links.txt
[1.190s] writing entry points to ../../build/offboard/offboard.egg-info/entry_points.txt
[1.190s] writing requirements to ../../build/offboard/offboard.egg-info/requires.txt
[1.190s] writing top-level names to ../../build/offboard/offboard.egg-info/top_level.txt
[1.191s] writing manifest file '../../build/offboard/offboard.egg-info/SOURCES.txt'
[1.228s] reading manifest file '../../build/offboard/offboard.egg-info/SOURCES.txt'
[1.230s] writing manifest file '../../build/offboard/offboard.egg-info/SOURCES.txt'
[1.230s] running build
[1.230s] running build_py
[1.230s] creating /home/stepan/ws_ros2/build/offboard/build/lib/offboard
[1.230s] copying offboard/__init__.py -> /home/stepan/ws_ros2/build/offboard/build/lib/offboard
[1.230s] copying offboard/offboard_mission.py -> /home/stepan/ws_ros2/build/offboard/build/lib/offboard
[1.231s] running install
[1.236s] running install_lib
[1.254s] creating /home/stepan/ws_ros2/install/offboard/lib/python3.10/site-packages/offboard
[1.254s] copying /home/stepan/ws_ros2/build/offboard/build/lib/offboard/__init__.py -> /home/stepan/ws_ros2/install/offboard/lib/python3.10/site-packages/offboard
[1.254s] copying /home/stepan/ws_ros2/build/offboard/build/lib/offboard/offboard_mission.py -> /home/stepan/ws_ros2/install/offboard/lib/python3.10/site-packages/offboard
[1.255s] byte-compiling /home/stepan/ws_ros2/install/offboard/lib/python3.10/site-packages/offboard/__init__.py to __init__.cpython-310.pyc
[1.255s] byte-compiling /home/stepan/ws_ros2/install/offboard/lib/python3.10/site-packages/offboard/offboard_mission.py to offboard_mission.cpython-310.pyc
[1.256s] running install_data
[1.256s] copying resource/offboard -> /home/stepan/ws_ros2/install/offboard/share/ament_index/resource_index/packages
[1.256s] copying package.xml -> /home/stepan/ws_ros2/install/offboard/share/offboard
[1.256s] running install_egg_info
[1.276s] Copying ../../build/offboard/offboard.egg-info to /home/stepan/ws_ros2/install/offboard/lib/python3.10/site-packages/offboard-0.0.0-py3.10.egg-info
[1.276s] running install_scripts
[1.422s] Installing offboard_mission script to /home/stepan/ws_ros2/install/offboard/lib/offboard
[1.422s] writing list of installed files to '/home/stepan/ws_ros2/build/offboard/install.log'
[1.452s] Invoked command in '/home/stepan/ws_ros2/src/offboard' returned '0': CMAKE_PREFIX_PATH=/home/stepan/ws_ros2/install/px4_msgs:/home/stepan/ws_ros2/install/px4_ros_com:/home/stepan/ws_ros2/install/offboard LD_LIBRARY_PATH=/home/stepan/ws_ros2/install/px4_msgs/lib:/home/stepan/ws_ros2/install/px4_ros_com/lib:/opt/ros/humble/opt/rviz_ogre_vendor/lib:/opt/ros/humble/lib/x86_64-linux-gnu:/opt/ros/humble/lib PYTHONPATH=/home/stepan/ws_ros2/build/offboard/prefix_override:/usr/lib/python3/dist-packages/colcon_core/task/python/colcon_distutils_commands:/home/stepan/ws_ros2/install/offboard/lib/python3.10/site-packages:${PYTHONPATH} /usr/bin/python3 -W ignore:setup.py install is deprecated -W ignore:easy_install command is deprecated setup.py egg_info --egg-base ../../build/offboard build --build-base /home/stepan/ws_ros2/build/offboard/build install --record /home/stepan/ws_ros2/build/offboard/install.log --single-version-externally-managed install_data
