[4.223s] Invoking command in '/home/stepan/ws_ros2/src/offboard': AMENT_PREFIX_PATH=/home/stepan/ws_ros2/install/px4_msgs:${AMENT_PREFIX_PATH} CMAKE_PREFIX_PATH=/home/stepan/ws_ros2/install/px4_msgs LD_LIBRARY_PATH=/home/stepan/ws_ros2/install/px4_msgs/lib:${LD_LIBRARY_PATH} PYTHONPATH=/home/stepan/ws_ros2/build/offboard/prefix_override:/usr/lib/python3/dist-packages/colcon_core/task/python/colcon_distutils_commands:/home/stepan/ws_ros2/install/offboard/lib/python3.10/site-packages:/home/stepan/ws_ros2/install/px4_msgs/local/lib/python3.10/dist-packages:${PYTHONPATH} /usr/bin/python3 -W ignore:setup.py install is deprecated -W ignore:easy_install command is deprecated setup.py egg_info --egg-base ../../build/offboard build --build-base /home/stepan/ws_ros2/build/offboard/build install --record /home/stepan/ws_ros2/build/offboard/install.log --single-version-externally-managed install_data
[5.151s] /home/stepan/.local/lib/python3.10/site-packages/setuptools/_distutils/dist.py:289: UserWarning: Unknown distribution option: 'tests_require'
[5.152s]   warnings.warn(msg)
[5.848s] running egg_info
[5.947s] writing ../../build/offboard/offboard.egg-info/PKG-INFO
[5.950s] writing dependency_links to ../../build/offboard/offboard.egg-info/dependency_links.txt
[5.952s] writing entry points to ../../build/offboard/offboard.egg-info/entry_points.txt
[5.953s] writing requirements to ../../build/offboard/offboard.egg-info/requires.txt
[5.955s] writing top-level names to ../../build/offboard/offboard.egg-info/top_level.txt
[6.178s] reading manifest file '../../build/offboard/offboard.egg-info/SOURCES.txt'
[6.187s] writing manifest file '../../build/offboard/offboard.egg-info/SOURCES.txt'
[6.188s] running build
[6.188s] running build_py
[6.188s] copying offboard/__init__.py -> /home/stepan/ws_ros2/build/offboard/build/lib/offboard
[6.189s] copying offboard/reset_offboard.py -> /home/stepan/ws_ros2/build/offboard/build/lib/offboard
[6.190s] copying offboard/letova_mise.py -> /home/stepan/ws_ros2/build/offboard/build/lib/offboard
[6.191s] copying offboard/offboard_mission.py -> /home/stepan/ws_ros2/build/offboard/build/lib/offboard
[6.192s] copying offboard/pristani.py -> /home/stepan/ws_ros2/build/offboard/build/lib/offboard
[6.194s] copying offboard/vzlet.py -> /home/stepan/ws_ros2/build/offboard/build/lib/offboard
[6.195s] copying offboard/dopredu.py -> /home/stepan/ws_ros2/build/offboard/build/lib/offboard
[6.198s] running install
[6.223s] running install_lib
[6.342s] running install_data
[6.343s] copying resource/offboard -> /home/stepan/ws_ros2/install/offboard/share/ament_index/resource_index/packages
[6.345s] copying package.xml -> /home/stepan/ws_ros2/install/offboard/share/offboard
[6.346s] running install_egg_info
[6.437s] removing '/home/stepan/ws_ros2/install/offboard/lib/python3.10/site-packages/offboard-0.0.0-py3.10.egg-info' (and everything under it)
[6.438s] Copying ../../build/offboard/offboard.egg-info to /home/stepan/ws_ros2/install/offboard/lib/python3.10/site-packages/offboard-0.0.0-py3.10.egg-info
[6.440s] running install_scripts
[7.273s] Installing dopredu script to /home/stepan/ws_ros2/install/offboard/lib/offboard
[7.274s] Installing letova_mise script to /home/stepan/ws_ros2/install/offboard/lib/offboard
[7.276s] Installing offboard_mission script to /home/stepan/ws_ros2/install/offboard/lib/offboard
[7.277s] Installing pristani script to /home/stepan/ws_ros2/install/offboard/lib/offboard
[7.278s] Installing reset_offboard script to /home/stepan/ws_ros2/install/offboard/lib/offboard
[7.281s] Installing vzlet script to /home/stepan/ws_ros2/install/offboard/lib/offboard
[7.283s] writing list of installed files to '/home/stepan/ws_ros2/build/offboard/install.log'
[7.462s] Invoked command in '/home/stepan/ws_ros2/src/offboard' returned '0': AMENT_PREFIX_PATH=/home/stepan/ws_ros2/install/px4_msgs:${AMENT_PREFIX_PATH} CMAKE_PREFIX_PATH=/home/stepan/ws_ros2/install/px4_msgs LD_LIBRARY_PATH=/home/stepan/ws_ros2/install/px4_msgs/lib:${LD_LIBRARY_PATH} PYTHONPATH=/home/stepan/ws_ros2/build/offboard/prefix_override:/usr/lib/python3/dist-packages/colcon_core/task/python/colcon_distutils_commands:/home/stepan/ws_ros2/install/offboard/lib/python3.10/site-packages:/home/stepan/ws_ros2/install/px4_msgs/local/lib/python3.10/dist-packages:${PYTHONPATH} /usr/bin/python3 -W ignore:setup.py install is deprecated -W ignore:easy_install command is deprecated setup.py egg_info --egg-base ../../build/offboard build --build-base /home/stepan/ws_ros2/build/offboard/build install --record /home/stepan/ws_ros2/build/offboard/install.log --single-version-externally-managed install_data
