[1.706s] Invoking command in '/home/stepan/ws_ros2/src/offboard': CMAKE_PREFIX_PATH=/home/stepan/ws_ros2/install/px4_msgs:/home/stepan/ws_ros2/install/px4_ros_com:/home/stepan/ws_ros2/install/offboard LD_LIBRARY_PATH=/home/stepan/ws_ros2/install/px4_msgs/lib:/home/stepan/ws_ros2/install/px4_ros_com/lib:/opt/ros/humble/opt/rviz_ogre_vendor/lib:/opt/ros/humble/lib/x86_64-linux-gnu:/opt/ros/humble/lib PYTHONPATH=/home/stepan/ws_ros2/build/offboard/prefix_override:/usr/lib/python3/dist-packages/colcon_core/task/python/colcon_distutils_commands:/home/stepan/ws_ros2/install/offboard/lib/python3.10/site-packages:${PYTHONPATH} /usr/bin/python3 -W ignore:setup.py install is deprecated -W ignore:easy_install command is deprecated setup.py egg_info --egg-base ../../build/offboard build --build-base /home/stepan/ws_ros2/build/offboard/build install --record /home/stepan/ws_ros2/build/offboard/install.log --single-version-externally-managed install_data
[2.311s] /home/stepan/.local/lib/python3.10/site-packages/setuptools/_distutils/dist.py:289: UserWarning: Unknown distribution option: 'tests_require'
[2.313s]   warnings.warn(msg)
[2.816s] running egg_info
[2.886s] writing ../../build/offboard/offboard.egg-info/PKG-INFO
[2.895s] writing dependency_links to ../../build/offboard/offboard.egg-info/dependency_links.txt
[2.896s] writing entry points to ../../build/offboard/offboard.egg-info/entry_points.txt
[2.897s] writing requirements to ../../build/offboard/offboard.egg-info/requires.txt
[2.898s] writing top-level names to ../../build/offboard/offboard.egg-info/top_level.txt
[3.002s] reading manifest file '../../build/offboard/offboard.egg-info/SOURCES.txt'
[3.005s] writing manifest file '../../build/offboard/offboard.egg-info/SOURCES.txt'
[3.005s] running build
[3.006s] running build_py
[3.007s] copying offboard/__init__.py -> /home/stepan/ws_ros2/build/offboard/build/lib/offboard
[3.008s] copying offboard/letova_mise.py -> /home/stepan/ws_ros2/build/offboard/build/lib/offboard
[3.009s] copying offboard/offboard_mission.py -> /home/stepan/ws_ros2/build/offboard/build/lib/offboard
[3.010s] copying offboard/pristani.py -> /home/stepan/ws_ros2/build/offboard/build/lib/offboard
[3.011s] copying offboard/vzlet.py -> /home/stepan/ws_ros2/build/offboard/build/lib/offboard
[3.012s] copying offboard/dopredu.py -> /home/stepan/ws_ros2/build/offboard/build/lib/offboard
[3.013s] running install
[3.027s] running install_lib
[3.069s] copying /home/stepan/ws_ros2/build/offboard/build/lib/offboard/letova_mise.py -> /home/stepan/ws_ros2/install/offboard/lib/python3.10/site-packages/offboard
[3.070s] copying /home/stepan/ws_ros2/build/offboard/build/lib/offboard/pristani.py -> /home/stepan/ws_ros2/install/offboard/lib/python3.10/site-packages/offboard
[3.073s] byte-compiling /home/stepan/ws_ros2/install/offboard/lib/python3.10/site-packages/offboard/letova_mise.py to letova_mise.cpython-310.pyc
[3.075s] byte-compiling /home/stepan/ws_ros2/install/offboard/lib/python3.10/site-packages/offboard/pristani.py to pristani.cpython-310.pyc
[3.076s] running install_data
[3.077s] copying resource/offboard -> /home/stepan/ws_ros2/install/offboard/share/ament_index/resource_index/packages
[3.078s] copying package.xml -> /home/stepan/ws_ros2/install/offboard/share/offboard
[3.078s] running install_egg_info
[3.123s] removing '/home/stepan/ws_ros2/install/offboard/lib/python3.10/site-packages/offboard-0.0.0-py3.10.egg-info' (and everything under it)
[3.123s] Copying ../../build/offboard/offboard.egg-info to /home/stepan/ws_ros2/install/offboard/lib/python3.10/site-packages/offboard-0.0.0-py3.10.egg-info
[3.125s] running install_scripts
[3.413s] Installing dopredu script to /home/stepan/ws_ros2/install/offboard/lib/offboard
[3.414s] Installing letova_mise script to /home/stepan/ws_ros2/install/offboard/lib/offboard
[3.414s] Installing offboard_mission script to /home/stepan/ws_ros2/install/offboard/lib/offboard
[3.415s] Installing pristani script to /home/stepan/ws_ros2/install/offboard/lib/offboard
[3.415s] Installing vzlet script to /home/stepan/ws_ros2/install/offboard/lib/offboard
[3.416s] writing list of installed files to '/home/stepan/ws_ros2/build/offboard/install.log'
[3.500s] Invoked command in '/home/stepan/ws_ros2/src/offboard' returned '0': CMAKE_PREFIX_PATH=/home/stepan/ws_ros2/install/px4_msgs:/home/stepan/ws_ros2/install/px4_ros_com:/home/stepan/ws_ros2/install/offboard LD_LIBRARY_PATH=/home/stepan/ws_ros2/install/px4_msgs/lib:/home/stepan/ws_ros2/install/px4_ros_com/lib:/opt/ros/humble/opt/rviz_ogre_vendor/lib:/opt/ros/humble/lib/x86_64-linux-gnu:/opt/ros/humble/lib PYTHONPATH=/home/stepan/ws_ros2/build/offboard/prefix_override:/usr/lib/python3/dist-packages/colcon_core/task/python/colcon_distutils_commands:/home/stepan/ws_ros2/install/offboard/lib/python3.10/site-packages:${PYTHONPATH} /usr/bin/python3 -W ignore:setup.py install is deprecated -W ignore:easy_install command is deprecated setup.py egg_info --egg-base ../../build/offboard build --build-base /home/stepan/ws_ros2/build/offboard/build install --record /home/stepan/ws_ros2/build/offboard/install.log --single-version-externally-managed install_data
