[0.012s] Invoking command in '/home/stepan/ws_ros2/build/offboard': CMAKE_PREFIX_PATH=/home/stepan/ws_ros2/install/px4_msgs:/home/stepan/ws_ros2/install/px4_ros_com:/home/stepan/ws_ros2/install/offboard LD_LIBRARY_PATH=/home/stepan/ws_ros2/install/px4_msgs/lib:/home/stepan/ws_ros2/install/px4_ros_com/lib:/opt/ros/humble/opt/rviz_ogre_vendor/lib:/opt/ros/humble/lib/x86_64-linux-gnu:/opt/ros/humble/lib /usr/bin/cmake --build /home/stepan/ws_ros2/build/offboard -- -j8 -l8
[0.034s] -- Found ament_cmake: 1.3.11 (/opt/ros/humble/share/ament_cmake/cmake)
[0.173s] -- Found rclcpp: 16.0.12 (/opt/ros/humble/share/rclcpp/cmake)
[0.203s] -- Found rosidl_generator_c: 3.1.6 (/opt/ros/humble/share/rosidl_generator_c/cmake)
[0.206s] -- Found rosidl_adapter: 3.1.6 (/opt/ros/humble/share/rosidl_adapter/cmake)
[0.212s] -- Found rosidl_generator_cpp: 3.1.6 (/opt/ros/humble/share/rosidl_generator_cpp/cmake)
[0.222s] -- Using all available rosidl_typesupport_c: rosidl_typesupport_fastrtps_c;rosidl_typesupport_introspection_c
[0.235s] -- Using all available rosidl_typesupport_cpp: rosidl_typesupport_fastrtps_cpp;rosidl_typesupport_introspection_cpp
[0.271s] -- Found rmw_implementation_cmake: 6.1.2 (/opt/ros/humble/share/rmw_implementation_cmake/cmake)
[0.273s] -- Found rmw_fastrtps_cpp: 6.2.7 (/opt/ros/humble/share/rmw_fastrtps_cpp/cmake)
[0.378s] -- Using RMW implementation 'rmw_fastrtps_cpp' as default
[0.434s] -- Found px4_msgs: 2.0.1 (/home/stepan/ws_ros2/install/px4_msgs/share/px4_msgs/cmake)
[0.521s] -- Configuring done
[0.536s] -- Generating done
[0.541s] -- Build files have been written to: /home/stepan/ws_ros2/build/offboard
[0.565s] [35m[1mConsolidate compiler generated dependencies of target offboard_srv_exec[0m
[0.565s] [35m[1mConsolidate compiler generated dependencies of target offboard_cpp_exec[0m
[0.590s] [100%] Built target offboard_srv_exec
[0.591s] [100%] Built target offboard_cpp_exec
[0.601s] Invoked command in '/home/stepan/ws_ros2/build/offboard' returned '0': CMAKE_PREFIX_PATH=/home/stepan/ws_ros2/install/px4_msgs:/home/stepan/ws_ros2/install/px4_ros_com:/home/stepan/ws_ros2/install/offboard LD_LIBRARY_PATH=/home/stepan/ws_ros2/install/px4_msgs/lib:/home/stepan/ws_ros2/install/px4_ros_com/lib:/opt/ros/humble/opt/rviz_ogre_vendor/lib:/opt/ros/humble/lib/x86_64-linux-gnu:/opt/ros/humble/lib /usr/bin/cmake --build /home/stepan/ws_ros2/build/offboard -- -j8 -l8
[0.610s] Invoking command in '/home/stepan/ws_ros2/build/offboard': CMAKE_PREFIX_PATH=/home/stepan/ws_ros2/install/px4_msgs:/home/stepan/ws_ros2/install/px4_ros_com:/home/stepan/ws_ros2/install/offboard LD_LIBRARY_PATH=/home/stepan/ws_ros2/install/px4_msgs/lib:/home/stepan/ws_ros2/install/px4_ros_com/lib:/opt/ros/humble/opt/rviz_ogre_vendor/lib:/opt/ros/humble/lib/x86_64-linux-gnu:/opt/ros/humble/lib /usr/bin/cmake --install /home/stepan/ws_ros2/build/offboard
[0.617s] -- Install configuration: ""
[0.618s] -- Up-to-date: /home/stepan/ws_ros2/install/offboard/lib/offboard/offboard_cpp_exec
[0.618s] -- Up-to-date: /home/stepan/ws_ros2/install/offboard/lib/offboard/offboard_srv_exec
[0.618s] -- Installing: /home/stepan/ws_ros2/install/offboard/share/ament_index/resource_index/package_run_dependencies/offboard
[0.619s] -- Up-to-date: /home/stepan/ws_ros2/install/offboard/share/ament_index/resource_index/parent_prefix_path/offboard
[0.619s] -- Up-to-date: /home/stepan/ws_ros2/install/offboard/share/offboard/environment/ament_prefix_path.sh
[0.619s] -- Installing: /home/stepan/ws_ros2/install/offboard/share/offboard/environment/ament_prefix_path.dsv
[0.619s] -- Up-to-date: /home/stepan/ws_ros2/install/offboard/share/offboard/environment/path.sh
[0.619s] -- Installing: /home/stepan/ws_ros2/install/offboard/share/offboard/environment/path.dsv
[0.619s] -- Up-to-date: /home/stepan/ws_ros2/install/offboard/share/offboard/local_setup.bash
[0.619s] -- Up-to-date: /home/stepan/ws_ros2/install/offboard/share/offboard/local_setup.sh
[0.620s] -- Up-to-date: /home/stepan/ws_ros2/install/offboard/share/offboard/local_setup.zsh
[0.620s] -- Installing: /home/stepan/ws_ros2/install/offboard/share/offboard/local_setup.dsv
[0.620s] -- Installing: /home/stepan/ws_ros2/install/offboard/share/offboard/package.dsv
[0.620s] -- Up-to-date: /home/stepan/ws_ros2/install/offboard/share/ament_index/resource_index/packages/offboard
[0.620s] -- Up-to-date: /home/stepan/ws_ros2/install/offboard/share/offboard/cmake/offboardConfig.cmake
[0.620s] -- Up-to-date: /home/stepan/ws_ros2/install/offboard/share/offboard/cmake/offboardConfig-version.cmake
[0.620s] -- Installing: /home/stepan/ws_ros2/install/offboard/share/offboard/package.xml
[0.622s] Invoked command in '/home/stepan/ws_ros2/build/offboard' returned '0': CMAKE_PREFIX_PATH=/home/stepan/ws_ros2/install/px4_msgs:/home/stepan/ws_ros2/install/px4_ros_com:/home/stepan/ws_ros2/install/offboard LD_LIBRARY_PATH=/home/stepan/ws_ros2/install/px4_msgs/lib:/home/stepan/ws_ros2/install/px4_ros_com/lib:/opt/ros/humble/opt/rviz_ogre_vendor/lib:/opt/ros/humble/lib/x86_64-linux-gnu:/opt/ros/humble/lib /usr/bin/cmake --install /home/stepan/ws_ros2/build/offboard
