[0.117s] DEBUG:colcon:Command line arguments: ['/usr/bin/colcon', 'build']
[0.117s] DEBUG:colcon:Parsed command line arguments: Namespace(log_base=None, log_level=None, verb_name='build', build_base='build', install_base='install', merge_install=False, symlink_install=False, test_result_base=None, continue_on_error=False, executor='parallel', parallel_workers=8, event_handlers=None, ignore_user_meta=False, metas=['./colcon.meta'], base_paths=['.'], packages_ignore=None, packages_ignore_regex=None, paths=None, packages_up_to=None, packages_up_to_regex=None, packages_above=None, packages_above_and_dependencies=None, packages_above_depth=None, packages_select_by_dep=None, packages_skip_by_dep=None, packages_skip_up_to=None, packages_select_build_failed=False, packages_skip_build_finished=False, packages_select_test_failures=False, packages_skip_test_passed=False, packages_select=None, packages_skip=None, packages_select_regex=None, packages_skip_regex=None, packages_start=None, packages_end=None, allow_overriding=[], cmake_args=None, cmake_target=None, cmake_target_skip_unavailable=False, cmake_clean_cache=False, cmake_clean_first=False, cmake_force_configure=False, ament_cmake_args=None, catkin_cmake_args=None, catkin_skip_building_tests=False, mixin_files=None, mixin=None, verb_parser=<colcon_mixin.mixin.mixin_argument.MixinArgumentDecorator object at 0x76cd700533d0>, verb_extension=<colcon_core.verb.build.BuildVerb object at 0x76cd70010940>, main=<bound method BuildVerb.main of <colcon_core.verb.build.BuildVerb object at 0x76cd70010940>>, mixin_verb=('build',))
[0.161s] Level 1:colcon.colcon_core.package_discovery:discover_packages(colcon_meta) check parameters
[0.161s] Level 1:colcon.colcon_core.package_discovery:discover_packages(recursive) check parameters
[0.161s] Level 1:colcon.colcon_core.package_discovery:discover_packages(ignore) check parameters
[0.161s] Level 1:colcon.colcon_core.package_discovery:discover_packages(path) check parameters
[0.161s] Level 1:colcon.colcon_core.package_discovery:discover_packages(colcon_meta) discover
[0.161s] Level 1:colcon.colcon_core.package_discovery:discover_packages(recursive) discover
[0.161s] INFO:colcon.colcon_core.package_discovery:Crawling recursively for packages in '/home/stepan/ws_ros2'
[0.161s] Level 1:colcon.colcon_core.package_identification:_identify(.) by extensions ['ignore', 'ignore_ament_install']
[0.162s] Level 1:colcon.colcon_core.package_identification:_identify(.) by extension 'ignore'
[0.162s] Level 1:colcon.colcon_core.package_identification:_identify(.) by extension 'ignore_ament_install'
[0.162s] Level 1:colcon.colcon_core.package_identification:_identify(.) by extensions ['colcon_pkg']
[0.162s] Level 1:colcon.colcon_core.package_identification:_identify(.) by extension 'colcon_pkg'
[0.162s] Level 1:colcon.colcon_core.package_identification:_identify(.) by extensions ['colcon_meta']
[0.162s] Level 1:colcon.colcon_core.package_identification:_identify(.) by extension 'colcon_meta'
[0.162s] Level 1:colcon.colcon_core.package_identification:_identify(.) by extensions ['ros']
[0.162s] Level 1:colcon.colcon_core.package_identification:_identify(.) by extension 'ros'
[0.177s] Level 1:colcon.colcon_core.package_identification:_identify(.) by extensions ['cmake', 'python']
[0.177s] Level 1:colcon.colcon_core.package_identification:_identify(.) by extension 'cmake'
[0.178s] Level 1:colcon.colcon_core.package_identification:_identify(.) by extension 'python'
[0.178s] Level 1:colcon.colcon_core.package_identification:_identify(.) by extensions ['python_setup_py']
[0.178s] Level 1:colcon.colcon_core.package_identification:_identify(.) by extension 'python_setup_py'
[0.178s] Level 1:colcon.colcon_core.package_identification:_identify(build) by extensions ['ignore', 'ignore_ament_install']
[0.178s] Level 1:colcon.colcon_core.package_identification:_identify(build) by extension 'ignore'
[0.178s] Level 1:colcon.colcon_core.package_identification:_identify(build) ignored
[0.178s] Level 1:colcon.colcon_core.package_identification:_identify(install) by extensions ['ignore', 'ignore_ament_install']
[0.178s] Level 1:colcon.colcon_core.package_identification:_identify(install) by extension 'ignore'
[0.178s] Level 1:colcon.colcon_core.package_identification:_identify(install) ignored
[0.178s] Level 1:colcon.colcon_core.package_identification:_identify(log) by extensions ['ignore', 'ignore_ament_install']
[0.178s] Level 1:colcon.colcon_core.package_identification:_identify(log) by extension 'ignore'
[0.178s] Level 1:colcon.colcon_core.package_identification:_identify(log) ignored
[0.178s] Level 1:colcon.colcon_core.package_identification:_identify(src) by extensions ['ignore', 'ignore_ament_install']
[0.178s] Level 1:colcon.colcon_core.package_identification:_identify(src) by extension 'ignore'
[0.179s] Level 1:colcon.colcon_core.package_identification:_identify(src) by extension 'ignore_ament_install'
[0.179s] Level 1:colcon.colcon_core.package_identification:_identify(src) by extensions ['colcon_pkg']
[0.179s] Level 1:colcon.colcon_core.package_identification:_identify(src) by extension 'colcon_pkg'
[0.179s] Level 1:colcon.colcon_core.package_identification:_identify(src) by extensions ['colcon_meta']
[0.179s] Level 1:colcon.colcon_core.package_identification:_identify(src) by extension 'colcon_meta'
[0.179s] Level 1:colcon.colcon_core.package_identification:_identify(src) by extensions ['ros']
[0.179s] Level 1:colcon.colcon_core.package_identification:_identify(src) by extension 'ros'
[0.179s] Level 1:colcon.colcon_core.package_identification:_identify(src) by extensions ['cmake', 'python']
[0.179s] Level 1:colcon.colcon_core.package_identification:_identify(src) by extension 'cmake'
[0.179s] Level 1:colcon.colcon_core.package_identification:_identify(src) by extension 'python'
[0.179s] Level 1:colcon.colcon_core.package_identification:_identify(src) by extensions ['python_setup_py']
[0.179s] Level 1:colcon.colcon_core.package_identification:_identify(src) by extension 'python_setup_py'
[0.179s] Level 1:colcon.colcon_core.package_identification:_identify(src/px4_msgs) by extensions ['ignore', 'ignore_ament_install']
[0.179s] Level 1:colcon.colcon_core.package_identification:_identify(src/px4_msgs) by extension 'ignore'
[0.179s] Level 1:colcon.colcon_core.package_identification:_identify(src/px4_msgs) by extension 'ignore_ament_install'
[0.179s] Level 1:colcon.colcon_core.package_identification:_identify(src/px4_msgs) by extensions ['colcon_pkg']
[0.179s] Level 1:colcon.colcon_core.package_identification:_identify(src/px4_msgs) by extension 'colcon_pkg'
[0.179s] Level 1:colcon.colcon_core.package_identification:_identify(src/px4_msgs) by extensions ['colcon_meta']
[0.179s] Level 1:colcon.colcon_core.package_identification:_identify(src/px4_msgs) by extension 'colcon_meta'
[0.179s] Level 1:colcon.colcon_core.package_identification:_identify(src/px4_msgs) by extensions ['ros']
[0.180s] Level 1:colcon.colcon_core.package_identification:_identify(src/px4_msgs) by extension 'ros'
[0.182s] DEBUG:colcon.colcon_core.package_identification:Package 'src/px4_msgs' with type 'ros.ament_cmake' and name 'px4_msgs'
[0.183s] Level 1:colcon.colcon_core.package_identification:_identify(src/px4_ros_com) by extensions ['ignore', 'ignore_ament_install']
[0.183s] Level 1:colcon.colcon_core.package_identification:_identify(src/px4_ros_com) by extension 'ignore'
[0.183s] Level 1:colcon.colcon_core.package_identification:_identify(src/px4_ros_com) by extension 'ignore_ament_install'
[0.183s] Level 1:colcon.colcon_core.package_identification:_identify(src/px4_ros_com) by extensions ['colcon_pkg']
[0.183s] Level 1:colcon.colcon_core.package_identification:_identify(src/px4_ros_com) by extension 'colcon_pkg'
[0.183s] Level 1:colcon.colcon_core.package_identification:_identify(src/px4_ros_com) by extensions ['colcon_meta']
[0.183s] Level 1:colcon.colcon_core.package_identification:_identify(src/px4_ros_com) by extension 'colcon_meta'
[0.183s] Level 1:colcon.colcon_core.package_identification:_identify(src/px4_ros_com) by extensions ['ros']
[0.183s] Level 1:colcon.colcon_core.package_identification:_identify(src/px4_ros_com) by extension 'ros'
[0.184s] DEBUG:colcon.colcon_core.package_identification:Package 'src/px4_ros_com' with type 'ros.ament_cmake' and name 'px4_ros_com'
[0.184s] Level 1:colcon.colcon_core.package_discovery:discover_packages(recursive) using defaults
[0.184s] Level 1:colcon.colcon_core.package_discovery:discover_packages(ignore) discover
[0.184s] Level 1:colcon.colcon_core.package_discovery:discover_packages(ignore) using defaults
[0.184s] Level 1:colcon.colcon_core.package_discovery:discover_packages(path) discover
[0.185s] Level 1:colcon.colcon_core.package_discovery:discover_packages(path) using defaults
[0.206s] Level 1:colcon.colcon_core.package_discovery:discover_packages(prefix_path) check parameters
[0.206s] Level 1:colcon.colcon_core.package_discovery:discover_packages(prefix_path) discover
[0.208s] DEBUG:colcon.colcon_installed_package_information.package_discovery:Found 271 installed packages in /opt/ros/humble
[0.209s] Level 1:colcon.colcon_core.package_discovery:discover_packages(prefix_path) using defaults
[0.247s] Level 5:colcon.colcon_core.verb:set package 'px4_msgs' build argument 'cmake_args' from command line to 'None'
[0.247s] Level 5:colcon.colcon_core.verb:set package 'px4_msgs' build argument 'cmake_target' from command line to 'None'
[0.247s] Level 5:colcon.colcon_core.verb:set package 'px4_msgs' build argument 'cmake_target_skip_unavailable' from command line to 'False'
[0.247s] Level 5:colcon.colcon_core.verb:set package 'px4_msgs' build argument 'cmake_clean_cache' from command line to 'False'
[0.247s] Level 5:colcon.colcon_core.verb:set package 'px4_msgs' build argument 'cmake_clean_first' from command line to 'False'
[0.247s] Level 5:colcon.colcon_core.verb:set package 'px4_msgs' build argument 'cmake_force_configure' from command line to 'False'
[0.247s] Level 5:colcon.colcon_core.verb:set package 'px4_msgs' build argument 'ament_cmake_args' from command line to 'None'
[0.247s] Level 5:colcon.colcon_core.verb:set package 'px4_msgs' build argument 'catkin_cmake_args' from command line to 'None'
[0.247s] Level 5:colcon.colcon_core.verb:set package 'px4_msgs' build argument 'catkin_skip_building_tests' from command line to 'False'
[0.247s] DEBUG:colcon.colcon_core.verb:Building package 'px4_msgs' with the following arguments: {'ament_cmake_args': None, 'build_base': '/home/stepan/ws_ros2/build/px4_msgs', 'catkin_cmake_args': None, 'catkin_skip_building_tests': False, 'cmake_args': None, 'cmake_clean_cache': False, 'cmake_clean_first': False, 'cmake_force_configure': False, 'cmake_target': None, 'cmake_target_skip_unavailable': False, 'install_base': '/home/stepan/ws_ros2/install/px4_msgs', 'merge_install': False, 'path': '/home/stepan/ws_ros2/src/px4_msgs', 'symlink_install': False, 'test_result_base': None}
[0.247s] Level 5:colcon.colcon_core.verb:set package 'px4_ros_com' build argument 'cmake_args' from command line to 'None'
[0.247s] Level 5:colcon.colcon_core.verb:set package 'px4_ros_com' build argument 'cmake_target' from command line to 'None'
[0.247s] Level 5:colcon.colcon_core.verb:set package 'px4_ros_com' build argument 'cmake_target_skip_unavailable' from command line to 'False'
[0.247s] Level 5:colcon.colcon_core.verb:set package 'px4_ros_com' build argument 'cmake_clean_cache' from command line to 'False'
[0.247s] Level 5:colcon.colcon_core.verb:set package 'px4_ros_com' build argument 'cmake_clean_first' from command line to 'False'
[0.247s] Level 5:colcon.colcon_core.verb:set package 'px4_ros_com' build argument 'cmake_force_configure' from command line to 'False'
[0.247s] Level 5:colcon.colcon_core.verb:set package 'px4_ros_com' build argument 'ament_cmake_args' from command line to 'None'
[0.247s] Level 5:colcon.colcon_core.verb:set package 'px4_ros_com' build argument 'catkin_cmake_args' from command line to 'None'
[0.247s] Level 5:colcon.colcon_core.verb:set package 'px4_ros_com' build argument 'catkin_skip_building_tests' from command line to 'False'
[0.247s] DEBUG:colcon.colcon_core.verb:Building package 'px4_ros_com' with the following arguments: {'ament_cmake_args': None, 'build_base': '/home/stepan/ws_ros2/build/px4_ros_com', 'catkin_cmake_args': None, 'catkin_skip_building_tests': False, 'cmake_args': None, 'cmake_clean_cache': False, 'cmake_clean_first': False, 'cmake_force_configure': False, 'cmake_target': None, 'cmake_target_skip_unavailable': False, 'install_base': '/home/stepan/ws_ros2/install/px4_ros_com', 'merge_install': False, 'path': '/home/stepan/ws_ros2/src/px4_ros_com', 'symlink_install': False, 'test_result_base': None}
[0.248s] INFO:colcon.colcon_core.executor:Executing jobs using 'parallel' executor
[0.248s] DEBUG:colcon.colcon_parallel_executor.executor.parallel:run_until_complete
[0.249s] INFO:colcon.colcon_ros.task.ament_cmake.build:Building ROS package in '/home/stepan/ws_ros2/src/px4_msgs' with build type 'ament_cmake'
[0.249s] INFO:colcon.colcon_cmake.task.cmake.build:Building CMake package in '/home/stepan/ws_ros2/src/px4_msgs'
[0.251s] INFO:colcon.colcon_core.plugin_system:Skipping extension 'colcon_core.shell.bat': Not used on non-Windows systems
[0.251s] INFO:colcon.colcon_core.shell:Skip shell extension 'powershell' for command environment: Not usable outside of PowerShell
[0.251s] DEBUG:colcon.colcon_core.shell:Skip shell extension 'dsv' for command environment
[0.256s] DEBUG:colcon.colcon_core.event_handler.log_command:Invoking command in '/home/stepan/ws_ros2/build/px4_msgs': CMAKE_PREFIX_PATH=/opt/ros/humble /usr/bin/cmake /home/stepan/ws_ros2/src/px4_msgs -DCMAKE_INSTALL_PREFIX=/home/stepan/ws_ros2/install/px4_msgs
[4.033s] DEBUG:colcon.colcon_core.event_handler.log_command:Invoked command in '/home/stepan/ws_ros2/build/px4_msgs' returned '0': CMAKE_PREFIX_PATH=/opt/ros/humble /usr/bin/cmake /home/stepan/ws_ros2/src/px4_msgs -DCMAKE_INSTALL_PREFIX=/home/stepan/ws_ros2/install/px4_msgs
[4.035s] DEBUG:colcon.colcon_core.event_handler.log_command:Invoking command in '/home/stepan/ws_ros2/build/px4_msgs': CMAKE_PREFIX_PATH=/opt/ros/humble /usr/bin/cmake --build /home/stepan/ws_ros2/build/px4_msgs -- -j8 -l8
[299.257s] DEBUG:colcon.colcon_core.event_handler.log_command:Invoked command in '/home/stepan/ws_ros2/build/px4_msgs' returned '0': CMAKE_PREFIX_PATH=/opt/ros/humble /usr/bin/cmake --build /home/stepan/ws_ros2/build/px4_msgs -- -j8 -l8
[299.265s] DEBUG:colcon.colcon_core.event_handler.log_command:Invoking command in '/home/stepan/ws_ros2/build/px4_msgs': CMAKE_PREFIX_PATH=/opt/ros/humble /usr/bin/cmake --install /home/stepan/ws_ros2/build/px4_msgs
[300.252s] Level 1:colcon.colcon_core.environment:create_environment_scripts_only(px4_msgs)
[300.253s] DEBUG:colcon.colcon_core.event_handler.log_command:Invoked command in '/home/stepan/ws_ros2/build/px4_msgs' returned '0': CMAKE_PREFIX_PATH=/opt/ros/humble /usr/bin/cmake --install /home/stepan/ws_ros2/build/px4_msgs
[300.255s] Level 1:colcon.colcon_core.environment:checking '/home/stepan/ws_ros2/install/px4_msgs' for CMake module files
[300.255s] Level 1:colcon.colcon_core.environment:checking '/home/stepan/ws_ros2/install/px4_msgs' for CMake config files
[300.256s] Level 1:colcon.colcon_core.shell:create_environment_hook('px4_msgs', 'cmake_prefix_path')
[300.256s] INFO:colcon.colcon_core.shell:Creating environment hook '/home/stepan/ws_ros2/install/px4_msgs/share/px4_msgs/hook/cmake_prefix_path.ps1'
[300.257s] INFO:colcon.colcon_core.shell:Creating environment descriptor '/home/stepan/ws_ros2/install/px4_msgs/share/px4_msgs/hook/cmake_prefix_path.dsv'
[300.257s] INFO:colcon.colcon_core.shell:Creating environment hook '/home/stepan/ws_ros2/install/px4_msgs/share/px4_msgs/hook/cmake_prefix_path.sh'
[300.258s] Level 1:colcon.colcon_core.environment:checking '/home/stepan/ws_ros2/install/px4_msgs/lib'
[300.258s] Level 1:colcon.colcon_core.shell:create_environment_hook('px4_msgs', 'ld_library_path_lib')
[300.258s] INFO:colcon.colcon_core.shell:Creating environment hook '/home/stepan/ws_ros2/install/px4_msgs/share/px4_msgs/hook/ld_library_path_lib.ps1'
[300.259s] INFO:colcon.colcon_core.shell:Creating environment descriptor '/home/stepan/ws_ros2/install/px4_msgs/share/px4_msgs/hook/ld_library_path_lib.dsv'
[300.259s] INFO:colcon.colcon_core.shell:Creating environment hook '/home/stepan/ws_ros2/install/px4_msgs/share/px4_msgs/hook/ld_library_path_lib.sh'
[300.259s] Level 1:colcon.colcon_core.environment:checking '/home/stepan/ws_ros2/install/px4_msgs/bin'
[300.259s] Level 1:colcon.colcon_core.environment:checking '/home/stepan/ws_ros2/install/px4_msgs/lib/pkgconfig/px4_msgs.pc'
[300.260s] Level 1:colcon.colcon_core.environment:checking '/home/stepan/ws_ros2/install/px4_msgs/lib/python3.10/site-packages'
[300.260s] Level 1:colcon.colcon_core.environment:checking '/home/stepan/ws_ros2/install/px4_msgs/bin'
[300.260s] INFO:colcon.colcon_core.shell:Creating package script '/home/stepan/ws_ros2/install/px4_msgs/share/px4_msgs/package.ps1'
[300.261s] INFO:colcon.colcon_core.shell:Creating package descriptor '/home/stepan/ws_ros2/install/px4_msgs/share/px4_msgs/package.dsv'
[300.261s] INFO:colcon.colcon_core.shell:Creating package script '/home/stepan/ws_ros2/install/px4_msgs/share/px4_msgs/package.sh'
[300.262s] INFO:colcon.colcon_core.shell:Creating package script '/home/stepan/ws_ros2/install/px4_msgs/share/px4_msgs/package.bash'
[300.263s] INFO:colcon.colcon_core.shell:Creating package script '/home/stepan/ws_ros2/install/px4_msgs/share/px4_msgs/package.zsh'
[300.263s] Level 1:colcon.colcon_core.environment:create_file_with_runtime_dependencies(/home/stepan/ws_ros2/install/px4_msgs/share/colcon-core/packages/px4_msgs)
[300.264s] Level 1:colcon.colcon_core.environment:create_environment_scripts_only(px4_msgs)
[300.264s] Level 1:colcon.colcon_core.environment:checking '/home/stepan/ws_ros2/install/px4_msgs' for CMake module files
[300.265s] Level 1:colcon.colcon_core.environment:checking '/home/stepan/ws_ros2/install/px4_msgs' for CMake config files
[300.265s] Level 1:colcon.colcon_core.shell:create_environment_hook('px4_msgs', 'cmake_prefix_path')
[300.266s] INFO:colcon.colcon_core.shell:Creating environment hook '/home/stepan/ws_ros2/install/px4_msgs/share/px4_msgs/hook/cmake_prefix_path.ps1'
[300.266s] INFO:colcon.colcon_core.shell:Creating environment descriptor '/home/stepan/ws_ros2/install/px4_msgs/share/px4_msgs/hook/cmake_prefix_path.dsv'
[300.266s] INFO:colcon.colcon_core.shell:Creating environment hook '/home/stepan/ws_ros2/install/px4_msgs/share/px4_msgs/hook/cmake_prefix_path.sh'
[300.267s] Level 1:colcon.colcon_core.environment:checking '/home/stepan/ws_ros2/install/px4_msgs/lib'
[300.267s] Level 1:colcon.colcon_core.shell:create_environment_hook('px4_msgs', 'ld_library_path_lib')
[300.267s] INFO:colcon.colcon_core.shell:Creating environment hook '/home/stepan/ws_ros2/install/px4_msgs/share/px4_msgs/hook/ld_library_path_lib.ps1'
[300.267s] INFO:colcon.colcon_core.shell:Creating environment descriptor '/home/stepan/ws_ros2/install/px4_msgs/share/px4_msgs/hook/ld_library_path_lib.dsv'
[300.268s] INFO:colcon.colcon_core.shell:Creating environment hook '/home/stepan/ws_ros2/install/px4_msgs/share/px4_msgs/hook/ld_library_path_lib.sh'
[300.268s] Level 1:colcon.colcon_core.environment:checking '/home/stepan/ws_ros2/install/px4_msgs/bin'
[300.268s] Level 1:colcon.colcon_core.environment:checking '/home/stepan/ws_ros2/install/px4_msgs/lib/pkgconfig/px4_msgs.pc'
[300.268s] Level 1:colcon.colcon_core.environment:checking '/home/stepan/ws_ros2/install/px4_msgs/lib/python3.10/site-packages'
[300.268s] Level 1:colcon.colcon_core.environment:checking '/home/stepan/ws_ros2/install/px4_msgs/bin'
[300.269s] INFO:colcon.colcon_core.shell:Creating package script '/home/stepan/ws_ros2/install/px4_msgs/share/px4_msgs/package.ps1'
[300.269s] INFO:colcon.colcon_core.shell:Creating package descriptor '/home/stepan/ws_ros2/install/px4_msgs/share/px4_msgs/package.dsv'
[300.270s] INFO:colcon.colcon_core.shell:Creating package script '/home/stepan/ws_ros2/install/px4_msgs/share/px4_msgs/package.sh'
[300.270s] INFO:colcon.colcon_core.shell:Creating package script '/home/stepan/ws_ros2/install/px4_msgs/share/px4_msgs/package.bash'
[300.271s] INFO:colcon.colcon_core.shell:Creating package script '/home/stepan/ws_ros2/install/px4_msgs/share/px4_msgs/package.zsh'
[300.271s] Level 1:colcon.colcon_core.environment:create_file_with_runtime_dependencies(/home/stepan/ws_ros2/install/px4_msgs/share/colcon-core/packages/px4_msgs)
[300.271s] INFO:colcon.colcon_ros.task.ament_cmake.build:Building ROS package in '/home/stepan/ws_ros2/src/px4_ros_com' with build type 'ament_cmake'
[300.271s] INFO:colcon.colcon_cmake.task.cmake.build:Building CMake package in '/home/stepan/ws_ros2/src/px4_ros_com'
[300.272s] INFO:colcon.colcon_core.shell:Skip shell extension 'powershell' for command environment: Not usable outside of PowerShell
[300.272s] DEBUG:colcon.colcon_core.shell:Skip shell extension 'dsv' for command environment
[300.280s] DEBUG:colcon.colcon_core.event_handler.log_command:Invoking command in '/home/stepan/ws_ros2/build/px4_ros_com': AMENT_PREFIX_PATH=/home/stepan/ws_ros2/install/px4_msgs:${AMENT_PREFIX_PATH} CMAKE_PREFIX_PATH=/home/stepan/ws_ros2/install/px4_msgs:/opt/ros/humble LD_LIBRARY_PATH=/home/stepan/ws_ros2/install/px4_msgs/lib:${LD_LIBRARY_PATH} PYTHONPATH=/home/stepan/ws_ros2/install/px4_msgs/local/lib/python3.10/dist-packages:${PYTHONPATH} /usr/bin/cmake /home/stepan/ws_ros2/src/px4_ros_com -DCMAKE_INSTALL_PREFIX=/home/stepan/ws_ros2/install/px4_ros_com
[301.676s] DEBUG:colcon.colcon_core.event_handler.log_command:Invoked command in '/home/stepan/ws_ros2/build/px4_ros_com' returned '0': AMENT_PREFIX_PATH=/home/stepan/ws_ros2/install/px4_msgs:${AMENT_PREFIX_PATH} CMAKE_PREFIX_PATH=/home/stepan/ws_ros2/install/px4_msgs:/opt/ros/humble LD_LIBRARY_PATH=/home/stepan/ws_ros2/install/px4_msgs/lib:${LD_LIBRARY_PATH} PYTHONPATH=/home/stepan/ws_ros2/install/px4_msgs/local/lib/python3.10/dist-packages:${PYTHONPATH} /usr/bin/cmake /home/stepan/ws_ros2/src/px4_ros_com -DCMAKE_INSTALL_PREFIX=/home/stepan/ws_ros2/install/px4_ros_com
[301.678s] DEBUG:colcon.colcon_core.event_handler.log_command:Invoking command in '/home/stepan/ws_ros2/build/px4_ros_com': AMENT_PREFIX_PATH=/home/stepan/ws_ros2/install/px4_msgs:${AMENT_PREFIX_PATH} CMAKE_PREFIX_PATH=/home/stepan/ws_ros2/install/px4_msgs:/opt/ros/humble LD_LIBRARY_PATH=/home/stepan/ws_ros2/install/px4_msgs/lib:${LD_LIBRARY_PATH} PYTHONPATH=/home/stepan/ws_ros2/install/px4_msgs/local/lib/python3.10/dist-packages:${PYTHONPATH} /usr/bin/cmake --build /home/stepan/ws_ros2/build/px4_ros_com -- -j8 -l8
[313.156s] DEBUG:colcon.colcon_core.event_handler.log_command:Invoked command in '/home/stepan/ws_ros2/build/px4_ros_com' returned '0': AMENT_PREFIX_PATH=/home/stepan/ws_ros2/install/px4_msgs:${AMENT_PREFIX_PATH} CMAKE_PREFIX_PATH=/home/stepan/ws_ros2/install/px4_msgs:/opt/ros/humble LD_LIBRARY_PATH=/home/stepan/ws_ros2/install/px4_msgs/lib:${LD_LIBRARY_PATH} PYTHONPATH=/home/stepan/ws_ros2/install/px4_msgs/local/lib/python3.10/dist-packages:${PYTHONPATH} /usr/bin/cmake --build /home/stepan/ws_ros2/build/px4_ros_com -- -j8 -l8
[313.158s] DEBUG:colcon.colcon_core.event_handler.log_command:Invoking command in '/home/stepan/ws_ros2/build/px4_ros_com': AMENT_PREFIX_PATH=/home/stepan/ws_ros2/install/px4_msgs:${AMENT_PREFIX_PATH} CMAKE_PREFIX_PATH=/home/stepan/ws_ros2/install/px4_msgs:/opt/ros/humble LD_LIBRARY_PATH=/home/stepan/ws_ros2/install/px4_msgs/lib:${LD_LIBRARY_PATH} PYTHONPATH=/home/stepan/ws_ros2/install/px4_msgs/local/lib/python3.10/dist-packages:${PYTHONPATH} /usr/bin/cmake --install /home/stepan/ws_ros2/build/px4_ros_com
[313.219s] Level 1:colcon.colcon_core.environment:create_environment_scripts_only(px4_ros_com)
[313.220s] Level 1:colcon.colcon_core.environment:checking '/home/stepan/ws_ros2/install/px4_ros_com' for CMake module files
[313.220s] DEBUG:colcon.colcon_core.event_handler.log_command:Invoked command in '/home/stepan/ws_ros2/build/px4_ros_com' returned '0': AMENT_PREFIX_PATH=/home/stepan/ws_ros2/install/px4_msgs:${AMENT_PREFIX_PATH} CMAKE_PREFIX_PATH=/home/stepan/ws_ros2/install/px4_msgs:/opt/ros/humble LD_LIBRARY_PATH=/home/stepan/ws_ros2/install/px4_msgs/lib:${LD_LIBRARY_PATH} PYTHONPATH=/home/stepan/ws_ros2/install/px4_msgs/local/lib/python3.10/dist-packages:${PYTHONPATH} /usr/bin/cmake --install /home/stepan/ws_ros2/build/px4_ros_com
[313.221s] Level 1:colcon.colcon_core.environment:checking '/home/stepan/ws_ros2/install/px4_ros_com' for CMake config files
[313.221s] Level 1:colcon.colcon_core.shell:create_environment_hook('px4_ros_com', 'cmake_prefix_path')
[313.221s] INFO:colcon.colcon_core.shell:Creating environment hook '/home/stepan/ws_ros2/install/px4_ros_com/share/px4_ros_com/hook/cmake_prefix_path.ps1'
[313.221s] INFO:colcon.colcon_core.shell:Creating environment descriptor '/home/stepan/ws_ros2/install/px4_ros_com/share/px4_ros_com/hook/cmake_prefix_path.dsv'
[313.222s] INFO:colcon.colcon_core.shell:Creating environment hook '/home/stepan/ws_ros2/install/px4_ros_com/share/px4_ros_com/hook/cmake_prefix_path.sh'
[313.222s] Level 1:colcon.colcon_core.environment:checking '/home/stepan/ws_ros2/install/px4_ros_com/lib'
[313.222s] Level 1:colcon.colcon_core.shell:create_environment_hook('px4_ros_com', 'ld_library_path_lib')
[313.223s] INFO:colcon.colcon_core.shell:Creating environment hook '/home/stepan/ws_ros2/install/px4_ros_com/share/px4_ros_com/hook/ld_library_path_lib.ps1'
[313.223s] INFO:colcon.colcon_core.shell:Creating environment descriptor '/home/stepan/ws_ros2/install/px4_ros_com/share/px4_ros_com/hook/ld_library_path_lib.dsv'
[313.223s] INFO:colcon.colcon_core.shell:Creating environment hook '/home/stepan/ws_ros2/install/px4_ros_com/share/px4_ros_com/hook/ld_library_path_lib.sh'
[313.223s] Level 1:colcon.colcon_core.environment:checking '/home/stepan/ws_ros2/install/px4_ros_com/bin'
[313.224s] Level 1:colcon.colcon_core.environment:checking '/home/stepan/ws_ros2/install/px4_ros_com/lib/pkgconfig/px4_ros_com.pc'
[313.224s] Level 1:colcon.colcon_core.environment:checking '/home/stepan/ws_ros2/install/px4_ros_com/lib/python3.10/site-packages'
[313.224s] Level 1:colcon.colcon_core.environment:checking '/home/stepan/ws_ros2/install/px4_ros_com/bin'
[313.224s] INFO:colcon.colcon_core.shell:Creating package script '/home/stepan/ws_ros2/install/px4_ros_com/share/px4_ros_com/package.ps1'
[313.225s] INFO:colcon.colcon_core.shell:Creating package descriptor '/home/stepan/ws_ros2/install/px4_ros_com/share/px4_ros_com/package.dsv'
[313.225s] INFO:colcon.colcon_core.shell:Creating package script '/home/stepan/ws_ros2/install/px4_ros_com/share/px4_ros_com/package.sh'
[313.225s] INFO:colcon.colcon_core.shell:Creating package script '/home/stepan/ws_ros2/install/px4_ros_com/share/px4_ros_com/package.bash'
[313.226s] INFO:colcon.colcon_core.shell:Creating package script '/home/stepan/ws_ros2/install/px4_ros_com/share/px4_ros_com/package.zsh'
[313.226s] Level 1:colcon.colcon_core.environment:create_file_with_runtime_dependencies(/home/stepan/ws_ros2/install/px4_ros_com/share/colcon-core/packages/px4_ros_com)
[313.227s] Level 1:colcon.colcon_core.environment:create_environment_scripts_only(px4_ros_com)
[313.227s] Level 1:colcon.colcon_core.environment:checking '/home/stepan/ws_ros2/install/px4_ros_com' for CMake module files
[313.227s] Level 1:colcon.colcon_core.environment:checking '/home/stepan/ws_ros2/install/px4_ros_com' for CMake config files
[313.228s] Level 1:colcon.colcon_core.shell:create_environment_hook('px4_ros_com', 'cmake_prefix_path')
[313.228s] INFO:colcon.colcon_core.shell:Creating environment hook '/home/stepan/ws_ros2/install/px4_ros_com/share/px4_ros_com/hook/cmake_prefix_path.ps1'
[313.228s] INFO:colcon.colcon_core.shell:Creating environment descriptor '/home/stepan/ws_ros2/install/px4_ros_com/share/px4_ros_com/hook/cmake_prefix_path.dsv'
[313.228s] INFO:colcon.colcon_core.shell:Creating environment hook '/home/stepan/ws_ros2/install/px4_ros_com/share/px4_ros_com/hook/cmake_prefix_path.sh'
[313.229s] Level 1:colcon.colcon_core.environment:checking '/home/stepan/ws_ros2/install/px4_ros_com/lib'
[313.229s] Level 1:colcon.colcon_core.shell:create_environment_hook('px4_ros_com', 'ld_library_path_lib')
[313.229s] INFO:colcon.colcon_core.shell:Creating environment hook '/home/stepan/ws_ros2/install/px4_ros_com/share/px4_ros_com/hook/ld_library_path_lib.ps1'
[313.229s] INFO:colcon.colcon_core.shell:Creating environment descriptor '/home/stepan/ws_ros2/install/px4_ros_com/share/px4_ros_com/hook/ld_library_path_lib.dsv'
[313.230s] INFO:colcon.colcon_core.shell:Creating environment hook '/home/stepan/ws_ros2/install/px4_ros_com/share/px4_ros_com/hook/ld_library_path_lib.sh'
[313.230s] Level 1:colcon.colcon_core.environment:checking '/home/stepan/ws_ros2/install/px4_ros_com/bin'
[313.230s] Level 1:colcon.colcon_core.environment:checking '/home/stepan/ws_ros2/install/px4_ros_com/lib/pkgconfig/px4_ros_com.pc'
[313.230s] Level 1:colcon.colcon_core.environment:checking '/home/stepan/ws_ros2/install/px4_ros_com/lib/python3.10/site-packages'
[313.231s] Level 1:colcon.colcon_core.environment:checking '/home/stepan/ws_ros2/install/px4_ros_com/bin'
[313.231s] INFO:colcon.colcon_core.shell:Creating package script '/home/stepan/ws_ros2/install/px4_ros_com/share/px4_ros_com/package.ps1'
[313.231s] INFO:colcon.colcon_core.shell:Creating package descriptor '/home/stepan/ws_ros2/install/px4_ros_com/share/px4_ros_com/package.dsv'
[313.232s] INFO:colcon.colcon_core.shell:Creating package script '/home/stepan/ws_ros2/install/px4_ros_com/share/px4_ros_com/package.sh'
[313.232s] INFO:colcon.colcon_core.shell:Creating package script '/home/stepan/ws_ros2/install/px4_ros_com/share/px4_ros_com/package.bash'
[313.233s] INFO:colcon.colcon_core.shell:Creating package script '/home/stepan/ws_ros2/install/px4_ros_com/share/px4_ros_com/package.zsh'
[313.233s] Level 1:colcon.colcon_core.environment:create_file_with_runtime_dependencies(/home/stepan/ws_ros2/install/px4_ros_com/share/colcon-core/packages/px4_ros_com)
[313.233s] DEBUG:colcon.colcon_parallel_executor.executor.parallel:closing loop
[313.233s] DEBUG:colcon.colcon_parallel_executor.executor.parallel:loop closed
[313.233s] DEBUG:colcon.colcon_parallel_executor.executor.parallel:run_until_complete finished with '0'
[313.233s] DEBUG:colcon.colcon_core.event_reactor:joining thread
[313.238s] INFO:colcon.colcon_core.plugin_system:Skipping extension 'colcon_notification.desktop_notification.terminal_notifier': Not used on non-Darwin systems
[313.238s] INFO:colcon.colcon_core.plugin_system:Skipping extension 'colcon_notification.desktop_notification.win32': Not used on non-Windows systems
[313.239s] INFO:colcon.colcon_notification.desktop_notification:Sending desktop notification using 'notify2'
[313.250s] DEBUG:colcon.colcon_core.event_reactor:joined thread
[313.251s] INFO:colcon.colcon_core.shell:Creating prefix script '/home/stepan/ws_ros2/install/local_setup.ps1'
[313.252s] INFO:colcon.colcon_core.shell:Creating prefix util module '/home/stepan/ws_ros2/install/_local_setup_util_ps1.py'
[313.253s] INFO:colcon.colcon_core.shell:Creating prefix chain script '/home/stepan/ws_ros2/install/setup.ps1'
[313.255s] INFO:colcon.colcon_core.shell:Creating prefix script '/home/stepan/ws_ros2/install/local_setup.sh'
[313.255s] INFO:colcon.colcon_core.shell:Creating prefix util module '/home/stepan/ws_ros2/install/_local_setup_util_sh.py'
[313.256s] INFO:colcon.colcon_core.shell:Creating prefix chain script '/home/stepan/ws_ros2/install/setup.sh'
[313.257s] INFO:colcon.colcon_core.shell:Creating prefix script '/home/stepan/ws_ros2/install/local_setup.bash'
[313.257s] INFO:colcon.colcon_core.shell:Creating prefix chain script '/home/stepan/ws_ros2/install/setup.bash'
[313.258s] INFO:colcon.colcon_core.shell:Creating prefix script '/home/stepan/ws_ros2/install/local_setup.zsh'
[313.258s] INFO:colcon.colcon_core.shell:Creating prefix chain script '/home/stepan/ws_ros2/install/setup.zsh'
