[2.776s] Invoking command in '/home/stepan/ws_ros2/src/offboard': CMAKE_PREFIX_PATH=/home/stepan/ws_ros2/install/px4_msgs:/home/stepan/ws_ros2/install/px4_ros_com:/home/stepan/ws_ros2/install/offboard LD_LIBRARY_PATH=/home/stepan/ws_ros2/install/px4_msgs/lib:/home/stepan/ws_ros2/install/px4_ros_com/lib:/opt/ros/humble/opt/rviz_ogre_vendor/lib:/opt/ros/humble/lib/x86_64-linux-gnu:/opt/ros/humble/lib PYTHONPATH=/home/stepan/ws_ros2/build/offboard/prefix_override:/usr/lib/python3/dist-packages/colcon_core/task/python/colcon_distutils_commands:/home/stepan/ws_ros2/install/offboard/lib/python3.10/site-packages:${PYTHONPATH} /usr/bin/python3 -W ignore:setup.py install is deprecated -W ignore:easy_install command is deprecated setup.py egg_info --egg-base ../../build/offboard build --build-base /home/stepan/ws_ros2/build/offboard/build install --record /home/stepan/ws_ros2/build/offboard/install.log --single-version-externally-managed install_data
[3.298s] /home/stepan/.local/lib/python3.10/site-packages/setuptools/_distutils/dist.py:289: UserWarning: Unknown distribution option: 'tests_require'
[3.298s]   warnings.warn(msg)
[3.594s] running egg_info
[3.644s] writing ../../build/offboard/offboard.egg-info/PKG-INFO
[3.646s] writing dependency_links to ../../build/offboard/offboard.egg-info/dependency_links.txt
[3.646s] writing entry points to ../../build/offboard/offboard.egg-info/entry_points.txt
[3.647s] writing requirements to ../../build/offboard/offboard.egg-info/requires.txt
[3.647s] writing top-level names to ../../build/offboard/offboard.egg-info/top_level.txt
[3.767s] reading manifest file '../../build/offboard/offboard.egg-info/SOURCES.txt'
[3.771s] writing manifest file '../../build/offboard/offboard.egg-info/SOURCES.txt'
[3.772s] running build
[3.773s] running build_py
[3.773s] copying offboard/__init__.py -> /home/stepan/ws_ros2/build/offboard/build/lib/offboard
[3.774s] copying offboard/letova_mise.py -> /home/stepan/ws_ros2/build/offboard/build/lib/offboard
[3.775s] copying offboard/offboard_mission.py -> /home/stepan/ws_ros2/build/offboard/build/lib/offboard
[3.775s] copying offboard/pristani.py -> /home/stepan/ws_ros2/build/offboard/build/lib/offboard
[3.777s] copying offboard/vzlet.py -> /home/stepan/ws_ros2/build/offboard/build/lib/offboard
[3.778s] copying offboard/dopredu.py -> /home/stepan/ws_ros2/build/offboard/build/lib/offboard
[3.779s] running install
[3.795s] running install_lib
[3.855s] copying /home/stepan/ws_ros2/build/offboard/build/lib/offboard/pristani.py -> /home/stepan/ws_ros2/install/offboard/lib/python3.10/site-packages/offboard
[3.858s] byte-compiling /home/stepan/ws_ros2/install/offboard/lib/python3.10/site-packages/offboard/pristani.py to pristani.cpython-310.pyc
[3.864s] running install_data
[3.864s] copying resource/offboard -> /home/stepan/ws_ros2/install/offboard/share/ament_index/resource_index/packages
[3.865s] copying package.xml -> /home/stepan/ws_ros2/install/offboard/share/offboard
[3.866s] running install_egg_info
[3.941s] removing '/home/stepan/ws_ros2/install/offboard/lib/python3.10/site-packages/offboard-0.0.0-py3.10.egg-info' (and everything under it)
[3.942s] Copying ../../build/offboard/offboard.egg-info to /home/stepan/ws_ros2/install/offboard/lib/python3.10/site-packages/offboard-0.0.0-py3.10.egg-info
[3.945s] running install_scripts
[4.376s] Installing dopredu script to /home/stepan/ws_ros2/install/offboard/lib/offboard
[4.377s] Installing letova_mise script to /home/stepan/ws_ros2/install/offboard/lib/offboard
[4.377s] Installing offboard_mission script to /home/stepan/ws_ros2/install/offboard/lib/offboard
[4.378s] Installing pristani script to /home/stepan/ws_ros2/install/offboard/lib/offboard
[4.378s] Installing vzlet script to /home/stepan/ws_ros2/install/offboard/lib/offboard
[4.379s] writing list of installed files to '/home/stepan/ws_ros2/build/offboard/install.log'
[4.476s] Invoked command in '/home/stepan/ws_ros2/src/offboard' returned '0': CMAKE_PREFIX_PATH=/home/stepan/ws_ros2/install/px4_msgs:/home/stepan/ws_ros2/install/px4_ros_com:/home/stepan/ws_ros2/install/offboard LD_LIBRARY_PATH=/home/stepan/ws_ros2/install/px4_msgs/lib:/home/stepan/ws_ros2/install/px4_ros_com/lib:/opt/ros/humble/opt/rviz_ogre_vendor/lib:/opt/ros/humble/lib/x86_64-linux-gnu:/opt/ros/humble/lib PYTHONPATH=/home/stepan/ws_ros2/build/offboard/prefix_override:/usr/lib/python3/dist-packages/colcon_core/task/python/colcon_distutils_commands:/home/stepan/ws_ros2/install/offboard/lib/python3.10/site-packages:${PYTHONPATH} /usr/bin/python3 -W ignore:setup.py install is deprecated -W ignore:easy_install command is deprecated setup.py egg_info --egg-base ../../build/offboard build --build-base /home/stepan/ws_ros2/build/offboard/build install --record /home/stepan/ws_ros2/build/offboard/install.log --single-version-externally-managed install_data
