[ 50%] Built target offboard_cpp_exec
[100%] Built target offboard_srv_exec
-- Install configuration: ""
-- Up-to-date: /home/stepan/ws_ros2/install/offboard/lib/offboard/offboard_cpp_exec
-- Up-to-date: /home/stepan/ws_ros2/install/offboard/lib/offboard/offboard_srv_exec
-- Up-to-date: /home/stepan/ws_ros2/install/offboard/share/ament_index/resource_index/package_run_dependencies/offboard
-- Up-to-date: /home/stepan/ws_ros2/install/offboard/share/ament_index/resource_index/parent_prefix_path/offboard
-- Up-to-date: /home/stepan/ws_ros2/install/offboard/share/offboard/environment/ament_prefix_path.sh
-- Up-to-date: /home/stepan/ws_ros2/install/offboard/share/offboard/environment/ament_prefix_path.dsv
-- Up-to-date: /home/stepan/ws_ros2/install/offboard/share/offboard/environment/path.sh
-- Up-to-date: /home/stepan/ws_ros2/install/offboard/share/offboard/environment/path.dsv
-- Up-to-date: /home/stepan/ws_ros2/install/offboard/share/offboard/local_setup.bash
-- Up-to-date: /home/stepan/ws_ros2/install/offboard/share/offboard/local_setup.sh
-- Up-to-date: /home/stepan/ws_ros2/install/offboard/share/offboard/local_setup.zsh
-- Up-to-date: /home/stepan/ws_ros2/install/offboard/share/offboard/local_setup.dsv
-- Installing: /home/stepan/ws_ros2/install/offboard/share/offboard/package.dsv
-- Up-to-date: /home/stepan/ws_ros2/install/offboard/share/ament_index/resource_index/packages/offboard
-- Up-to-date: /home/stepan/ws_ros2/install/offboard/share/offboard/cmake/offboardConfig.cmake
-- Up-to-date: /home/stepan/ws_ros2/install/offboard/share/offboard/cmake/offboardConfig-version.cmake
-- Up-to-date: /home/stepan/ws_ros2/install/offboard/share/offboard/package.xml
