[1.937s] Invoking command in '/home/stepan/ws_ros2/src/offboard': CMAKE_PREFIX_PATH=/home/stepan/ws_ros2/install/px4_msgs:/home/stepan/ws_ros2/install/px4_ros_com:/home/stepan/ws_ros2/install/offboard LD_LIBRARY_PATH=/home/stepan/ws_ros2/install/px4_msgs/lib:/home/stepan/ws_ros2/install/px4_ros_com/lib:/opt/ros/humble/opt/rviz_ogre_vendor/lib:/opt/ros/humble/lib/x86_64-linux-gnu:/opt/ros/humble/lib PYTHONPATH=/home/stepan/ws_ros2/build/offboard/prefix_override:/usr/lib/python3/dist-packages/colcon_core/task/python/colcon_distutils_commands:/home/stepan/ws_ros2/install/offboard/lib/python3.10/site-packages:${PYTHONPATH} /usr/bin/python3 -W ignore:setup.py install is deprecated -W ignore:easy_install command is deprecated setup.py egg_info --egg-base ../../build/offboard build --build-base /home/stepan/ws_ros2/build/offboard/build install --record /home/stepan/ws_ros2/build/offboard/install.log --single-version-externally-managed install_data
[2.452s] /home/stepan/.local/lib/python3.10/site-packages/setuptools/_distutils/dist.py:289: UserWarning: Unknown distribution option: 'tests_require'
[2.452s]   warnings.warn(msg)
[2.766s] running egg_info
[2.802s] writing ../../build/offboard/offboard.egg-info/PKG-INFO
[2.802s] writing dependency_links to ../../build/offboard/offboard.egg-info/dependency_links.txt
[2.803s] writing entry points to ../../build/offboard/offboard.egg-info/entry_points.txt
[2.803s] writing requirements to ../../build/offboard/offboard.egg-info/requires.txt
[2.803s] writing top-level names to ../../build/offboard/offboard.egg-info/top_level.txt
[2.870s] reading manifest file '../../build/offboard/offboard.egg-info/SOURCES.txt'
[2.873s] writing manifest file '../../build/offboard/offboard.egg-info/SOURCES.txt'
[2.873s] running build
[2.873s] running build_py
[2.874s] copying offboard/__init__.py -> /home/stepan/ws_ros2/build/offboard/build/lib/offboard
[2.874s] copying offboard/letova_mise.py -> /home/stepan/ws_ros2/build/offboard/build/lib/offboard
[2.874s] copying offboard/offboard_mission.py -> /home/stepan/ws_ros2/build/offboard/build/lib/offboard
[2.875s] copying offboard/pristani.py -> /home/stepan/ws_ros2/build/offboard/build/lib/offboard
[2.875s] copying offboard/vzlet.py -> /home/stepan/ws_ros2/build/offboard/build/lib/offboard
[2.875s] copying offboard/dopredu.py -> /home/stepan/ws_ros2/build/offboard/build/lib/offboard
[2.875s] running install
[2.885s] running install_lib
[2.915s] copying /home/stepan/ws_ros2/build/offboard/build/lib/offboard/dopredu.py -> /home/stepan/ws_ros2/install/offboard/lib/python3.10/site-packages/offboard
[2.917s] byte-compiling /home/stepan/ws_ros2/install/offboard/lib/python3.10/site-packages/offboard/dopredu.py to dopredu.cpython-310.pyc
[2.918s] Sorry: IndentationError: expected an indented block after function definition on line 39 (dopredu.py, line 40)
[2.918s] running install_data
[2.918s] copying resource/offboard -> /home/stepan/ws_ros2/install/offboard/share/ament_index/resource_index/packages
[2.918s] copying package.xml -> /home/stepan/ws_ros2/install/offboard/share/offboard
[2.918s] running install_egg_info
[2.950s] removing '/home/stepan/ws_ros2/install/offboard/lib/python3.10/site-packages/offboard-0.0.0-py3.10.egg-info' (and everything under it)
[2.951s] Copying ../../build/offboard/offboard.egg-info to /home/stepan/ws_ros2/install/offboard/lib/python3.10/site-packages/offboard-0.0.0-py3.10.egg-info
[2.952s] running install_scripts
[3.192s] Installing dopredu script to /home/stepan/ws_ros2/install/offboard/lib/offboard
[3.192s] Installing letova_mise script to /home/stepan/ws_ros2/install/offboard/lib/offboard
[3.193s] Installing offboard_mission script to /home/stepan/ws_ros2/install/offboard/lib/offboard
[3.194s] Installing pristani script to /home/stepan/ws_ros2/install/offboard/lib/offboard
[3.194s] Installing vzlet script to /home/stepan/ws_ros2/install/offboard/lib/offboard
[3.196s] writing list of installed files to '/home/stepan/ws_ros2/build/offboard/install.log'
[3.293s] Invoked command in '/home/stepan/ws_ros2/src/offboard' returned '0': CMAKE_PREFIX_PATH=/home/stepan/ws_ros2/install/px4_msgs:/home/stepan/ws_ros2/install/px4_ros_com:/home/stepan/ws_ros2/install/offboard LD_LIBRARY_PATH=/home/stepan/ws_ros2/install/px4_msgs/lib:/home/stepan/ws_ros2/install/px4_ros_com/lib:/opt/ros/humble/opt/rviz_ogre_vendor/lib:/opt/ros/humble/lib/x86_64-linux-gnu:/opt/ros/humble/lib PYTHONPATH=/home/stepan/ws_ros2/build/offboard/prefix_override:/usr/lib/python3/dist-packages/colcon_core/task/python/colcon_distutils_commands:/home/stepan/ws_ros2/install/offboard/lib/python3.10/site-packages:${PYTHONPATH} /usr/bin/python3 -W ignore:setup.py install is deprecated -W ignore:easy_install command is deprecated setup.py egg_info --egg-base ../../build/offboard build --build-base /home/stepan/ws_ros2/build/offboard/build install --record /home/stepan/ws_ros2/build/offboard/install.log --single-version-externally-managed install_data
