[0.125s] DEBUG:colcon:Command line arguments: ['/usr/bin/colcon', 'build']
[0.125s] DEBUG:colcon:Parsed command line arguments: Namespace(log_base=None, log_level=None, verb_name='build', build_base='build', install_base='install', merge_install=False, symlink_install=False, test_result_base=None, continue_on_error=False, executor='parallel', parallel_workers=8, event_handlers=None, ignore_user_meta=False, metas=['./colcon.meta'], base_paths=['.'], packages_ignore=None, packages_ignore_regex=None, paths=None, packages_up_to=None, packages_up_to_regex=None, packages_above=None, packages_above_and_dependencies=None, packages_above_depth=None, packages_select_by_dep=None, packages_skip_by_dep=None, packages_skip_up_to=None, packages_select_build_failed=False, packages_skip_build_finished=False, packages_select_test_failures=False, packages_skip_test_passed=False, packages_select=None, packages_skip=None, packages_select_regex=None, packages_skip_regex=None, packages_start=None, packages_end=None, allow_overriding=[], cmake_args=None, cmake_target=None, cmake_target_skip_unavailable=False, cmake_clean_cache=False, cmake_clean_first=False, cmake_force_configure=False, ament_cmake_args=None, catkin_cmake_args=None, catkin_skip_building_tests=False, mixin_files=None, mixin=None, verb_parser=<colcon_mixin.mixin.mixin_argument.MixinArgumentDecorator object at 0x7d7c3464f730>, verb_extension=<colcon_core.verb.build.BuildVerb object at 0x7d7c34610d00>, main=<bound method BuildVerb.main of <colcon_core.verb.build.BuildVerb object at 0x7d7c34610d00>>, mixin_verb=('build',))
[0.170s] Level 1:colcon.colcon_core.package_discovery:discover_packages(colcon_meta) check parameters
[0.170s] Level 1:colcon.colcon_core.package_discovery:discover_packages(recursive) check parameters
[0.170s] Level 1:colcon.colcon_core.package_discovery:discover_packages(ignore) check parameters
[0.171s] Level 1:colcon.colcon_core.package_discovery:discover_packages(path) check parameters
[0.171s] Level 1:colcon.colcon_core.package_discovery:discover_packages(colcon_meta) discover
[0.171s] Level 1:colcon.colcon_core.package_discovery:discover_packages(recursive) discover
[0.171s] INFO:colcon.colcon_core.package_discovery:Crawling recursively for packages in '/home/stepan/ws_ros2'
[0.171s] Level 1:colcon.colcon_core.package_identification:_identify(.) by extensions ['ignore', 'ignore_ament_install']
[0.171s] Level 1:colcon.colcon_core.package_identification:_identify(.) by extension 'ignore'
[0.171s] Level 1:colcon.colcon_core.package_identification:_identify(.) by extension 'ignore_ament_install'
[0.171s] Level 1:colcon.colcon_core.package_identification:_identify(.) by extensions ['colcon_pkg']
[0.171s] Level 1:colcon.colcon_core.package_identification:_identify(.) by extension 'colcon_pkg'
[0.171s] Level 1:colcon.colcon_core.package_identification:_identify(.) by extensions ['colcon_meta']
[0.171s] Level 1:colcon.colcon_core.package_identification:_identify(.) by extension 'colcon_meta'
[0.171s] Level 1:colcon.colcon_core.package_identification:_identify(.) by extensions ['ros']
[0.171s] Level 1:colcon.colcon_core.package_identification:_identify(.) by extension 'ros'
[0.188s] Level 1:colcon.colcon_core.package_identification:_identify(.) by extensions ['cmake', 'python']
[0.188s] Level 1:colcon.colcon_core.package_identification:_identify(.) by extension 'cmake'
[0.188s] Level 1:colcon.colcon_core.package_identification:_identify(.) by extension 'python'
[0.188s] Level 1:colcon.colcon_core.package_identification:_identify(.) by extensions ['python_setup_py']
[0.188s] Level 1:colcon.colcon_core.package_identification:_identify(.) by extension 'python_setup_py'
[0.188s] Level 1:colcon.colcon_core.package_identification:_identify(build) by extensions ['ignore', 'ignore_ament_install']
[0.188s] Level 1:colcon.colcon_core.package_identification:_identify(build) by extension 'ignore'
[0.188s] Level 1:colcon.colcon_core.package_identification:_identify(build) ignored
[0.189s] Level 1:colcon.colcon_core.package_identification:_identify(install) by extensions ['ignore', 'ignore_ament_install']
[0.189s] Level 1:colcon.colcon_core.package_identification:_identify(install) by extension 'ignore'
[0.189s] Level 1:colcon.colcon_core.package_identification:_identify(install) ignored
[0.189s] Level 1:colcon.colcon_core.package_identification:_identify(log) by extensions ['ignore', 'ignore_ament_install']
[0.189s] Level 1:colcon.colcon_core.package_identification:_identify(log) by extension 'ignore'
[0.189s] Level 1:colcon.colcon_core.package_identification:_identify(log) ignored
[0.189s] Level 1:colcon.colcon_core.package_identification:_identify(src) by extensions ['ignore', 'ignore_ament_install']
[0.189s] Level 1:colcon.colcon_core.package_identification:_identify(src) by extension 'ignore'
[0.189s] Level 1:colcon.colcon_core.package_identification:_identify(src) by extension 'ignore_ament_install'
[0.189s] Level 1:colcon.colcon_core.package_identification:_identify(src) by extensions ['colcon_pkg']
[0.189s] Level 1:colcon.colcon_core.package_identification:_identify(src) by extension 'colcon_pkg'
[0.189s] Level 1:colcon.colcon_core.package_identification:_identify(src) by extensions ['colcon_meta']
[0.189s] Level 1:colcon.colcon_core.package_identification:_identify(src) by extension 'colcon_meta'
[0.189s] Level 1:colcon.colcon_core.package_identification:_identify(src) by extensions ['ros']
[0.189s] Level 1:colcon.colcon_core.package_identification:_identify(src) by extension 'ros'
[0.189s] Level 1:colcon.colcon_core.package_identification:_identify(src) by extensions ['cmake', 'python']
[0.189s] Level 1:colcon.colcon_core.package_identification:_identify(src) by extension 'cmake'
[0.190s] Level 1:colcon.colcon_core.package_identification:_identify(src) by extension 'python'
[0.190s] Level 1:colcon.colcon_core.package_identification:_identify(src) by extensions ['python_setup_py']
[0.190s] Level 1:colcon.colcon_core.package_identification:_identify(src) by extension 'python_setup_py'
[0.190s] Level 1:colcon.colcon_core.package_identification:_identify(src/offboard) by extensions ['ignore', 'ignore_ament_install']
[0.190s] Level 1:colcon.colcon_core.package_identification:_identify(src/offboard) by extension 'ignore'
[0.190s] Level 1:colcon.colcon_core.package_identification:_identify(src/offboard) by extension 'ignore_ament_install'
[0.190s] Level 1:colcon.colcon_core.package_identification:_identify(src/offboard) by extensions ['colcon_pkg']
[0.190s] Level 1:colcon.colcon_core.package_identification:_identify(src/offboard) by extension 'colcon_pkg'
[0.190s] Level 1:colcon.colcon_core.package_identification:_identify(src/offboard) by extensions ['colcon_meta']
[0.190s] Level 1:colcon.colcon_core.package_identification:_identify(src/offboard) by extension 'colcon_meta'
[0.190s] Level 1:colcon.colcon_core.package_identification:_identify(src/offboard) by extensions ['ros']
[0.190s] Level 1:colcon.colcon_core.package_identification:_identify(src/offboard) by extension 'ros'
[0.193s] DEBUG:colcon.colcon_core.package_identification:Package 'src/offboard' with type 'ros.ament_cmake' and name 'offboard'
[0.193s] Level 1:colcon.colcon_core.package_identification:_identify(src/px4_msgs) by extensions ['ignore', 'ignore_ament_install']
[0.193s] Level 1:colcon.colcon_core.package_identification:_identify(src/px4_msgs) by extension 'ignore'
[0.193s] Level 1:colcon.colcon_core.package_identification:_identify(src/px4_msgs) by extension 'ignore_ament_install'
[0.193s] Level 1:colcon.colcon_core.package_identification:_identify(src/px4_msgs) by extensions ['colcon_pkg']
[0.193s] Level 1:colcon.colcon_core.package_identification:_identify(src/px4_msgs) by extension 'colcon_pkg'
[0.193s] Level 1:colcon.colcon_core.package_identification:_identify(src/px4_msgs) by extensions ['colcon_meta']
[0.193s] Level 1:colcon.colcon_core.package_identification:_identify(src/px4_msgs) by extension 'colcon_meta'
[0.193s] Level 1:colcon.colcon_core.package_identification:_identify(src/px4_msgs) by extensions ['ros']
[0.193s] Level 1:colcon.colcon_core.package_identification:_identify(src/px4_msgs) by extension 'ros'
[0.194s] DEBUG:colcon.colcon_core.package_identification:Package 'src/px4_msgs' with type 'ros.ament_cmake' and name 'px4_msgs'
[0.194s] Level 1:colcon.colcon_core.package_identification:_identify(src/px4_ros_com) by extensions ['ignore', 'ignore_ament_install']
[0.194s] Level 1:colcon.colcon_core.package_identification:_identify(src/px4_ros_com) by extension 'ignore'
[0.194s] Level 1:colcon.colcon_core.package_identification:_identify(src/px4_ros_com) by extension 'ignore_ament_install'
[0.194s] Level 1:colcon.colcon_core.package_identification:_identify(src/px4_ros_com) by extensions ['colcon_pkg']
[0.195s] Level 1:colcon.colcon_core.package_identification:_identify(src/px4_ros_com) by extension 'colcon_pkg'
[0.195s] Level 1:colcon.colcon_core.package_identification:_identify(src/px4_ros_com) by extensions ['colcon_meta']
[0.195s] Level 1:colcon.colcon_core.package_identification:_identify(src/px4_ros_com) by extension 'colcon_meta'
[0.195s] Level 1:colcon.colcon_core.package_identification:_identify(src/px4_ros_com) by extensions ['ros']
[0.195s] Level 1:colcon.colcon_core.package_identification:_identify(src/px4_ros_com) by extension 'ros'
[0.196s] DEBUG:colcon.colcon_core.package_identification:Package 'src/px4_ros_com' with type 'ros.ament_cmake' and name 'px4_ros_com'
[0.196s] Level 1:colcon.colcon_core.package_discovery:discover_packages(recursive) using defaults
[0.196s] Level 1:colcon.colcon_core.package_discovery:discover_packages(ignore) discover
[0.196s] Level 1:colcon.colcon_core.package_discovery:discover_packages(ignore) using defaults
[0.196s] Level 1:colcon.colcon_core.package_discovery:discover_packages(path) discover
[0.196s] Level 1:colcon.colcon_core.package_discovery:discover_packages(path) using defaults
[0.219s] Level 1:colcon.colcon_core.package_discovery:discover_packages(prefix_path) check parameters
[0.219s] Level 1:colcon.colcon_core.package_discovery:discover_packages(prefix_path) discover
[0.223s] DEBUG:colcon.colcon_installed_package_information.package_discovery:Found 3 installed packages in /home/stepan/ws_ros2/install
[0.226s] DEBUG:colcon.colcon_installed_package_information.package_discovery:Found 271 installed packages in /opt/ros/humble
[0.227s] Level 1:colcon.colcon_core.package_discovery:discover_packages(prefix_path) using defaults
[0.269s] Level 5:colcon.colcon_core.verb:set package 'px4_msgs' build argument 'cmake_args' from command line to 'None'
[0.269s] Level 5:colcon.colcon_core.verb:set package 'px4_msgs' build argument 'cmake_target' from command line to 'None'
[0.269s] Level 5:colcon.colcon_core.verb:set package 'px4_msgs' build argument 'cmake_target_skip_unavailable' from command line to 'False'
[0.269s] Level 5:colcon.colcon_core.verb:set package 'px4_msgs' build argument 'cmake_clean_cache' from command line to 'False'
[0.269s] Level 5:colcon.colcon_core.verb:set package 'px4_msgs' build argument 'cmake_clean_first' from command line to 'False'
[0.269s] Level 5:colcon.colcon_core.verb:set package 'px4_msgs' build argument 'cmake_force_configure' from command line to 'False'
[0.269s] Level 5:colcon.colcon_core.verb:set package 'px4_msgs' build argument 'ament_cmake_args' from command line to 'None'
[0.269s] Level 5:colcon.colcon_core.verb:set package 'px4_msgs' build argument 'catkin_cmake_args' from command line to 'None'
[0.269s] Level 5:colcon.colcon_core.verb:set package 'px4_msgs' build argument 'catkin_skip_building_tests' from command line to 'False'
[0.269s] DEBUG:colcon.colcon_core.verb:Building package 'px4_msgs' with the following arguments: {'ament_cmake_args': None, 'build_base': '/home/stepan/ws_ros2/build/px4_msgs', 'catkin_cmake_args': None, 'catkin_skip_building_tests': False, 'cmake_args': None, 'cmake_clean_cache': False, 'cmake_clean_first': False, 'cmake_force_configure': False, 'cmake_target': None, 'cmake_target_skip_unavailable': False, 'install_base': '/home/stepan/ws_ros2/install/px4_msgs', 'merge_install': False, 'path': '/home/stepan/ws_ros2/src/px4_msgs', 'symlink_install': False, 'test_result_base': None}
[0.269s] Level 5:colcon.colcon_core.verb:set package 'offboard' build argument 'cmake_args' from command line to 'None'
[0.270s] Level 5:colcon.colcon_core.verb:set package 'offboard' build argument 'cmake_target' from command line to 'None'
[0.270s] Level 5:colcon.colcon_core.verb:set package 'offboard' build argument 'cmake_target_skip_unavailable' from command line to 'False'
[0.270s] Level 5:colcon.colcon_core.verb:set package 'offboard' build argument 'cmake_clean_cache' from command line to 'False'
[0.270s] Level 5:colcon.colcon_core.verb:set package 'offboard' build argument 'cmake_clean_first' from command line to 'False'
[0.270s] Level 5:colcon.colcon_core.verb:set package 'offboard' build argument 'cmake_force_configure' from command line to 'False'
[0.270s] Level 5:colcon.colcon_core.verb:set package 'offboard' build argument 'ament_cmake_args' from command line to 'None'
[0.270s] Level 5:colcon.colcon_core.verb:set package 'offboard' build argument 'catkin_cmake_args' from command line to 'None'
[0.270s] Level 5:colcon.colcon_core.verb:set package 'offboard' build argument 'catkin_skip_building_tests' from command line to 'False'
[0.270s] DEBUG:colcon.colcon_core.verb:Building package 'offboard' with the following arguments: {'ament_cmake_args': None, 'build_base': '/home/stepan/ws_ros2/build/offboard', 'catkin_cmake_args': None, 'catkin_skip_building_tests': False, 'cmake_args': None, 'cmake_clean_cache': False, 'cmake_clean_first': False, 'cmake_force_configure': False, 'cmake_target': None, 'cmake_target_skip_unavailable': False, 'install_base': '/home/stepan/ws_ros2/install/offboard', 'merge_install': False, 'path': '/home/stepan/ws_ros2/src/offboard', 'symlink_install': False, 'test_result_base': None}
[0.270s] Level 5:colcon.colcon_core.verb:set package 'px4_ros_com' build argument 'cmake_args' from command line to 'None'
[0.270s] Level 5:colcon.colcon_core.verb:set package 'px4_ros_com' build argument 'cmake_target' from command line to 'None'
[0.270s] Level 5:colcon.colcon_core.verb:set package 'px4_ros_com' build argument 'cmake_target_skip_unavailable' from command line to 'False'
[0.270s] Level 5:colcon.colcon_core.verb:set package 'px4_ros_com' build argument 'cmake_clean_cache' from command line to 'False'
[0.270s] Level 5:colcon.colcon_core.verb:set package 'px4_ros_com' build argument 'cmake_clean_first' from command line to 'False'
[0.270s] Level 5:colcon.colcon_core.verb:set package 'px4_ros_com' build argument 'cmake_force_configure' from command line to 'False'
[0.270s] Level 5:colcon.colcon_core.verb:set package 'px4_ros_com' build argument 'ament_cmake_args' from command line to 'None'
[0.270s] Level 5:colcon.colcon_core.verb:set package 'px4_ros_com' build argument 'catkin_cmake_args' from command line to 'None'
[0.270s] Level 5:colcon.colcon_core.verb:set package 'px4_ros_com' build argument 'catkin_skip_building_tests' from command line to 'False'
[0.270s] DEBUG:colcon.colcon_core.verb:Building package 'px4_ros_com' with the following arguments: {'ament_cmake_args': None, 'build_base': '/home/stepan/ws_ros2/build/px4_ros_com', 'catkin_cmake_args': None, 'catkin_skip_building_tests': False, 'cmake_args': None, 'cmake_clean_cache': False, 'cmake_clean_first': False, 'cmake_force_configure': False, 'cmake_target': None, 'cmake_target_skip_unavailable': False, 'install_base': '/home/stepan/ws_ros2/install/px4_ros_com', 'merge_install': False, 'path': '/home/stepan/ws_ros2/src/px4_ros_com', 'symlink_install': False, 'test_result_base': None}
[0.270s] INFO:colcon.colcon_core.executor:Executing jobs using 'parallel' executor
[0.272s] DEBUG:colcon.colcon_parallel_executor.executor.parallel:run_until_complete
[0.272s] INFO:colcon.colcon_ros.task.ament_cmake.build:Building ROS package in '/home/stepan/ws_ros2/src/px4_msgs' with build type 'ament_cmake'
[0.272s] INFO:colcon.colcon_cmake.task.cmake.build:Building CMake package in '/home/stepan/ws_ros2/src/px4_msgs'
[0.274s] INFO:colcon.colcon_core.plugin_system:Skipping extension 'colcon_core.shell.bat': Not used on non-Windows systems
[0.274s] INFO:colcon.colcon_core.shell:Skip shell extension 'powershell' for command environment: Not usable outside of PowerShell
[0.275s] DEBUG:colcon.colcon_core.shell:Skip shell extension 'dsv' for command environment
[0.284s] DEBUG:colcon.colcon_core.event_handler.log_command:Invoking command in '/home/stepan/ws_ros2/build/px4_msgs': CMAKE_PREFIX_PATH=${CMAKE_PREFIX_PATH}:/opt/ros/humble /usr/bin/cmake --build /home/stepan/ws_ros2/build/px4_msgs -- -j8 -l8
[1.629s] DEBUG:colcon.colcon_core.event_handler.log_command:Invoked command in '/home/stepan/ws_ros2/build/px4_msgs' returned '0': CMAKE_PREFIX_PATH=${CMAKE_PREFIX_PATH}:/opt/ros/humble /usr/bin/cmake --build /home/stepan/ws_ros2/build/px4_msgs -- -j8 -l8
[1.639s] DEBUG:colcon.colcon_core.event_handler.log_command:Invoking command in '/home/stepan/ws_ros2/build/px4_msgs': CMAKE_PREFIX_PATH=${CMAKE_PREFIX_PATH}:/opt/ros/humble /usr/bin/cmake --install /home/stepan/ws_ros2/build/px4_msgs
[1.990s] Level 1:colcon.colcon_core.environment:create_environment_scripts_only(px4_msgs)
[2.003s] DEBUG:colcon.colcon_core.event_handler.log_command:Invoked command in '/home/stepan/ws_ros2/build/px4_msgs' returned '0': CMAKE_PREFIX_PATH=${CMAKE_PREFIX_PATH}:/opt/ros/humble /usr/bin/cmake --install /home/stepan/ws_ros2/build/px4_msgs
[2.004s] Level 1:colcon.colcon_core.environment:checking '/home/stepan/ws_ros2/install/px4_msgs' for CMake module files
[2.005s] Level 1:colcon.colcon_core.environment:checking '/home/stepan/ws_ros2/install/px4_msgs' for CMake config files
[2.006s] Level 1:colcon.colcon_core.shell:create_environment_hook('px4_msgs', 'cmake_prefix_path')
[2.006s] INFO:colcon.colcon_core.shell:Creating environment hook '/home/stepan/ws_ros2/install/px4_msgs/share/px4_msgs/hook/cmake_prefix_path.ps1'
[2.007s] INFO:colcon.colcon_core.shell:Creating environment descriptor '/home/stepan/ws_ros2/install/px4_msgs/share/px4_msgs/hook/cmake_prefix_path.dsv'
[2.007s] INFO:colcon.colcon_core.shell:Creating environment hook '/home/stepan/ws_ros2/install/px4_msgs/share/px4_msgs/hook/cmake_prefix_path.sh'
[2.008s] Level 1:colcon.colcon_core.environment:checking '/home/stepan/ws_ros2/install/px4_msgs/lib'
[2.008s] Level 1:colcon.colcon_core.shell:create_environment_hook('px4_msgs', 'ld_library_path_lib')
[2.008s] INFO:colcon.colcon_core.shell:Creating environment hook '/home/stepan/ws_ros2/install/px4_msgs/share/px4_msgs/hook/ld_library_path_lib.ps1'
[2.009s] INFO:colcon.colcon_core.shell:Creating environment descriptor '/home/stepan/ws_ros2/install/px4_msgs/share/px4_msgs/hook/ld_library_path_lib.dsv'
[2.009s] INFO:colcon.colcon_core.shell:Creating environment hook '/home/stepan/ws_ros2/install/px4_msgs/share/px4_msgs/hook/ld_library_path_lib.sh'
[2.009s] Level 1:colcon.colcon_core.environment:checking '/home/stepan/ws_ros2/install/px4_msgs/bin'
[2.009s] Level 1:colcon.colcon_core.environment:checking '/home/stepan/ws_ros2/install/px4_msgs/lib/pkgconfig/px4_msgs.pc'
[2.010s] Level 1:colcon.colcon_core.environment:checking '/home/stepan/ws_ros2/install/px4_msgs/lib/python3.10/site-packages'
[2.010s] Level 1:colcon.colcon_core.environment:checking '/home/stepan/ws_ros2/install/px4_msgs/bin'
[2.010s] INFO:colcon.colcon_core.shell:Creating package script '/home/stepan/ws_ros2/install/px4_msgs/share/px4_msgs/package.ps1'
[2.011s] INFO:colcon.colcon_core.shell:Creating package descriptor '/home/stepan/ws_ros2/install/px4_msgs/share/px4_msgs/package.dsv'
[2.012s] INFO:colcon.colcon_core.shell:Creating package script '/home/stepan/ws_ros2/install/px4_msgs/share/px4_msgs/package.sh'
[2.013s] INFO:colcon.colcon_core.shell:Creating package script '/home/stepan/ws_ros2/install/px4_msgs/share/px4_msgs/package.bash'
[2.013s] INFO:colcon.colcon_core.shell:Creating package script '/home/stepan/ws_ros2/install/px4_msgs/share/px4_msgs/package.zsh'
[2.014s] Level 1:colcon.colcon_core.environment:create_file_with_runtime_dependencies(/home/stepan/ws_ros2/install/px4_msgs/share/colcon-core/packages/px4_msgs)
[2.015s] Level 1:colcon.colcon_core.environment:create_environment_scripts_only(px4_msgs)
[2.015s] Level 1:colcon.colcon_core.environment:checking '/home/stepan/ws_ros2/install/px4_msgs' for CMake module files
[2.016s] Level 1:colcon.colcon_core.environment:checking '/home/stepan/ws_ros2/install/px4_msgs' for CMake config files
[2.017s] Level 1:colcon.colcon_core.shell:create_environment_hook('px4_msgs', 'cmake_prefix_path')
[2.017s] INFO:colcon.colcon_core.shell:Creating environment hook '/home/stepan/ws_ros2/install/px4_msgs/share/px4_msgs/hook/cmake_prefix_path.ps1'
[2.017s] INFO:colcon.colcon_core.shell:Creating environment descriptor '/home/stepan/ws_ros2/install/px4_msgs/share/px4_msgs/hook/cmake_prefix_path.dsv'
[2.018s] INFO:colcon.colcon_core.shell:Creating environment hook '/home/stepan/ws_ros2/install/px4_msgs/share/px4_msgs/hook/cmake_prefix_path.sh'
[2.018s] Level 1:colcon.colcon_core.environment:checking '/home/stepan/ws_ros2/install/px4_msgs/lib'
[2.019s] Level 1:colcon.colcon_core.shell:create_environment_hook('px4_msgs', 'ld_library_path_lib')
[2.019s] INFO:colcon.colcon_core.shell:Creating environment hook '/home/stepan/ws_ros2/install/px4_msgs/share/px4_msgs/hook/ld_library_path_lib.ps1'
[2.019s] INFO:colcon.colcon_core.shell:Creating environment descriptor '/home/stepan/ws_ros2/install/px4_msgs/share/px4_msgs/hook/ld_library_path_lib.dsv'
[2.020s] INFO:colcon.colcon_core.shell:Creating environment hook '/home/stepan/ws_ros2/install/px4_msgs/share/px4_msgs/hook/ld_library_path_lib.sh'
[2.020s] Level 1:colcon.colcon_core.environment:checking '/home/stepan/ws_ros2/install/px4_msgs/bin'
[2.020s] Level 1:colcon.colcon_core.environment:checking '/home/stepan/ws_ros2/install/px4_msgs/lib/pkgconfig/px4_msgs.pc'
[2.020s] Level 1:colcon.colcon_core.environment:checking '/home/stepan/ws_ros2/install/px4_msgs/lib/python3.10/site-packages'
[2.020s] Level 1:colcon.colcon_core.environment:checking '/home/stepan/ws_ros2/install/px4_msgs/bin'
[2.021s] INFO:colcon.colcon_core.shell:Creating package script '/home/stepan/ws_ros2/install/px4_msgs/share/px4_msgs/package.ps1'
[2.021s] INFO:colcon.colcon_core.shell:Creating package descriptor '/home/stepan/ws_ros2/install/px4_msgs/share/px4_msgs/package.dsv'
[2.022s] INFO:colcon.colcon_core.shell:Creating package script '/home/stepan/ws_ros2/install/px4_msgs/share/px4_msgs/package.sh'
[2.022s] INFO:colcon.colcon_core.shell:Creating package script '/home/stepan/ws_ros2/install/px4_msgs/share/px4_msgs/package.bash'
[2.023s] INFO:colcon.colcon_core.shell:Creating package script '/home/stepan/ws_ros2/install/px4_msgs/share/px4_msgs/package.zsh'
[2.023s] Level 1:colcon.colcon_core.environment:create_file_with_runtime_dependencies(/home/stepan/ws_ros2/install/px4_msgs/share/colcon-core/packages/px4_msgs)
[2.024s] INFO:colcon.colcon_ros.task.ament_cmake.build:Building ROS package in '/home/stepan/ws_ros2/src/offboard' with build type 'ament_cmake'
[2.024s] INFO:colcon.colcon_cmake.task.cmake.build:Building CMake package in '/home/stepan/ws_ros2/src/offboard'
[2.024s] INFO:colcon.colcon_core.shell:Skip shell extension 'powershell' for command environment: Not usable outside of PowerShell
[2.024s] DEBUG:colcon.colcon_core.shell:Skip shell extension 'dsv' for command environment
[2.027s] INFO:colcon.colcon_ros.task.ament_cmake.build:Building ROS package in '/home/stepan/ws_ros2/src/px4_ros_com' with build type 'ament_cmake'
[2.027s] INFO:colcon.colcon_cmake.task.cmake.build:Building CMake package in '/home/stepan/ws_ros2/src/px4_ros_com'
[2.028s] INFO:colcon.colcon_core.shell:Skip shell extension 'powershell' for command environment: Not usable outside of PowerShell
[2.028s] DEBUG:colcon.colcon_core.shell:Skip shell extension 'dsv' for command environment
[2.035s] DEBUG:colcon.colcon_core.event_handler.log_command:Invoking command in '/home/stepan/ws_ros2/build/offboard': CMAKE_PREFIX_PATH=/home/stepan/ws_ros2/install/px4_msgs:/home/stepan/ws_ros2/install/px4_ros_com:/home/stepan/ws_ros2/install/offboard:/opt/ros/humble LD_LIBRARY_PATH=/home/stepan/ws_ros2/install/px4_msgs/lib:/home/stepan/ws_ros2/install/px4_ros_com/lib:/opt/ros/humble/opt/rviz_ogre_vendor/lib:/opt/ros/humble/lib/x86_64-linux-gnu:/opt/ros/humble/lib /usr/bin/cmake --build /home/stepan/ws_ros2/build/offboard -- -j8 -l8
[2.039s] DEBUG:colcon.colcon_core.event_handler.log_command:Invoking command in '/home/stepan/ws_ros2/build/px4_ros_com': CMAKE_PREFIX_PATH=/home/stepan/ws_ros2/install/px4_msgs:/home/stepan/ws_ros2/install/px4_ros_com:/home/stepan/ws_ros2/install/offboard:/opt/ros/humble LD_LIBRARY_PATH=/home/stepan/ws_ros2/install/px4_msgs/lib:/home/stepan/ws_ros2/install/px4_ros_com/lib:/opt/ros/humble/opt/rviz_ogre_vendor/lib:/opt/ros/humble/lib/x86_64-linux-gnu:/opt/ros/humble/lib /usr/bin/cmake --build /home/stepan/ws_ros2/build/px4_ros_com -- -j8 -l8
[2.490s] DEBUG:colcon.colcon_core.event_handler.log_command:Invoked command in '/home/stepan/ws_ros2/build/px4_ros_com' returned '0': CMAKE_PREFIX_PATH=/home/stepan/ws_ros2/install/px4_msgs:/home/stepan/ws_ros2/install/px4_ros_com:/home/stepan/ws_ros2/install/offboard:/opt/ros/humble LD_LIBRARY_PATH=/home/stepan/ws_ros2/install/px4_msgs/lib:/home/stepan/ws_ros2/install/px4_ros_com/lib:/opt/ros/humble/opt/rviz_ogre_vendor/lib:/opt/ros/humble/lib/x86_64-linux-gnu:/opt/ros/humble/lib /usr/bin/cmake --build /home/stepan/ws_ros2/build/px4_ros_com -- -j8 -l8
[2.491s] DEBUG:colcon.colcon_core.event_handler.log_command:Invoking command in '/home/stepan/ws_ros2/build/px4_ros_com': CMAKE_PREFIX_PATH=/home/stepan/ws_ros2/install/px4_msgs:/home/stepan/ws_ros2/install/px4_ros_com:/home/stepan/ws_ros2/install/offboard:/opt/ros/humble LD_LIBRARY_PATH=/home/stepan/ws_ros2/install/px4_msgs/lib:/home/stepan/ws_ros2/install/px4_ros_com/lib:/opt/ros/humble/opt/rviz_ogre_vendor/lib:/opt/ros/humble/lib/x86_64-linux-gnu:/opt/ros/humble/lib /usr/bin/cmake --install /home/stepan/ws_ros2/build/px4_ros_com
[2.545s] Level 1:colcon.colcon_core.environment:create_environment_scripts_only(px4_ros_com)
[2.545s] Level 1:colcon.colcon_core.environment:checking '/home/stepan/ws_ros2/install/px4_ros_com' for CMake module files
[2.546s] DEBUG:colcon.colcon_core.event_handler.log_command:Invoked command in '/home/stepan/ws_ros2/build/px4_ros_com' returned '0': CMAKE_PREFIX_PATH=/home/stepan/ws_ros2/install/px4_msgs:/home/stepan/ws_ros2/install/px4_ros_com:/home/stepan/ws_ros2/install/offboard:/opt/ros/humble LD_LIBRARY_PATH=/home/stepan/ws_ros2/install/px4_msgs/lib:/home/stepan/ws_ros2/install/px4_ros_com/lib:/opt/ros/humble/opt/rviz_ogre_vendor/lib:/opt/ros/humble/lib/x86_64-linux-gnu:/opt/ros/humble/lib /usr/bin/cmake --install /home/stepan/ws_ros2/build/px4_ros_com
[2.546s] Level 1:colcon.colcon_core.environment:checking '/home/stepan/ws_ros2/install/px4_ros_com' for CMake config files
[2.547s] Level 1:colcon.colcon_core.shell:create_environment_hook('px4_ros_com', 'cmake_prefix_path')
[2.547s] INFO:colcon.colcon_core.shell:Creating environment hook '/home/stepan/ws_ros2/install/px4_ros_com/share/px4_ros_com/hook/cmake_prefix_path.ps1'
[2.547s] INFO:colcon.colcon_core.shell:Creating environment descriptor '/home/stepan/ws_ros2/install/px4_ros_com/share/px4_ros_com/hook/cmake_prefix_path.dsv'
[2.548s] INFO:colcon.colcon_core.shell:Creating environment hook '/home/stepan/ws_ros2/install/px4_ros_com/share/px4_ros_com/hook/cmake_prefix_path.sh'
[2.548s] Level 1:colcon.colcon_core.environment:checking '/home/stepan/ws_ros2/install/px4_ros_com/lib'
[2.548s] Level 1:colcon.colcon_core.shell:create_environment_hook('px4_ros_com', 'ld_library_path_lib')
[2.549s] INFO:colcon.colcon_core.shell:Creating environment hook '/home/stepan/ws_ros2/install/px4_ros_com/share/px4_ros_com/hook/ld_library_path_lib.ps1'
[2.549s] INFO:colcon.colcon_core.shell:Creating environment descriptor '/home/stepan/ws_ros2/install/px4_ros_com/share/px4_ros_com/hook/ld_library_path_lib.dsv'
[2.550s] INFO:colcon.colcon_core.shell:Creating environment hook '/home/stepan/ws_ros2/install/px4_ros_com/share/px4_ros_com/hook/ld_library_path_lib.sh'
[2.550s] Level 1:colcon.colcon_core.environment:checking '/home/stepan/ws_ros2/install/px4_ros_com/bin'
[2.550s] Level 1:colcon.colcon_core.environment:checking '/home/stepan/ws_ros2/install/px4_ros_com/lib/pkgconfig/px4_ros_com.pc'
[2.550s] Level 1:colcon.colcon_core.environment:checking '/home/stepan/ws_ros2/install/px4_ros_com/lib/python3.10/site-packages'
[2.550s] Level 1:colcon.colcon_core.environment:checking '/home/stepan/ws_ros2/install/px4_ros_com/bin'
[2.551s] INFO:colcon.colcon_core.shell:Creating package script '/home/stepan/ws_ros2/install/px4_ros_com/share/px4_ros_com/package.ps1'
[2.551s] INFO:colcon.colcon_core.shell:Creating package descriptor '/home/stepan/ws_ros2/install/px4_ros_com/share/px4_ros_com/package.dsv'
[2.552s] INFO:colcon.colcon_core.shell:Creating package script '/home/stepan/ws_ros2/install/px4_ros_com/share/px4_ros_com/package.sh'
[2.552s] INFO:colcon.colcon_core.shell:Creating package script '/home/stepan/ws_ros2/install/px4_ros_com/share/px4_ros_com/package.bash'
[2.552s] INFO:colcon.colcon_core.shell:Creating package script '/home/stepan/ws_ros2/install/px4_ros_com/share/px4_ros_com/package.zsh'
[2.553s] Level 1:colcon.colcon_core.environment:create_file_with_runtime_dependencies(/home/stepan/ws_ros2/install/px4_ros_com/share/colcon-core/packages/px4_ros_com)
[2.553s] Level 1:colcon.colcon_core.environment:create_environment_scripts_only(px4_ros_com)
[2.554s] Level 1:colcon.colcon_core.environment:checking '/home/stepan/ws_ros2/install/px4_ros_com' for CMake module files
[2.554s] Level 1:colcon.colcon_core.environment:checking '/home/stepan/ws_ros2/install/px4_ros_com' for CMake config files
[2.554s] Level 1:colcon.colcon_core.shell:create_environment_hook('px4_ros_com', 'cmake_prefix_path')
[2.555s] INFO:colcon.colcon_core.shell:Creating environment hook '/home/stepan/ws_ros2/install/px4_ros_com/share/px4_ros_com/hook/cmake_prefix_path.ps1'
[2.555s] INFO:colcon.colcon_core.shell:Creating environment descriptor '/home/stepan/ws_ros2/install/px4_ros_com/share/px4_ros_com/hook/cmake_prefix_path.dsv'
[2.555s] INFO:colcon.colcon_core.shell:Creating environment hook '/home/stepan/ws_ros2/install/px4_ros_com/share/px4_ros_com/hook/cmake_prefix_path.sh'
[2.556s] Level 1:colcon.colcon_core.environment:checking '/home/stepan/ws_ros2/install/px4_ros_com/lib'
[2.556s] Level 1:colcon.colcon_core.shell:create_environment_hook('px4_ros_com', 'ld_library_path_lib')
[2.556s] INFO:colcon.colcon_core.shell:Creating environment hook '/home/stepan/ws_ros2/install/px4_ros_com/share/px4_ros_com/hook/ld_library_path_lib.ps1'
[2.557s] INFO:colcon.colcon_core.shell:Creating environment descriptor '/home/stepan/ws_ros2/install/px4_ros_com/share/px4_ros_com/hook/ld_library_path_lib.dsv'
[2.557s] INFO:colcon.colcon_core.shell:Creating environment hook '/home/stepan/ws_ros2/install/px4_ros_com/share/px4_ros_com/hook/ld_library_path_lib.sh'
[2.557s] Level 1:colcon.colcon_core.environment:checking '/home/stepan/ws_ros2/install/px4_ros_com/bin'
[2.558s] Level 1:colcon.colcon_core.environment:checking '/home/stepan/ws_ros2/install/px4_ros_com/lib/pkgconfig/px4_ros_com.pc'
[2.558s] Level 1:colcon.colcon_core.environment:checking '/home/stepan/ws_ros2/install/px4_ros_com/lib/python3.10/site-packages'
[2.558s] Level 1:colcon.colcon_core.environment:checking '/home/stepan/ws_ros2/install/px4_ros_com/bin'
[2.558s] INFO:colcon.colcon_core.shell:Creating package script '/home/stepan/ws_ros2/install/px4_ros_com/share/px4_ros_com/package.ps1'
[2.559s] INFO:colcon.colcon_core.shell:Creating package descriptor '/home/stepan/ws_ros2/install/px4_ros_com/share/px4_ros_com/package.dsv'
[2.559s] INFO:colcon.colcon_core.shell:Creating package script '/home/stepan/ws_ros2/install/px4_ros_com/share/px4_ros_com/package.sh'
[2.560s] INFO:colcon.colcon_core.shell:Creating package script '/home/stepan/ws_ros2/install/px4_ros_com/share/px4_ros_com/package.bash'
[2.560s] INFO:colcon.colcon_core.shell:Creating package script '/home/stepan/ws_ros2/install/px4_ros_com/share/px4_ros_com/package.zsh'
[2.561s] Level 1:colcon.colcon_core.environment:create_file_with_runtime_dependencies(/home/stepan/ws_ros2/install/px4_ros_com/share/colcon-core/packages/px4_ros_com)
[8.462s] DEBUG:colcon.colcon_core.event_handler.log_command:Invoked command in '/home/stepan/ws_ros2/build/offboard' returned '0': CMAKE_PREFIX_PATH=/home/stepan/ws_ros2/install/px4_msgs:/home/stepan/ws_ros2/install/px4_ros_com:/home/stepan/ws_ros2/install/offboard:/opt/ros/humble LD_LIBRARY_PATH=/home/stepan/ws_ros2/install/px4_msgs/lib:/home/stepan/ws_ros2/install/px4_ros_com/lib:/opt/ros/humble/opt/rviz_ogre_vendor/lib:/opt/ros/humble/lib/x86_64-linux-gnu:/opt/ros/humble/lib /usr/bin/cmake --build /home/stepan/ws_ros2/build/offboard -- -j8 -l8
[8.464s] DEBUG:colcon.colcon_core.event_handler.log_command:Invoking command in '/home/stepan/ws_ros2/build/offboard': CMAKE_PREFIX_PATH=/home/stepan/ws_ros2/install/px4_msgs:/home/stepan/ws_ros2/install/px4_ros_com:/home/stepan/ws_ros2/install/offboard:/opt/ros/humble LD_LIBRARY_PATH=/home/stepan/ws_ros2/install/px4_msgs/lib:/home/stepan/ws_ros2/install/px4_ros_com/lib:/opt/ros/humble/opt/rviz_ogre_vendor/lib:/opt/ros/humble/lib/x86_64-linux-gnu:/opt/ros/humble/lib /usr/bin/cmake --install /home/stepan/ws_ros2/build/offboard
[8.476s] Level 1:colcon.colcon_core.environment:create_environment_scripts_only(offboard)
[8.476s] Level 1:colcon.colcon_core.environment:checking '/home/stepan/ws_ros2/install/offboard' for CMake module files
[8.477s] DEBUG:colcon.colcon_core.event_handler.log_command:Invoked command in '/home/stepan/ws_ros2/build/offboard' returned '0': CMAKE_PREFIX_PATH=/home/stepan/ws_ros2/install/px4_msgs:/home/stepan/ws_ros2/install/px4_ros_com:/home/stepan/ws_ros2/install/offboard:/opt/ros/humble LD_LIBRARY_PATH=/home/stepan/ws_ros2/install/px4_msgs/lib:/home/stepan/ws_ros2/install/px4_ros_com/lib:/opt/ros/humble/opt/rviz_ogre_vendor/lib:/opt/ros/humble/lib/x86_64-linux-gnu:/opt/ros/humble/lib /usr/bin/cmake --install /home/stepan/ws_ros2/build/offboard
[8.477s] Level 1:colcon.colcon_core.environment:checking '/home/stepan/ws_ros2/install/offboard' for CMake config files
[8.477s] Level 1:colcon.colcon_core.shell:create_environment_hook('offboard', 'cmake_prefix_path')
[8.477s] INFO:colcon.colcon_core.shell:Creating environment hook '/home/stepan/ws_ros2/install/offboard/share/offboard/hook/cmake_prefix_path.ps1'
[8.478s] INFO:colcon.colcon_core.shell:Creating environment descriptor '/home/stepan/ws_ros2/install/offboard/share/offboard/hook/cmake_prefix_path.dsv'
[8.478s] INFO:colcon.colcon_core.shell:Creating environment hook '/home/stepan/ws_ros2/install/offboard/share/offboard/hook/cmake_prefix_path.sh'
[8.479s] Level 1:colcon.colcon_core.environment:checking '/home/stepan/ws_ros2/install/offboard/lib'
[8.479s] Level 1:colcon.colcon_core.environment:checking '/home/stepan/ws_ros2/install/offboard/bin'
[8.479s] Level 1:colcon.colcon_core.environment:checking '/home/stepan/ws_ros2/install/offboard/lib/pkgconfig/offboard.pc'
[8.479s] Level 1:colcon.colcon_core.environment:checking '/home/stepan/ws_ros2/install/offboard/lib/python3.10/site-packages'
[8.479s] Level 1:colcon.colcon_core.environment:checking '/home/stepan/ws_ros2/install/offboard/bin'
[8.480s] INFO:colcon.colcon_core.shell:Creating package script '/home/stepan/ws_ros2/install/offboard/share/offboard/package.ps1'
[8.480s] INFO:colcon.colcon_core.shell:Creating package descriptor '/home/stepan/ws_ros2/install/offboard/share/offboard/package.dsv'
[8.481s] INFO:colcon.colcon_core.shell:Creating package script '/home/stepan/ws_ros2/install/offboard/share/offboard/package.sh'
[8.481s] INFO:colcon.colcon_core.shell:Creating package script '/home/stepan/ws_ros2/install/offboard/share/offboard/package.bash'
[8.481s] INFO:colcon.colcon_core.shell:Creating package script '/home/stepan/ws_ros2/install/offboard/share/offboard/package.zsh'
[8.482s] Level 1:colcon.colcon_core.environment:create_file_with_runtime_dependencies(/home/stepan/ws_ros2/install/offboard/share/colcon-core/packages/offboard)
[8.482s] Level 1:colcon.colcon_core.environment:create_environment_scripts_only(offboard)
[8.483s] Level 1:colcon.colcon_core.environment:checking '/home/stepan/ws_ros2/install/offboard' for CMake module files
[8.483s] Level 1:colcon.colcon_core.environment:checking '/home/stepan/ws_ros2/install/offboard' for CMake config files
[8.484s] Level 1:colcon.colcon_core.shell:create_environment_hook('offboard', 'cmake_prefix_path')
[8.485s] INFO:colcon.colcon_core.shell:Creating environment hook '/home/stepan/ws_ros2/install/offboard/share/offboard/hook/cmake_prefix_path.ps1'
[8.485s] INFO:colcon.colcon_core.shell:Creating environment descriptor '/home/stepan/ws_ros2/install/offboard/share/offboard/hook/cmake_prefix_path.dsv'
[8.486s] INFO:colcon.colcon_core.shell:Creating environment hook '/home/stepan/ws_ros2/install/offboard/share/offboard/hook/cmake_prefix_path.sh'
[8.487s] Level 1:colcon.colcon_core.environment:checking '/home/stepan/ws_ros2/install/offboard/lib'
[8.487s] Level 1:colcon.colcon_core.environment:checking '/home/stepan/ws_ros2/install/offboard/bin'
[8.487s] Level 1:colcon.colcon_core.environment:checking '/home/stepan/ws_ros2/install/offboard/lib/pkgconfig/offboard.pc'
[8.487s] Level 1:colcon.colcon_core.environment:checking '/home/stepan/ws_ros2/install/offboard/lib/python3.10/site-packages'
[8.488s] Level 1:colcon.colcon_core.environment:checking '/home/stepan/ws_ros2/install/offboard/bin'
[8.488s] INFO:colcon.colcon_core.shell:Creating package script '/home/stepan/ws_ros2/install/offboard/share/offboard/package.ps1'
[8.489s] INFO:colcon.colcon_core.shell:Creating package descriptor '/home/stepan/ws_ros2/install/offboard/share/offboard/package.dsv'
[8.489s] INFO:colcon.colcon_core.shell:Creating package script '/home/stepan/ws_ros2/install/offboard/share/offboard/package.sh'
[8.490s] INFO:colcon.colcon_core.shell:Creating package script '/home/stepan/ws_ros2/install/offboard/share/offboard/package.bash'
[8.490s] INFO:colcon.colcon_core.shell:Creating package script '/home/stepan/ws_ros2/install/offboard/share/offboard/package.zsh'
[8.491s] Level 1:colcon.colcon_core.environment:create_file_with_runtime_dependencies(/home/stepan/ws_ros2/install/offboard/share/colcon-core/packages/offboard)
[8.491s] DEBUG:colcon.colcon_parallel_executor.executor.parallel:closing loop
[8.491s] DEBUG:colcon.colcon_parallel_executor.executor.parallel:loop closed
[8.491s] DEBUG:colcon.colcon_parallel_executor.executor.parallel:run_until_complete finished with '0'
[8.491s] DEBUG:colcon.colcon_core.event_reactor:joining thread
[8.497s] INFO:colcon.colcon_core.plugin_system:Skipping extension 'colcon_notification.desktop_notification.terminal_notifier': Not used on non-Darwin systems
[8.497s] INFO:colcon.colcon_core.plugin_system:Skipping extension 'colcon_notification.desktop_notification.win32': Not used on non-Windows systems
[8.497s] INFO:colcon.colcon_notification.desktop_notification:Sending desktop notification using 'notify2'
[8.511s] DEBUG:colcon.colcon_core.event_reactor:joined thread
[8.511s] INFO:colcon.colcon_core.shell:Creating prefix script '/home/stepan/ws_ros2/install/local_setup.ps1'
[8.512s] INFO:colcon.colcon_core.shell:Creating prefix util module '/home/stepan/ws_ros2/install/_local_setup_util_ps1.py'
[8.514s] INFO:colcon.colcon_core.shell:Creating prefix chain script '/home/stepan/ws_ros2/install/setup.ps1'
[8.515s] INFO:colcon.colcon_core.shell:Creating prefix script '/home/stepan/ws_ros2/install/local_setup.sh'
[8.516s] INFO:colcon.colcon_core.shell:Creating prefix util module '/home/stepan/ws_ros2/install/_local_setup_util_sh.py'
[8.517s] INFO:colcon.colcon_core.shell:Creating prefix chain script '/home/stepan/ws_ros2/install/setup.sh'
[8.520s] INFO:colcon.colcon_core.shell:Creating prefix script '/home/stepan/ws_ros2/install/local_setup.bash'
[8.522s] INFO:colcon.colcon_core.shell:Creating prefix chain script '/home/stepan/ws_ros2/install/setup.bash'
[8.523s] INFO:colcon.colcon_core.shell:Creating prefix script '/home/stepan/ws_ros2/install/local_setup.zsh'
[8.524s] INFO:colcon.colcon_core.shell:Creating prefix chain script '/home/stepan/ws_ros2/install/setup.zsh'
