[1.457s] Invoking command in '/home/stepan/ws_ros2/src/offboard': CMAKE_PREFIX_PATH=/home/stepan/ws_ros2/install/px4_msgs:/home/stepan/ws_ros2/install/px4_ros_com:/home/stepan/ws_ros2/install/offboard LD_LIBRARY_PATH=/home/stepan/ws_ros2/install/px4_msgs/lib:/home/stepan/ws_ros2/install/px4_ros_com/lib:/opt/ros/humble/opt/rviz_ogre_vendor/lib:/opt/ros/humble/lib/x86_64-linux-gnu:/opt/ros/humble/lib PYTHONPATH=/home/stepan/ws_ros2/build/offboard/prefix_override:/usr/lib/python3/dist-packages/colcon_core/task/python/colcon_distutils_commands:/home/stepan/ws_ros2/install/offboard/lib/python3.10/site-packages:${PYTHONPATH} /usr/bin/python3 -W ignore:setup.py install is deprecated -W ignore:easy_install command is deprecated setup.py egg_info --egg-base ../../build/offboard build --build-base /home/stepan/ws_ros2/build/offboard/build install --record /home/stepan/ws_ros2/build/offboard/install.log --single-version-externally-managed install_data
[1.910s] /home/stepan/.local/lib/python3.10/site-packages/setuptools/_distutils/dist.py:289: UserWarning: Unknown distribution option: 'tests_require'
[1.910s]   warnings.warn(msg)
[2.085s] running egg_info
[2.109s] writing ../../build/offboard/offboard.egg-info/PKG-INFO
[2.110s] writing dependency_links to ../../build/offboard/offboard.egg-info/dependency_links.txt
[2.110s] writing entry points to ../../build/offboard/offboard.egg-info/entry_points.txt
[2.110s] writing requirements to ../../build/offboard/offboard.egg-info/requires.txt
[2.110s] writing top-level names to ../../build/offboard/offboard.egg-info/top_level.txt
[2.176s] reading manifest file '../../build/offboard/offboard.egg-info/SOURCES.txt'
[2.178s] writing manifest file '../../build/offboard/offboard.egg-info/SOURCES.txt'
[2.179s] running build
[2.179s] running build_py
[2.179s] copying offboard/__init__.py -> /home/stepan/ws_ros2/build/offboard/build/lib/offboard
[2.179s] copying offboard/reset_offboard.py -> /home/stepan/ws_ros2/build/offboard/build/lib/offboard
[2.179s] copying offboard/letova_mise.py -> /home/stepan/ws_ros2/build/offboard/build/lib/offboard
[2.180s] copying offboard/offboard_mission.py -> /home/stepan/ws_ros2/build/offboard/build/lib/offboard
[2.180s] copying offboard/pristani.py -> /home/stepan/ws_ros2/build/offboard/build/lib/offboard
[2.181s] copying offboard/vzlet.py -> /home/stepan/ws_ros2/build/offboard/build/lib/offboard
[2.181s] copying offboard/dopredu.py -> /home/stepan/ws_ros2/build/offboard/build/lib/offboard
[2.182s] running install
[2.190s] running install_lib
[2.218s] copying /home/stepan/ws_ros2/build/offboard/build/lib/offboard/letova_mise.py -> /home/stepan/ws_ros2/install/offboard/lib/python3.10/site-packages/offboard
[2.219s] byte-compiling /home/stepan/ws_ros2/install/offboard/lib/python3.10/site-packages/offboard/letova_mise.py to letova_mise.cpython-310.pyc
[2.220s] running install_data
[2.221s] copying resource/offboard -> /home/stepan/ws_ros2/install/offboard/share/ament_index/resource_index/packages
[2.221s] copying package.xml -> /home/stepan/ws_ros2/install/offboard/share/offboard
[2.222s] running install_egg_info
[2.251s] removing '/home/stepan/ws_ros2/install/offboard/lib/python3.10/site-packages/offboard-0.0.0-py3.10.egg-info' (and everything under it)
[2.251s] Copying ../../build/offboard/offboard.egg-info to /home/stepan/ws_ros2/install/offboard/lib/python3.10/site-packages/offboard-0.0.0-py3.10.egg-info
[2.253s] running install_scripts
[2.486s] Installing dopredu script to /home/stepan/ws_ros2/install/offboard/lib/offboard
[2.487s] Installing letova_mise script to /home/stepan/ws_ros2/install/offboard/lib/offboard
[2.487s] Installing offboard_mission script to /home/stepan/ws_ros2/install/offboard/lib/offboard
[2.487s] Installing pristani script to /home/stepan/ws_ros2/install/offboard/lib/offboard
[2.488s] Installing reset_offboard script to /home/stepan/ws_ros2/install/offboard/lib/offboard
[2.489s] Installing vzlet script to /home/stepan/ws_ros2/install/offboard/lib/offboard
[2.490s] writing list of installed files to '/home/stepan/ws_ros2/build/offboard/install.log'
[2.572s] Invoked command in '/home/stepan/ws_ros2/src/offboard' returned '0': CMAKE_PREFIX_PATH=/home/stepan/ws_ros2/install/px4_msgs:/home/stepan/ws_ros2/install/px4_ros_com:/home/stepan/ws_ros2/install/offboard LD_LIBRARY_PATH=/home/stepan/ws_ros2/install/px4_msgs/lib:/home/stepan/ws_ros2/install/px4_ros_com/lib:/opt/ros/humble/opt/rviz_ogre_vendor/lib:/opt/ros/humble/lib/x86_64-linux-gnu:/opt/ros/humble/lib PYTHONPATH=/home/stepan/ws_ros2/build/offboard/prefix_override:/usr/lib/python3/dist-packages/colcon_core/task/python/colcon_distutils_commands:/home/stepan/ws_ros2/install/offboard/lib/python3.10/site-packages:${PYTHONPATH} /usr/bin/python3 -W ignore:setup.py install is deprecated -W ignore:easy_install command is deprecated setup.py egg_info --egg-base ../../build/offboard build --build-base /home/stepan/ws_ros2/build/offboard/build install --record /home/stepan/ws_ros2/build/offboard/install.log --single-version-externally-managed install_data
