[2.967s] Invoking command in '/home/stepan/ws_ros2/src/offboard': CMAKE_PREFIX_PATH=/home/stepan/ws_ros2/install/px4_msgs:/home/stepan/ws_ros2/install/px4_ros_com:/home/stepan/ws_ros2/install/offboard LD_LIBRARY_PATH=/home/stepan/ws_ros2/install/px4_msgs/lib:/home/stepan/ws_ros2/install/px4_ros_com/lib:/opt/ros/humble/opt/rviz_ogre_vendor/lib:/opt/ros/humble/lib/x86_64-linux-gnu:/opt/ros/humble/lib PYTHONPATH=/home/stepan/ws_ros2/build/offboard/prefix_override:/usr/lib/python3/dist-packages/colcon_core/task/python/colcon_distutils_commands:/home/stepan/ws_ros2/install/offboard/lib/python3.10/site-packages:${PYTHONPATH} /usr/bin/python3 -W ignore:setup.py install is deprecated -W ignore:easy_install command is deprecated setup.py egg_info --egg-base ../../build/offboard build --build-base /home/stepan/ws_ros2/build/offboard/build install --record /home/stepan/ws_ros2/build/offboard/install.log --single-version-externally-managed install_data
[3.505s] /home/stepan/.local/lib/python3.10/site-packages/setuptools/_distutils/dist.py:289: UserWarning: Unknown distribution option: 'tests_require'
[3.505s]   warnings.warn(msg)
[3.874s] running egg_info
[3.956s] writing ../../build/offboard/offboard.egg-info/PKG-INFO
[3.958s] writing dependency_links to ../../build/offboard/offboard.egg-info/dependency_links.txt
[3.959s] writing entry points to ../../build/offboard/offboard.egg-info/entry_points.txt
[3.959s] writing requirements to ../../build/offboard/offboard.egg-info/requires.txt
[3.960s] writing top-level names to ../../build/offboard/offboard.egg-info/top_level.txt
[4.139s] reading manifest file '../../build/offboard/offboard.egg-info/SOURCES.txt'
[4.145s] writing manifest file '../../build/offboard/offboard.egg-info/SOURCES.txt'
[4.146s] running build
[4.146s] running build_py
[4.147s] copying offboard/__init__.py -> /home/stepan/ws_ros2/build/offboard/build/lib/offboard
[4.155s] copying offboard/reset_offboard.py -> /home/stepan/ws_ros2/build/offboard/build/lib/offboard
[4.156s] copying offboard/letova_mise.py -> /home/stepan/ws_ros2/build/offboard/build/lib/offboard
[4.158s] copying offboard/offboard_mission.py -> /home/stepan/ws_ros2/build/offboard/build/lib/offboard
[4.159s] copying offboard/pristani.py -> /home/stepan/ws_ros2/build/offboard/build/lib/offboard
[4.160s] copying offboard/vzlet.py -> /home/stepan/ws_ros2/build/offboard/build/lib/offboard
[4.161s] copying offboard/dopredu.py -> /home/stepan/ws_ros2/build/offboard/build/lib/offboard
[4.162s] running install
[4.182s] running install_lib
[4.245s] copying /home/stepan/ws_ros2/build/offboard/build/lib/offboard/reset_offboard.py -> /home/stepan/ws_ros2/install/offboard/lib/python3.10/site-packages/offboard
[4.246s] copying /home/stepan/ws_ros2/build/offboard/build/lib/offboard/letova_mise.py -> /home/stepan/ws_ros2/install/offboard/lib/python3.10/site-packages/offboard
[4.246s] copying /home/stepan/ws_ros2/build/offboard/build/lib/offboard/dopredu.py -> /home/stepan/ws_ros2/install/offboard/lib/python3.10/site-packages/offboard
[4.248s] byte-compiling /home/stepan/ws_ros2/install/offboard/lib/python3.10/site-packages/offboard/reset_offboard.py to reset_offboard.cpython-310.pyc
[4.250s] byte-compiling /home/stepan/ws_ros2/install/offboard/lib/python3.10/site-packages/offboard/letova_mise.py to letova_mise.cpython-310.pyc
[4.251s] byte-compiling /home/stepan/ws_ros2/install/offboard/lib/python3.10/site-packages/offboard/dopredu.py to dopredu.cpython-310.pyc
[4.253s] running install_data
[4.254s] copying resource/offboard -> /home/stepan/ws_ros2/install/offboard/share/ament_index/resource_index/packages
[4.255s] copying package.xml -> /home/stepan/ws_ros2/install/offboard/share/offboard
[4.255s] running install_egg_info
[4.317s] removing '/home/stepan/ws_ros2/install/offboard/lib/python3.10/site-packages/offboard-0.0.0-py3.10.egg-info' (and everything under it)
[4.318s] Copying ../../build/offboard/offboard.egg-info to /home/stepan/ws_ros2/install/offboard/lib/python3.10/site-packages/offboard-0.0.0-py3.10.egg-info
[4.320s] running install_scripts
[4.745s] Installing dopredu script to /home/stepan/ws_ros2/install/offboard/lib/offboard
[4.746s] Installing letova_mise script to /home/stepan/ws_ros2/install/offboard/lib/offboard
[4.747s] Installing offboard_mission script to /home/stepan/ws_ros2/install/offboard/lib/offboard
[4.747s] Installing pristani script to /home/stepan/ws_ros2/install/offboard/lib/offboard
[4.748s] Installing reset_offboard script to /home/stepan/ws_ros2/install/offboard/lib/offboard
[4.753s] Installing vzlet script to /home/stepan/ws_ros2/install/offboard/lib/offboard
[4.755s] writing list of installed files to '/home/stepan/ws_ros2/build/offboard/install.log'
[4.861s] Invoked command in '/home/stepan/ws_ros2/src/offboard' returned '0': CMAKE_PREFIX_PATH=/home/stepan/ws_ros2/install/px4_msgs:/home/stepan/ws_ros2/install/px4_ros_com:/home/stepan/ws_ros2/install/offboard LD_LIBRARY_PATH=/home/stepan/ws_ros2/install/px4_msgs/lib:/home/stepan/ws_ros2/install/px4_ros_com/lib:/opt/ros/humble/opt/rviz_ogre_vendor/lib:/opt/ros/humble/lib/x86_64-linux-gnu:/opt/ros/humble/lib PYTHONPATH=/home/stepan/ws_ros2/build/offboard/prefix_override:/usr/lib/python3/dist-packages/colcon_core/task/python/colcon_distutils_commands:/home/stepan/ws_ros2/install/offboard/lib/python3.10/site-packages:${PYTHONPATH} /usr/bin/python3 -W ignore:setup.py install is deprecated -W ignore:easy_install command is deprecated setup.py egg_info --egg-base ../../build/offboard build --build-base /home/stepan/ws_ros2/build/offboard/build install --record /home/stepan/ws_ros2/build/offboard/install.log --single-version-externally-managed install_data
