[0.007s] Invoking command in '/home/stepan/ws_ros2/build/px4_ros_com': AMENT_PREFIX_PATH=/home/stepan/ws_ros2/install/px4_msgs:${AMENT_PREFIX_PATH} CMAKE_PREFIX_PATH=/home/stepan/ws_ros2/install/px4_msgs:/opt/ros/humble LD_LIBRARY_PATH=/home/stepan/ws_ros2/install/px4_msgs/lib:${LD_LIBRARY_PATH} PYTHONPATH=/home/stepan/ws_ros2/install/px4_msgs/local/lib/python3.10/dist-packages:${PYTHONPATH} /usr/bin/cmake /home/stepan/ws_ros2/src/px4_ros_com -DCMAKE_INSTALL_PREFIX=/home/stepan/ws_ros2/install/px4_ros_com
[0.056s] -- The C compiler identification is GNU 11.4.0
[0.108s] -- The CXX compiler identification is GNU 11.4.0
[0.114s] -- Detecting C compiler ABI info
[0.175s] -- Detecting C compiler ABI info - done
[0.183s] -- Check for working C compiler: /usr/bin/cc - skipped
[0.183s] -- Detecting C compile features
[0.184s] -- Detecting C compile features - done
[0.187s] -- Detecting CXX compiler ABI info
[0.259s] -- Detecting CXX compiler ABI info - done
[0.267s] -- Check for working CXX compiler: /usr/bin/c++ - skipped
[0.267s] -- Detecting CXX compile features
[0.267s] -- Detecting CXX compile features - done
[0.269s] -- Found ament_cmake: 1.3.11 (/opt/ros/humble/share/ament_cmake/cmake)
[0.635s] -- Found Python3: /usr/bin/python3 (found version "3.10.12") found components: Interpreter 
[0.717s] -- Found builtin_interfaces: 1.2.1 (/opt/ros/humble/share/builtin_interfaces/cmake)
[0.745s] -- Found rosidl_generator_c: 3.1.6 (/opt/ros/humble/share/rosidl_generator_c/cmake)
[0.749s] -- Found rosidl_adapter: 3.1.6 (/opt/ros/humble/share/rosidl_adapter/cmake)
[0.756s] -- Found rosidl_generator_cpp: 3.1.6 (/opt/ros/humble/share/rosidl_generator_cpp/cmake)
[0.767s] -- Using all available rosidl_typesupport_c: rosidl_typesupport_fastrtps_c;rosidl_typesupport_introspection_c
[0.782s] -- Using all available rosidl_typesupport_cpp: rosidl_typesupport_fastrtps_cpp;rosidl_typesupport_introspection_cpp
[0.795s] -- Found eigen3_cmake_module: 0.1.1 (/opt/ros/humble/share/eigen3_cmake_module/cmake)
[0.809s] -- Found Eigen3: TRUE (found version "3.4.0") 
[0.810s] -- Found geometry_msgs: 4.8.0 (/opt/ros/humble/share/geometry_msgs/cmake)
[0.836s] -- Found px4_msgs: 2.0.1 (/home/stepan/ws_ros2/install/px4_msgs/share/px4_msgs/cmake)
[0.848s] -- Found rclcpp: 16.0.12 (/opt/ros/humble/share/rclcpp/cmake)
[0.880s] -- Found rmw_implementation_cmake: 6.1.2 (/opt/ros/humble/share/rmw_implementation_cmake/cmake)
[0.882s] -- Found rmw_fastrtps_cpp: 6.2.7 (/opt/ros/humble/share/rmw_fastrtps_cpp/cmake)
[0.952s] -- Found OpenSSL: /usr/lib/x86_64-linux-gnu/libcrypto.so (found version "3.0.2")  
[0.994s] -- Found FastRTPS: /opt/ros/humble/include  
[1.042s] -- Using RMW implementation 'rmw_fastrtps_cpp' as default
[1.049s] -- Looking for pthread.h
[1.113s] -- Looking for pthread.h - found
[1.113s] -- Performing Test CMAKE_HAVE_LIBC_PTHREAD
[1.178s] -- Performing Test CMAKE_HAVE_LIBC_PTHREAD - Success
[1.179s] -- Found Threads: TRUE  
[1.218s] -- Found sensor_msgs: 4.8.0 (/opt/ros/humble/share/sensor_msgs/cmake)
[1.236s] -- Found rclpy: 3.3.16 (/opt/ros/humble/share/rclpy/cmake)
[1.244s] -- Found ament_lint_auto: 0.12.12 (/opt/ros/humble/share/ament_lint_auto/cmake)
[1.345s] -- Added test 'copyright' to check source files copyright and LICENSE
[1.348s] -- Added test 'cppcheck' to perform static code analysis on C / C++ code
[1.349s] -- Configured cppcheck include dirs: /home/stepan/ws_ros2/src/px4_ros_com/include;$<BUILD_INTERFACE:/home/stepan/ws_ros2/src/px4_ros_com/include/px4_ros_com>
[1.349s] -- Configured cppcheck exclude dirs and/or files: 
[1.352s] -- Added test 'cpplint' to check C / C++ code against the Google style
[1.352s] -- Configured cpplint exclude dirs and/or files: 
[1.353s] -- Added test 'flake8' to check Python code syntax and style conventions
[1.354s] -- Added test 'lint_cmake' to check CMake code style
[1.355s] -- Added test 'pep257' to check Python code against some of the docstring style conventions in PEP 257
[1.358s] -- Added test 'uncrustify' to check C / C++ code style
[1.358s] -- Configured uncrustify additional arguments: 
[1.359s] -- Added test 'xmllint' to check XML markup files
[1.361s] -- Configuring done
[1.383s] -- Generating done
[1.393s] -- Build files have been written to: /home/stepan/ws_ros2/build/px4_ros_com
[1.404s] Invoked command in '/home/stepan/ws_ros2/build/px4_ros_com' returned '0': AMENT_PREFIX_PATH=/home/stepan/ws_ros2/install/px4_msgs:${AMENT_PREFIX_PATH} CMAKE_PREFIX_PATH=/home/stepan/ws_ros2/install/px4_msgs:/opt/ros/humble LD_LIBRARY_PATH=/home/stepan/ws_ros2/install/px4_msgs/lib:${LD_LIBRARY_PATH} PYTHONPATH=/home/stepan/ws_ros2/install/px4_msgs/local/lib/python3.10/dist-packages:${PYTHONPATH} /usr/bin/cmake /home/stepan/ws_ros2/src/px4_ros_com -DCMAKE_INSTALL_PREFIX=/home/stepan/ws_ros2/install/px4_ros_com
[1.405s] Invoking command in '/home/stepan/ws_ros2/build/px4_ros_com': AMENT_PREFIX_PATH=/home/stepan/ws_ros2/install/px4_msgs:${AMENT_PREFIX_PATH} CMAKE_PREFIX_PATH=/home/stepan/ws_ros2/install/px4_msgs:/opt/ros/humble LD_LIBRARY_PATH=/home/stepan/ws_ros2/install/px4_msgs/lib:${LD_LIBRARY_PATH} PYTHONPATH=/home/stepan/ws_ros2/install/px4_msgs/local/lib/python3.10/dist-packages:${PYTHONPATH} /usr/bin/cmake --build /home/stepan/ws_ros2/build/px4_ros_com -- -j8 -l8
[1.453s] [  8%] [32mBuilding CXX object CMakeFiles/frame_transforms.dir/src/lib/frame_transforms.cpp.o[0m
[1.453s] [ 16%] [32mBuilding CXX object CMakeFiles/debug_vect_advertiser.dir/src/examples/advertisers/debug_vect_advertiser.cpp.o[0m
[1.455s] [ 25%] [32mBuilding CXX object CMakeFiles/vehicle_gps_position_listener.dir/src/examples/listeners/vehicle_gps_position_listener.cpp.o[0m
[1.456s] [ 33%] [32mBuilding CXX object CMakeFiles/sensor_combined_listener.dir/src/examples/listeners/sensor_combined_listener.cpp.o[0m
[1.456s] [ 50%] [32mBuilding CXX object CMakeFiles/offboard_control.dir/src/examples/offboard/offboard_control.cpp.o[0m
[1.456s] [ 50%] [32mBuilding CXX object CMakeFiles/offboard_control_srv.dir/src/examples/offboard/offboard_control_srv.cpp.o[0m
[1.467s] [ 50%] Built target ament_cmake_python_copy_px4_ros_com
[1.826s] running egg_info
[1.859s] creating px4_ros_com.egg-info
[1.859s] writing px4_ros_com.egg-info/PKG-INFO
[1.860s] writing dependency_links to px4_ros_com.egg-info/dependency_links.txt
[1.860s] writing top-level names to px4_ros_com.egg-info/top_level.txt
[1.861s] writing manifest file 'px4_ros_com.egg-info/SOURCES.txt'
[1.960s] reading manifest file 'px4_ros_com.egg-info/SOURCES.txt'
[1.962s] writing manifest file 'px4_ros_com.egg-info/SOURCES.txt'
[2.023s] [ 50%] Built target ament_cmake_python_build_px4_ros_com_egg
[9.035s] [ 58%] [32m[1mLinking CXX executable debug_vect_advertiser[0m
[9.374s] [ 58%] Built target debug_vect_advertiser
[9.842s] [ 66%] [32m[1mLinking CXX executable offboard_control[0m
[10.118s] [ 66%] Built target offboard_control
[10.846s] [ 75%] [32m[1mLinking CXX shared library libframe_transforms.so[0m
[11.062s] [ 83%] [32m[1mLinking CXX executable offboard_control_srv[0m
[11.186s] [ 91%] [32m[1mLinking CXX executable vehicle_gps_position_listener[0m
[11.208s] [ 91%] Built target frame_transforms
[11.403s] [ 91%] Built target offboard_control_srv
[11.626s] [ 91%] Built target vehicle_gps_position_listener
[12.513s] [100%] [32m[1mLinking CXX executable sensor_combined_listener[0m
[12.873s] [100%] Built target sensor_combined_listener
[12.883s] Invoked command in '/home/stepan/ws_ros2/build/px4_ros_com' returned '0': AMENT_PREFIX_PATH=/home/stepan/ws_ros2/install/px4_msgs:${AMENT_PREFIX_PATH} CMAKE_PREFIX_PATH=/home/stepan/ws_ros2/install/px4_msgs:/opt/ros/humble LD_LIBRARY_PATH=/home/stepan/ws_ros2/install/px4_msgs/lib:${LD_LIBRARY_PATH} PYTHONPATH=/home/stepan/ws_ros2/install/px4_msgs/local/lib/python3.10/dist-packages:${PYTHONPATH} /usr/bin/cmake --build /home/stepan/ws_ros2/build/px4_ros_com -- -j8 -l8
[12.885s] Invoking command in '/home/stepan/ws_ros2/build/px4_ros_com': AMENT_PREFIX_PATH=/home/stepan/ws_ros2/install/px4_msgs:${AMENT_PREFIX_PATH} CMAKE_PREFIX_PATH=/home/stepan/ws_ros2/install/px4_msgs:/opt/ros/humble LD_LIBRARY_PATH=/home/stepan/ws_ros2/install/px4_msgs/lib:${LD_LIBRARY_PATH} PYTHONPATH=/home/stepan/ws_ros2/install/px4_msgs/local/lib/python3.10/dist-packages:${PYTHONPATH} /usr/bin/cmake --install /home/stepan/ws_ros2/build/px4_ros_com
[12.892s] -- Install configuration: ""
[12.892s] -- Installing: /home/stepan/ws_ros2/install/px4_ros_com/lib/px4_ros_com/sensor_combined_listener
[12.895s] -- Set runtime path of "/home/stepan/ws_ros2/install/px4_ros_com/lib/px4_ros_com/sensor_combined_listener" to ""
[12.895s] -- Installing: /home/stepan/ws_ros2/install/px4_ros_com/lib/px4_ros_com/vehicle_gps_position_listener
[12.897s] -- Set runtime path of "/home/stepan/ws_ros2/install/px4_ros_com/lib/px4_ros_com/vehicle_gps_position_listener" to ""
[12.897s] -- Installing: /home/stepan/ws_ros2/install/px4_ros_com/lib/px4_ros_com/debug_vect_advertiser
[12.898s] -- Set runtime path of "/home/stepan/ws_ros2/install/px4_ros_com/lib/px4_ros_com/debug_vect_advertiser" to ""
[12.898s] -- Installing: /home/stepan/ws_ros2/install/px4_ros_com/lib/px4_ros_com/offboard_control
[12.899s] -- Set runtime path of "/home/stepan/ws_ros2/install/px4_ros_com/lib/px4_ros_com/offboard_control" to ""
[12.899s] -- Installing: /home/stepan/ws_ros2/install/px4_ros_com/lib/px4_ros_com/offboard_control_srv
[12.900s] -- Set runtime path of "/home/stepan/ws_ros2/install/px4_ros_com/lib/px4_ros_com/offboard_control_srv" to ""
[12.901s] -- Installing: /home/stepan/ws_ros2/install/px4_ros_com/share/px4_ros_com/environment/library_path.sh
[12.901s] -- Installing: /home/stepan/ws_ros2/install/px4_ros_com/share/px4_ros_com/environment/library_path.dsv
[12.901s] -- Installing: /home/stepan/ws_ros2/install/px4_ros_com/include/px4_ros_com
[12.901s] -- Installing: /home/stepan/ws_ros2/install/px4_ros_com/include/px4_ros_com/frame_transforms.h
[12.901s] -- Installing: /home/stepan/ws_ros2/install/px4_ros_com/lib/libframe_transforms.so
[12.904s] -- Set runtime path of "/home/stepan/ws_ros2/install/px4_ros_com/lib/libframe_transforms.so" to ""
[12.904s] -- Installing: /home/stepan/ws_ros2/install/px4_ros_com/share/px4_ros_com//launch
[12.904s] -- Installing: /home/stepan/ws_ros2/install/px4_ros_com/share/px4_ros_com//launch/offboard_control_launch.yaml
[12.904s] -- Installing: /home/stepan/ws_ros2/install/px4_ros_com/share/px4_ros_com//launch/sensor_combined_listener.launch.py
[12.905s] -- Installing: /home/stepan/ws_ros2/install/px4_ros_com/share/px4_ros_com//test
[12.905s] -- Installing: /home/stepan/ws_ros2/install/px4_ros_com/share/px4_ros_com//test/pipeline_io_test.py
[12.905s] -- Installing: /home/stepan/ws_ros2/install/px4_ros_com/share/px4_ros_com//test/test_output.py
[12.905s] -- Installing: /home/stepan/ws_ros2/install/px4_ros_com/share/px4_ros_com//test/__init__.py
[12.905s] -- Installing: /home/stepan/ws_ros2/install/px4_ros_com/share/px4_ros_com//test/test_input.py
[12.905s] -- Installing: /home/stepan/ws_ros2/install/px4_ros_com/share/px4_ros_com/environment/pythonpath.sh
[12.905s] -- Installing: /home/stepan/ws_ros2/install/px4_ros_com/share/px4_ros_com/environment/pythonpath.dsv
[12.905s] -- Installing: /home/stepan/ws_ros2/install/px4_ros_com/local/lib/python3.10/dist-packages/px4_ros_com-0.1.0-py3.10.egg-info
[12.905s] -- Installing: /home/stepan/ws_ros2/install/px4_ros_com/local/lib/python3.10/dist-packages/px4_ros_com-0.1.0-py3.10.egg-info/top_level.txt
[12.905s] -- Installing: /home/stepan/ws_ros2/install/px4_ros_com/local/lib/python3.10/dist-packages/px4_ros_com-0.1.0-py3.10.egg-info/PKG-INFO
[12.905s] -- Installing: /home/stepan/ws_ros2/install/px4_ros_com/local/lib/python3.10/dist-packages/px4_ros_com-0.1.0-py3.10.egg-info/dependency_links.txt
[12.905s] -- Installing: /home/stepan/ws_ros2/install/px4_ros_com/local/lib/python3.10/dist-packages/px4_ros_com-0.1.0-py3.10.egg-info/SOURCES.txt
[12.905s] -- Installing: /home/stepan/ws_ros2/install/px4_ros_com/local/lib/python3.10/dist-packages/px4_ros_com
[12.906s] -- Installing: /home/stepan/ws_ros2/install/px4_ros_com/local/lib/python3.10/dist-packages/px4_ros_com/__init__.py
[12.906s] -- Installing: /home/stepan/ws_ros2/install/px4_ros_com/local/lib/python3.10/dist-packages/px4_ros_com/module_to_import.py
[12.938s] Listing '/home/stepan/ws_ros2/install/px4_ros_com/local/lib/python3.10/dist-packages/px4_ros_com'...
[12.938s] Compiling '/home/stepan/ws_ros2/install/px4_ros_com/local/lib/python3.10/dist-packages/px4_ros_com/__init__.py'...
[12.938s] Compiling '/home/stepan/ws_ros2/install/px4_ros_com/local/lib/python3.10/dist-packages/px4_ros_com/module_to_import.py'...
[12.943s] -- Installing: /home/stepan/ws_ros2/install/px4_ros_com/lib/px4_ros_com/offboard_control.py
[12.943s] -- Installing: /home/stepan/ws_ros2/install/px4_ros_com/share/ament_index/resource_index/package_run_dependencies/px4_ros_com
[12.943s] -- Installing: /home/stepan/ws_ros2/install/px4_ros_com/share/ament_index/resource_index/parent_prefix_path/px4_ros_com
[12.944s] -- Installing: /home/stepan/ws_ros2/install/px4_ros_com/share/px4_ros_com/environment/ament_prefix_path.sh
[12.944s] -- Installing: /home/stepan/ws_ros2/install/px4_ros_com/share/px4_ros_com/environment/ament_prefix_path.dsv
[12.944s] -- Installing: /home/stepan/ws_ros2/install/px4_ros_com/share/px4_ros_com/environment/path.sh
[12.944s] -- Installing: /home/stepan/ws_ros2/install/px4_ros_com/share/px4_ros_com/environment/path.dsv
[12.944s] -- Installing: /home/stepan/ws_ros2/install/px4_ros_com/share/px4_ros_com/local_setup.bash
[12.944s] -- Installing: /home/stepan/ws_ros2/install/px4_ros_com/share/px4_ros_com/local_setup.sh
[12.944s] -- Installing: /home/stepan/ws_ros2/install/px4_ros_com/share/px4_ros_com/local_setup.zsh
[12.944s] -- Installing: /home/stepan/ws_ros2/install/px4_ros_com/share/px4_ros_com/local_setup.dsv
[12.944s] -- Installing: /home/stepan/ws_ros2/install/px4_ros_com/share/px4_ros_com/package.dsv
[12.944s] -- Installing: /home/stepan/ws_ros2/install/px4_ros_com/share/ament_index/resource_index/packages/px4_ros_com
[12.945s] -- Installing: /home/stepan/ws_ros2/install/px4_ros_com/share/px4_ros_com/cmake/export_frame_transformsExport.cmake
[12.945s] -- Installing: /home/stepan/ws_ros2/install/px4_ros_com/share/px4_ros_com/cmake/export_frame_transformsExport-noconfig.cmake
[12.945s] -- Installing: /home/stepan/ws_ros2/install/px4_ros_com/share/px4_ros_com/cmake/ament_cmake_export_dependencies-extras.cmake
[12.945s] -- Installing: /home/stepan/ws_ros2/install/px4_ros_com/share/px4_ros_com/cmake/ament_cmake_export_targets-extras.cmake
[12.945s] -- Installing: /home/stepan/ws_ros2/install/px4_ros_com/share/px4_ros_com/cmake/ament_cmake_export_include_directories-extras.cmake
[12.945s] -- Installing: /home/stepan/ws_ros2/install/px4_ros_com/share/px4_ros_com/cmake/ament_cmake_export_libraries-extras.cmake
[12.945s] -- Installing: /home/stepan/ws_ros2/install/px4_ros_com/share/px4_ros_com/cmake/px4_ros_comConfig.cmake
[12.945s] -- Installing: /home/stepan/ws_ros2/install/px4_ros_com/share/px4_ros_com/cmake/px4_ros_comConfig-version.cmake
[12.945s] -- Installing: /home/stepan/ws_ros2/install/px4_ros_com/share/px4_ros_com/package.xml
[12.948s] Invoked command in '/home/stepan/ws_ros2/build/px4_ros_com' returned '0': AMENT_PREFIX_PATH=/home/stepan/ws_ros2/install/px4_msgs:${AMENT_PREFIX_PATH} CMAKE_PREFIX_PATH=/home/stepan/ws_ros2/install/px4_msgs:/opt/ros/humble LD_LIBRARY_PATH=/home/stepan/ws_ros2/install/px4_msgs/lib:${LD_LIBRARY_PATH} PYTHONPATH=/home/stepan/ws_ros2/install/px4_msgs/local/lib/python3.10/dist-packages:${PYTHONPATH} /usr/bin/cmake --install /home/stepan/ws_ros2/build/px4_ros_com
