[2.705s] Invoking command in '/home/stepan/ws_ros2/src/offboard': CMAKE_PREFIX_PATH=/home/stepan/ws_ros2/install/px4_msgs:/home/stepan/ws_ros2/install/px4_ros_com:/home/stepan/ws_ros2/install/offboard LD_LIBRARY_PATH=/home/stepan/ws_ros2/install/px4_msgs/lib:/home/stepan/ws_ros2/install/px4_ros_com/lib:/opt/ros/humble/opt/rviz_ogre_vendor/lib:/opt/ros/humble/lib/x86_64-linux-gnu:/opt/ros/humble/lib PYTHONPATH=/home/stepan/ws_ros2/build/offboard/prefix_override:/usr/lib/python3/dist-packages/colcon_core/task/python/colcon_distutils_commands:/home/stepan/ws_ros2/install/offboard/lib/python3.10/site-packages:${PYTHONPATH} /usr/bin/python3 -W ignore:setup.py install is deprecated -W ignore:easy_install command is deprecated setup.py egg_info --egg-base ../../build/offboard build --build-base /home/stepan/ws_ros2/build/offboard/build install --record /home/stepan/ws_ros2/build/offboard/install.log --single-version-externally-managed install_data
[3.315s] /home/stepan/.local/lib/python3.10/site-packages/setuptools/_distutils/dist.py:289: UserWarning: Unknown distribution option: 'tests_require'
[3.315s]   warnings.warn(msg)
[3.651s] running egg_info
[3.703s] writing ../../build/offboard/offboard.egg-info/PKG-INFO
[3.704s] writing dependency_links to ../../build/offboard/offboard.egg-info/dependency_links.txt
[3.705s] writing entry points to ../../build/offboard/offboard.egg-info/entry_points.txt
[3.705s] writing requirements to ../../build/offboard/offboard.egg-info/requires.txt
[3.705s] writing top-level names to ../../build/offboard/offboard.egg-info/top_level.txt
[3.818s] reading manifest file '../../build/offboard/offboard.egg-info/SOURCES.txt'
[3.822s] writing manifest file '../../build/offboard/offboard.egg-info/SOURCES.txt'
[3.822s] running build
[3.823s] running build_py
[3.824s] copying offboard/__init__.py -> /home/stepan/ws_ros2/build/offboard/build/lib/offboard
[3.824s] copying offboard/letova_mise.py -> /home/stepan/ws_ros2/build/offboard/build/lib/offboard
[3.825s] copying offboard/offboard_mission.py -> /home/stepan/ws_ros2/build/offboard/build/lib/offboard
[3.825s] copying offboard/pristani.py -> /home/stepan/ws_ros2/build/offboard/build/lib/offboard
[3.825s] copying offboard/vzlet.py -> /home/stepan/ws_ros2/build/offboard/build/lib/offboard
[3.826s] copying offboard/dopredu.py -> /home/stepan/ws_ros2/build/offboard/build/lib/offboard
[3.829s] running install
[3.845s] running install_lib
[3.911s] copying /home/stepan/ws_ros2/build/offboard/build/lib/offboard/letova_mise.py -> /home/stepan/ws_ros2/install/offboard/lib/python3.10/site-packages/offboard
[3.911s] copying /home/stepan/ws_ros2/build/offboard/build/lib/offboard/pristani.py -> /home/stepan/ws_ros2/install/offboard/lib/python3.10/site-packages/offboard
[3.912s] copying /home/stepan/ws_ros2/build/offboard/build/lib/offboard/vzlet.py -> /home/stepan/ws_ros2/install/offboard/lib/python3.10/site-packages/offboard
[3.913s] copying /home/stepan/ws_ros2/build/offboard/build/lib/offboard/dopredu.py -> /home/stepan/ws_ros2/install/offboard/lib/python3.10/site-packages/offboard
[3.917s] byte-compiling /home/stepan/ws_ros2/install/offboard/lib/python3.10/site-packages/offboard/letova_mise.py to letova_mise.cpython-310.pyc
[3.918s] byte-compiling /home/stepan/ws_ros2/install/offboard/lib/python3.10/site-packages/offboard/pristani.py to pristani.cpython-310.pyc
[3.921s] byte-compiling /home/stepan/ws_ros2/install/offboard/lib/python3.10/site-packages/offboard/vzlet.py to vzlet.cpython-310.pyc
[3.923s] byte-compiling /home/stepan/ws_ros2/install/offboard/lib/python3.10/site-packages/offboard/dopredu.py to dopredu.cpython-310.pyc
[3.925s] running install_data
[3.925s] copying resource/offboard -> /home/stepan/ws_ros2/install/offboard/share/ament_index/resource_index/packages
[3.926s] copying package.xml -> /home/stepan/ws_ros2/install/offboard/share/offboard
[3.926s] running install_egg_info
[3.998s] removing '/home/stepan/ws_ros2/install/offboard/lib/python3.10/site-packages/offboard-0.0.0-py3.10.egg-info' (and everything under it)
[3.999s] Copying ../../build/offboard/offboard.egg-info to /home/stepan/ws_ros2/install/offboard/lib/python3.10/site-packages/offboard-0.0.0-py3.10.egg-info
[4.002s] running install_scripts
[4.478s] Installing dopredu script to /home/stepan/ws_ros2/install/offboard/lib/offboard
[4.479s] Installing letova_mise script to /home/stepan/ws_ros2/install/offboard/lib/offboard
[4.481s] Installing offboard_mission script to /home/stepan/ws_ros2/install/offboard/lib/offboard
[4.482s] Installing pristani script to /home/stepan/ws_ros2/install/offboard/lib/offboard
[4.482s] Installing vzlet script to /home/stepan/ws_ros2/install/offboard/lib/offboard
[4.485s] writing list of installed files to '/home/stepan/ws_ros2/build/offboard/install.log'
[4.609s] Invoked command in '/home/stepan/ws_ros2/src/offboard' returned '0': CMAKE_PREFIX_PATH=/home/stepan/ws_ros2/install/px4_msgs:/home/stepan/ws_ros2/install/px4_ros_com:/home/stepan/ws_ros2/install/offboard LD_LIBRARY_PATH=/home/stepan/ws_ros2/install/px4_msgs/lib:/home/stepan/ws_ros2/install/px4_ros_com/lib:/opt/ros/humble/opt/rviz_ogre_vendor/lib:/opt/ros/humble/lib/x86_64-linux-gnu:/opt/ros/humble/lib PYTHONPATH=/home/stepan/ws_ros2/build/offboard/prefix_override:/usr/lib/python3/dist-packages/colcon_core/task/python/colcon_distutils_commands:/home/stepan/ws_ros2/install/offboard/lib/python3.10/site-packages:${PYTHONPATH} /usr/bin/python3 -W ignore:setup.py install is deprecated -W ignore:easy_install command is deprecated setup.py egg_info --egg-base ../../build/offboard build --build-base /home/stepan/ws_ros2/build/offboard/build install --record /home/stepan/ws_ros2/build/offboard/install.log --single-version-externally-managed install_data
