[4.139s] Invoking command in '/home/stepan/ws_ros2/src/offboard': CMAKE_PREFIX_PATH=/home/stepan/ws_ros2/install/px4_msgs:/home/stepan/ws_ros2/install/px4_ros_com:/home/stepan/ws_ros2/install/offboard LD_LIBRARY_PATH=/home/stepan/ws_ros2/install/px4_msgs/lib:/home/stepan/ws_ros2/install/px4_ros_com/lib:/opt/ros/humble/opt/rviz_ogre_vendor/lib:/opt/ros/humble/lib/x86_64-linux-gnu:/opt/ros/humble/lib PYTHONPATH=/home/stepan/ws_ros2/build/offboard/prefix_override:/usr/lib/python3/dist-packages/colcon_core/task/python/colcon_distutils_commands:/home/stepan/ws_ros2/install/offboard/lib/python3.10/site-packages:${PYTHONPATH} /usr/bin/python3 -W ignore:setup.py install is deprecated -W ignore:easy_install command is deprecated setup.py egg_info --egg-base ../../build/offboard build --build-base /home/stepan/ws_ros2/build/offboard/build install --record /home/stepan/ws_ros2/build/offboard/install.log --single-version-externally-managed install_data
[5.154s] /home/stepan/.local/lib/python3.10/site-packages/setuptools/_distutils/dist.py:289: UserWarning: Unknown distribution option: 'tests_require'
[5.154s]   warnings.warn(msg)
[5.808s] running egg_info
[5.917s] writing ../../build/offboard/offboard.egg-info/PKG-INFO
[5.920s] writing dependency_links to ../../build/offboard/offboard.egg-info/dependency_links.txt
[5.923s] writing entry points to ../../build/offboard/offboard.egg-info/entry_points.txt
[5.924s] writing requirements to ../../build/offboard/offboard.egg-info/requires.txt
[5.925s] writing top-level names to ../../build/offboard/offboard.egg-info/top_level.txt
[6.158s] reading manifest file '../../build/offboard/offboard.egg-info/SOURCES.txt'
[6.167s] writing manifest file '../../build/offboard/offboard.egg-info/SOURCES.txt'
[6.168s] running build
[6.169s] running build_py
[6.171s] copying offboard/__init__.py -> /home/stepan/ws_ros2/build/offboard/build/lib/offboard
[6.171s] copying offboard/reset_offboard.py -> /home/stepan/ws_ros2/build/offboard/build/lib/offboard
[6.172s] copying offboard/letova_mise.py -> /home/stepan/ws_ros2/build/offboard/build/lib/offboard
[6.174s] copying offboard/offboard_mission.py -> /home/stepan/ws_ros2/build/offboard/build/lib/offboard
[6.175s] copying offboard/pristani.py -> /home/stepan/ws_ros2/build/offboard/build/lib/offboard
[6.176s] copying offboard/vzlet.py -> /home/stepan/ws_ros2/build/offboard/build/lib/offboard
[6.176s] copying offboard/dopredu.py -> /home/stepan/ws_ros2/build/offboard/build/lib/offboard
[6.179s] running install
[6.204s] running install_lib
[6.323s] running install_data
[6.324s] copying resource/offboard -> /home/stepan/ws_ros2/install/offboard/share/ament_index/resource_index/packages
[6.326s] copying package.xml -> /home/stepan/ws_ros2/install/offboard/share/offboard
[6.327s] running install_egg_info
[6.432s] removing '/home/stepan/ws_ros2/install/offboard/lib/python3.10/site-packages/offboard-0.0.0-py3.10.egg-info' (and everything under it)
[6.433s] Copying ../../build/offboard/offboard.egg-info to /home/stepan/ws_ros2/install/offboard/lib/python3.10/site-packages/offboard-0.0.0-py3.10.egg-info
[6.436s] running install_scripts
[7.329s] Installing dopredu script to /home/stepan/ws_ros2/install/offboard/lib/offboard
[7.330s] Installing letova_mise script to /home/stepan/ws_ros2/install/offboard/lib/offboard
[7.330s] Installing offboard_mission script to /home/stepan/ws_ros2/install/offboard/lib/offboard
[7.330s] Installing pristani script to /home/stepan/ws_ros2/install/offboard/lib/offboard
[7.331s] Installing reset_offboard script to /home/stepan/ws_ros2/install/offboard/lib/offboard
[7.331s] Installing vzlet script to /home/stepan/ws_ros2/install/offboard/lib/offboard
[7.332s] writing list of installed files to '/home/stepan/ws_ros2/build/offboard/install.log'
[7.458s] Invoked command in '/home/stepan/ws_ros2/src/offboard' returned '0': CMAKE_PREFIX_PATH=/home/stepan/ws_ros2/install/px4_msgs:/home/stepan/ws_ros2/install/px4_ros_com:/home/stepan/ws_ros2/install/offboard LD_LIBRARY_PATH=/home/stepan/ws_ros2/install/px4_msgs/lib:/home/stepan/ws_ros2/install/px4_ros_com/lib:/opt/ros/humble/opt/rviz_ogre_vendor/lib:/opt/ros/humble/lib/x86_64-linux-gnu:/opt/ros/humble/lib PYTHONPATH=/home/stepan/ws_ros2/build/offboard/prefix_override:/usr/lib/python3/dist-packages/colcon_core/task/python/colcon_distutils_commands:/home/stepan/ws_ros2/install/offboard/lib/python3.10/site-packages:${PYTHONPATH} /usr/bin/python3 -W ignore:setup.py install is deprecated -W ignore:easy_install command is deprecated setup.py egg_info --egg-base ../../build/offboard build --build-base /home/stepan/ws_ros2/build/offboard/build install --record /home/stepan/ws_ros2/build/offboard/install.log --single-version-externally-managed install_data
