[0.024s] Invoking command in '/home/stepan/ws_ros2/build/offboard': CMAKE_PREFIX_PATH=/home/stepan/ws_ros2/install/px4_msgs:/home/stepan/ws_ros2/install/px4_ros_com:/home/stepan/ws_ros2/install/offboard LD_LIBRARY_PATH=/home/stepan/ws_ros2/install/px4_msgs/lib:/home/stepan/ws_ros2/install/px4_ros_com/lib:/opt/ros/humble/opt/rviz_ogre_vendor/lib:/opt/ros/humble/lib/x86_64-linux-gnu:/opt/ros/humble/lib /usr/bin/cmake --build /home/stepan/ws_ros2/build/offboard -- -j8 -l8
[0.165s] [100%] Built target offboard_cpp_exec
[0.165s] [100%] Built target offboard_srv_exec
[0.208s] Invoked command in '/home/stepan/ws_ros2/build/offboard' returned '0': CMAKE_PREFIX_PATH=/home/stepan/ws_ros2/install/px4_msgs:/home/stepan/ws_ros2/install/px4_ros_com:/home/stepan/ws_ros2/install/offboard LD_LIBRARY_PATH=/home/stepan/ws_ros2/install/px4_msgs/lib:/home/stepan/ws_ros2/install/px4_ros_com/lib:/opt/ros/humble/opt/rviz_ogre_vendor/lib:/opt/ros/humble/lib/x86_64-linux-gnu:/opt/ros/humble/lib /usr/bin/cmake --build /home/stepan/ws_ros2/build/offboard -- -j8 -l8
[0.244s] Invoking command in '/home/stepan/ws_ros2/build/offboard': CMAKE_PREFIX_PATH=/home/stepan/ws_ros2/install/px4_msgs:/home/stepan/ws_ros2/install/px4_ros_com:/home/stepan/ws_ros2/install/offboard LD_LIBRARY_PATH=/home/stepan/ws_ros2/install/px4_msgs/lib:/home/stepan/ws_ros2/install/px4_ros_com/lib:/opt/ros/humble/opt/rviz_ogre_vendor/lib:/opt/ros/humble/lib/x86_64-linux-gnu:/opt/ros/humble/lib /usr/bin/cmake --install /home/stepan/ws_ros2/build/offboard
[0.271s] -- Install configuration: ""
[0.272s] -- Up-to-date: /home/stepan/ws_ros2/install/offboard/lib/offboard/offboard_cpp_exec
[0.273s] -- Up-to-date: /home/stepan/ws_ros2/install/offboard/lib/offboard/offboard_srv_exec
[0.274s] -- Up-to-date: /home/stepan/ws_ros2/install/offboard/share/ament_index/resource_index/package_run_dependencies/offboard
[0.277s] -- Up-to-date: /home/stepan/ws_ros2/install/offboard/share/ament_index/resource_index/parent_prefix_path/offboard
[0.277s] -- Up-to-date: /home/stepan/ws_ros2/install/offboard/share/offboard/environment/ament_prefix_path.sh
[0.278s] -- Up-to-date: /home/stepan/ws_ros2/install/offboard/share/offboard/environment/ament_prefix_path.dsv
[0.278s] -- Up-to-date: /home/stepan/ws_ros2/install/offboard/share/offboard/environment/path.sh
[0.279s] -- Up-to-date: /home/stepan/ws_ros2/install/offboard/share/offboard/environment/path.dsv
[0.279s] -- Up-to-date: /home/stepan/ws_ros2/install/offboard/share/offboard/local_setup.bash
[0.279s] -- Up-to-date: /home/stepan/ws_ros2/install/offboard/share/offboard/local_setup.sh
[0.279s] -- Up-to-date: /home/stepan/ws_ros2/install/offboard/share/offboard/local_setup.zsh
[0.280s] -- Up-to-date: /home/stepan/ws_ros2/install/offboard/share/offboard/local_setup.dsv
[0.280s] -- Up-to-date: /home/stepan/ws_ros2/install/offboard/share/offboard/package.dsv
[0.280s] -- Up-to-date: /home/stepan/ws_ros2/install/offboard/share/ament_index/resource_index/packages/offboard
[0.280s] -- Up-to-date: /home/stepan/ws_ros2/install/offboard/share/offboard/cmake/offboardConfig.cmake
[0.280s] -- Up-to-date: /home/stepan/ws_ros2/install/offboard/share/offboard/cmake/offboardConfig-version.cmake
[0.281s] -- Up-to-date: /home/stepan/ws_ros2/install/offboard/share/offboard/package.xml
[0.285s] Invoked command in '/home/stepan/ws_ros2/build/offboard' returned '0': CMAKE_PREFIX_PATH=/home/stepan/ws_ros2/install/px4_msgs:/home/stepan/ws_ros2/install/px4_ros_com:/home/stepan/ws_ros2/install/offboard LD_LIBRARY_PATH=/home/stepan/ws_ros2/install/px4_msgs/lib:/home/stepan/ws_ros2/install/px4_ros_com/lib:/opt/ros/humble/opt/rviz_ogre_vendor/lib:/opt/ros/humble/lib/x86_64-linux-gnu:/opt/ros/humble/lib /usr/bin/cmake --install /home/stepan/ws_ros2/build/offboard
