[0.012s] Invoking command in '/home/stepan/ws_ros2/build/offboard': CMAKE_PREFIX_PATH=/home/stepan/ws_ros2/install/px4_msgs:/home/stepan/ws_ros2/install/px4_ros_com:/home/stepan/ws_ros2/install/offboard:/opt/ros/humble LD_LIBRARY_PATH=/home/stepan/ws_ros2/install/px4_msgs/lib:/home/stepan/ws_ros2/install/px4_ros_com/lib:/opt/ros/humble/opt/rviz_ogre_vendor/lib:/opt/ros/humble/lib/x86_64-linux-gnu:/opt/ros/humble/lib /usr/bin/cmake --build /home/stepan/ws_ros2/build/offboard -- -j8 -l8
[0.035s] -- Found ament_cmake: 1.3.11 (/opt/ros/humble/share/ament_cmake/cmake)
[0.174s] -- Found rclcpp: 16.0.12 (/opt/ros/humble/share/rclcpp/cmake)
[0.204s] -- Found rosidl_generator_c: 3.1.6 (/opt/ros/humble/share/rosidl_generator_c/cmake)
[0.206s] -- Found rosidl_adapter: 3.1.6 (/opt/ros/humble/share/rosidl_adapter/cmake)
[0.212s] -- Found rosidl_generator_cpp: 3.1.6 (/opt/ros/humble/share/rosidl_generator_cpp/cmake)
[0.223s] -- Using all available rosidl_typesupport_c: rosidl_typesupport_fastrtps_c;rosidl_typesupport_introspection_c
[0.236s] -- Using all available rosidl_typesupport_cpp: rosidl_typesupport_fastrtps_cpp;rosidl_typesupport_introspection_cpp
[0.271s] -- Found rmw_implementation_cmake: 6.1.2 (/opt/ros/humble/share/rmw_implementation_cmake/cmake)
[0.273s] -- Found rmw_fastrtps_cpp: 6.2.7 (/opt/ros/humble/share/rmw_fastrtps_cpp/cmake)
[0.383s] -- Using RMW implementation 'rmw_fastrtps_cpp' as default
[0.440s] -- Found px4_msgs: 2.0.1 (/home/stepan/ws_ros2/install/px4_msgs/share/px4_msgs/cmake)
[0.527s] -- Configuring done
[0.529s] [31mCMake Error at CMakeLists.txt:13 (add_executable):
[0.529s]   Cannot find source file:
[0.529s] 
[0.529s]     src/offboard_control.cpp
[0.529s] 
[0.529s]   Tried extensions .c .C .c++ .cc .cpp .cxx .cu .mpp .m .M .mm .ixx .cppm .h
[0.529s]   .hh .h++ .hm .hpp .hxx .in .txx .f .F .for .f77 .f90 .f95 .f03 .hip .ispc
[0.529s] 
[0.529s] [0m
[0.530s] [31mCMake Error at CMakeLists.txt:16 (add_executable):
[0.530s]   Cannot find source file:
[0.530s] 
[0.530s]     src/offboard_control_srv.cpp
[0.530s] 
[0.530s]   Tried extensions .c .C .c++ .cc .cpp .cxx .cu .mpp .m .M .mm .ixx .cppm .h
[0.530s]   .hh .h++ .hm .hpp .hxx .in .txx .f .F .for .f77 .f90 .f95 .f03 .hip .ispc
[0.530s] 
[0.530s] [0m
[0.530s] [31mCMake Error at CMakeLists.txt:13 (add_executable):
[0.530s]   No SOURCES given to target: offboard_control
[0.530s] 
[0.530s] [0m
[0.530s] [31mCMake Error at CMakeLists.txt:16 (add_executable):
[0.531s]   No SOURCES given to target: offboard_control_srv
[0.531s] 
[0.531s] [0m
[0.531s] [0mCMake Generate step failed.  Build files cannot be regenerated correctly.[0m
[0.537s] gmake: *** [Makefile:308: cmake_check_build_system] Error 1
[0.539s] Invoked command in '/home/stepan/ws_ros2/build/offboard' returned '2': CMAKE_PREFIX_PATH=/home/stepan/ws_ros2/install/px4_msgs:/home/stepan/ws_ros2/install/px4_ros_com:/home/stepan/ws_ros2/install/offboard:/opt/ros/humble LD_LIBRARY_PATH=/home/stepan/ws_ros2/install/px4_msgs/lib:/home/stepan/ws_ros2/install/px4_ros_com/lib:/opt/ros/humble/opt/rviz_ogre_vendor/lib:/opt/ros/humble/lib/x86_64-linux-gnu:/opt/ros/humble/lib /usr/bin/cmake --build /home/stepan/ws_ros2/build/offboard -- -j8 -l8
