[2.926s] Invoking command in '/home/stepan/ws_ros2/src/offboard': CMAKE_PREFIX_PATH=/home/stepan/ws_ros2/install/px4_msgs:/home/stepan/ws_ros2/install/px4_ros_com:/home/stepan/ws_ros2/install/offboard LD_LIBRARY_PATH=/home/stepan/ws_ros2/install/px4_msgs/lib:/home/stepan/ws_ros2/install/px4_ros_com/lib:/opt/ros/humble/opt/rviz_ogre_vendor/lib:/opt/ros/humble/lib/x86_64-linux-gnu:/opt/ros/humble/lib PYTHONPATH=/home/stepan/ws_ros2/build/offboard/prefix_override:/usr/lib/python3/dist-packages/colcon_core/task/python/colcon_distutils_commands:/home/stepan/ws_ros2/install/offboard/lib/python3.10/site-packages:${PYTHONPATH} /usr/bin/python3 -W ignore:setup.py install is deprecated -W ignore:easy_install command is deprecated setup.py egg_info --egg-base ../../build/offboard build --build-base /home/stepan/ws_ros2/build/offboard/build install --record /home/stepan/ws_ros2/build/offboard/install.log --single-version-externally-managed install_data
[3.690s] /home/stepan/.local/lib/python3.10/site-packages/setuptools/_distutils/dist.py:289: UserWarning: Unknown distribution option: 'tests_require'
[3.691s]   warnings.warn(msg)
[4.113s] running egg_info
[4.168s] writing ../../build/offboard/offboard.egg-info/PKG-INFO
[4.168s] writing dependency_links to ../../build/offboard/offboard.egg-info/dependency_links.txt
[4.169s] writing entry points to ../../build/offboard/offboard.egg-info/entry_points.txt
[4.169s] writing requirements to ../../build/offboard/offboard.egg-info/requires.txt
[4.169s] writing top-level names to ../../build/offboard/offboard.egg-info/top_level.txt
[4.293s] reading manifest file '../../build/offboard/offboard.egg-info/SOURCES.txt'
[4.297s] writing manifest file '../../build/offboard/offboard.egg-info/SOURCES.txt'
[4.298s] running build
[4.298s] running build_py
[4.300s] copying offboard/__init__.py -> /home/stepan/ws_ros2/build/offboard/build/lib/offboard
[4.300s] copying offboard/letova_mise.py -> /home/stepan/ws_ros2/build/offboard/build/lib/offboard
[4.301s] copying offboard/offboard_mission.py -> /home/stepan/ws_ros2/build/offboard/build/lib/offboard
[4.301s] copying offboard/pristani.py -> /home/stepan/ws_ros2/build/offboard/build/lib/offboard
[4.302s] copying offboard/vzlet.py -> /home/stepan/ws_ros2/build/offboard/build/lib/offboard
[4.302s] copying offboard/dopredu.py -> /home/stepan/ws_ros2/build/offboard/build/lib/offboard
[4.303s] running install
[4.319s] running install_lib
[4.378s] copying /home/stepan/ws_ros2/build/offboard/build/lib/offboard/letova_mise.py -> /home/stepan/ws_ros2/install/offboard/lib/python3.10/site-packages/offboard
[4.379s] copying /home/stepan/ws_ros2/build/offboard/build/lib/offboard/pristani.py -> /home/stepan/ws_ros2/install/offboard/lib/python3.10/site-packages/offboard
[4.380s] copying /home/stepan/ws_ros2/build/offboard/build/lib/offboard/dopredu.py -> /home/stepan/ws_ros2/install/offboard/lib/python3.10/site-packages/offboard
[4.382s] byte-compiling /home/stepan/ws_ros2/install/offboard/lib/python3.10/site-packages/offboard/letova_mise.py to letova_mise.cpython-310.pyc
[4.384s] byte-compiling /home/stepan/ws_ros2/install/offboard/lib/python3.10/site-packages/offboard/pristani.py to pristani.cpython-310.pyc
[4.385s] byte-compiling /home/stepan/ws_ros2/install/offboard/lib/python3.10/site-packages/offboard/dopredu.py to dopredu.cpython-310.pyc
[4.387s] running install_data
[4.388s] copying resource/offboard -> /home/stepan/ws_ros2/install/offboard/share/ament_index/resource_index/packages
[4.388s] copying package.xml -> /home/stepan/ws_ros2/install/offboard/share/offboard
[4.389s] running install_egg_info
[4.467s] removing '/home/stepan/ws_ros2/install/offboard/lib/python3.10/site-packages/offboard-0.0.0-py3.10.egg-info' (and everything under it)
[4.468s] Copying ../../build/offboard/offboard.egg-info to /home/stepan/ws_ros2/install/offboard/lib/python3.10/site-packages/offboard-0.0.0-py3.10.egg-info
[4.470s] running install_scripts
[5.175s] Installing dopredu script to /home/stepan/ws_ros2/install/offboard/lib/offboard
[5.176s] Installing letova_mise script to /home/stepan/ws_ros2/install/offboard/lib/offboard
[5.178s] Installing offboard_mission script to /home/stepan/ws_ros2/install/offboard/lib/offboard
[5.178s] Installing pristani script to /home/stepan/ws_ros2/install/offboard/lib/offboard
[5.179s] Installing vzlet script to /home/stepan/ws_ros2/install/offboard/lib/offboard
[5.181s] writing list of installed files to '/home/stepan/ws_ros2/build/offboard/install.log'
[5.300s] Invoked command in '/home/stepan/ws_ros2/src/offboard' returned '0': CMAKE_PREFIX_PATH=/home/stepan/ws_ros2/install/px4_msgs:/home/stepan/ws_ros2/install/px4_ros_com:/home/stepan/ws_ros2/install/offboard LD_LIBRARY_PATH=/home/stepan/ws_ros2/install/px4_msgs/lib:/home/stepan/ws_ros2/install/px4_ros_com/lib:/opt/ros/humble/opt/rviz_ogre_vendor/lib:/opt/ros/humble/lib/x86_64-linux-gnu:/opt/ros/humble/lib PYTHONPATH=/home/stepan/ws_ros2/build/offboard/prefix_override:/usr/lib/python3/dist-packages/colcon_core/task/python/colcon_distutils_commands:/home/stepan/ws_ros2/install/offboard/lib/python3.10/site-packages:${PYTHONPATH} /usr/bin/python3 -W ignore:setup.py install is deprecated -W ignore:easy_install command is deprecated setup.py egg_info --egg-base ../../build/offboard build --build-base /home/stepan/ws_ros2/build/offboard/build install --record /home/stepan/ws_ros2/build/offboard/install.log --single-version-externally-managed install_data
