[2.800s] Invoking command in '/home/stepan/ws_ros2/src/offboard': CMAKE_PREFIX_PATH=/home/stepan/ws_ros2/install/px4_msgs:/home/stepan/ws_ros2/install/px4_ros_com:/home/stepan/ws_ros2/install/offboard LD_LIBRARY_PATH=/home/stepan/ws_ros2/install/px4_msgs/lib:/home/stepan/ws_ros2/install/px4_ros_com/lib:/opt/ros/humble/opt/rviz_ogre_vendor/lib:/opt/ros/humble/lib/x86_64-linux-gnu:/opt/ros/humble/lib PYTHONPATH=/home/stepan/ws_ros2/build/offboard/prefix_override:/usr/lib/python3/dist-packages/colcon_core/task/python/colcon_distutils_commands:/home/stepan/ws_ros2/install/offboard/lib/python3.10/site-packages:${PYTHONPATH} /usr/bin/python3 -W ignore:setup.py install is deprecated -W ignore:easy_install command is deprecated setup.py egg_info --egg-base ../../build/offboard build --build-base /home/stepan/ws_ros2/build/offboard/build install --record /home/stepan/ws_ros2/build/offboard/install.log --single-version-externally-managed install_data
[3.374s] /home/stepan/.local/lib/python3.10/site-packages/setuptools/_distutils/dist.py:289: UserWarning: Unknown distribution option: 'tests_require'
[3.374s]   warnings.warn(msg)
[3.619s] running egg_info
[3.653s] writing ../../build/offboard/offboard.egg-info/PKG-INFO
[3.653s] writing dependency_links to ../../build/offboard/offboard.egg-info/dependency_links.txt
[3.654s] writing entry points to ../../build/offboard/offboard.egg-info/entry_points.txt
[3.654s] writing requirements to ../../build/offboard/offboard.egg-info/requires.txt
[3.654s] writing top-level names to ../../build/offboard/offboard.egg-info/top_level.txt
[3.716s] reading manifest file '../../build/offboard/offboard.egg-info/SOURCES.txt'
[3.719s] writing manifest file '../../build/offboard/offboard.egg-info/SOURCES.txt'
[3.719s] running build
[3.719s] running build_py
[3.720s] copying offboard/__init__.py -> /home/stepan/ws_ros2/build/offboard/build/lib/offboard
[3.720s] copying offboard/letova_mise.py -> /home/stepan/ws_ros2/build/offboard/build/lib/offboard
[3.721s] copying offboard/offboard_mission.py -> /home/stepan/ws_ros2/build/offboard/build/lib/offboard
[3.722s] copying offboard/pristani.py -> /home/stepan/ws_ros2/build/offboard/build/lib/offboard
[3.723s] copying offboard/vzlet.py -> /home/stepan/ws_ros2/build/offboard/build/lib/offboard
[3.723s] copying offboard/dopredu.py -> /home/stepan/ws_ros2/build/offboard/build/lib/offboard
[3.724s] running install
[3.732s] running install_lib
[3.764s] running install_data
[3.766s] copying resource/offboard -> /home/stepan/ws_ros2/install/offboard/share/ament_index/resource_index/packages
[3.768s] copying package.xml -> /home/stepan/ws_ros2/install/offboard/share/offboard
[3.768s] running install_egg_info
[3.810s] removing '/home/stepan/ws_ros2/install/offboard/lib/python3.10/site-packages/offboard-0.0.0-py3.10.egg-info' (and everything under it)
[3.811s] Copying ../../build/offboard/offboard.egg-info to /home/stepan/ws_ros2/install/offboard/lib/python3.10/site-packages/offboard-0.0.0-py3.10.egg-info
[3.812s] running install_scripts
[4.111s] Installing dopredu script to /home/stepan/ws_ros2/install/offboard/lib/offboard
[4.112s] Installing letova_mise script to /home/stepan/ws_ros2/install/offboard/lib/offboard
[4.112s] Installing offboard_mission script to /home/stepan/ws_ros2/install/offboard/lib/offboard
[4.113s] Installing pristani script to /home/stepan/ws_ros2/install/offboard/lib/offboard
[4.113s] Installing vzlet script to /home/stepan/ws_ros2/install/offboard/lib/offboard
[4.114s] writing list of installed files to '/home/stepan/ws_ros2/build/offboard/install.log'
[4.216s] Invoked command in '/home/stepan/ws_ros2/src/offboard' returned '0': CMAKE_PREFIX_PATH=/home/stepan/ws_ros2/install/px4_msgs:/home/stepan/ws_ros2/install/px4_ros_com:/home/stepan/ws_ros2/install/offboard LD_LIBRARY_PATH=/home/stepan/ws_ros2/install/px4_msgs/lib:/home/stepan/ws_ros2/install/px4_ros_com/lib:/opt/ros/humble/opt/rviz_ogre_vendor/lib:/opt/ros/humble/lib/x86_64-linux-gnu:/opt/ros/humble/lib PYTHONPATH=/home/stepan/ws_ros2/build/offboard/prefix_override:/usr/lib/python3/dist-packages/colcon_core/task/python/colcon_distutils_commands:/home/stepan/ws_ros2/install/offboard/lib/python3.10/site-packages:${PYTHONPATH} /usr/bin/python3 -W ignore:setup.py install is deprecated -W ignore:easy_install command is deprecated setup.py egg_info --egg-base ../../build/offboard build --build-base /home/stepan/ws_ros2/build/offboard/build install --record /home/stepan/ws_ros2/build/offboard/install.log --single-version-externally-managed install_data
