[3.380s] Invoking command in '/home/stepan/ws_ros2/src/offboard': CMAKE_PREFIX_PATH=/home/stepan/ws_ros2/install/px4_msgs:/home/stepan/ws_ros2/install/px4_ros_com:/home/stepan/ws_ros2/install/offboard LD_LIBRARY_PATH=/home/stepan/ws_ros2/install/px4_msgs/lib:/home/stepan/ws_ros2/install/px4_ros_com/lib:/opt/ros/humble/opt/rviz_ogre_vendor/lib:/opt/ros/humble/lib/x86_64-linux-gnu:/opt/ros/humble/lib PYTHONPATH=/home/stepan/ws_ros2/build/offboard/prefix_override:/usr/lib/python3/dist-packages/colcon_core/task/python/colcon_distutils_commands:/home/stepan/ws_ros2/install/offboard/lib/python3.10/site-packages:${PYTHONPATH} /usr/bin/python3 -W ignore:setup.py install is deprecated -W ignore:easy_install command is deprecated setup.py egg_info --egg-base ../../build/offboard build --build-base /home/stepan/ws_ros2/build/offboard/build install --record /home/stepan/ws_ros2/build/offboard/install.log --single-version-externally-managed install_data
[4.013s] /home/stepan/.local/lib/python3.10/site-packages/setuptools/_distutils/dist.py:289: UserWarning: Unknown distribution option: 'tests_require'
[4.013s]   warnings.warn(msg)
[4.450s] running egg_info
[4.511s] writing ../../build/offboard/offboard.egg-info/PKG-INFO
[4.511s] writing dependency_links to ../../build/offboard/offboard.egg-info/dependency_links.txt
[4.512s] writing entry points to ../../build/offboard/offboard.egg-info/entry_points.txt
[4.513s] writing requirements to ../../build/offboard/offboard.egg-info/requires.txt
[4.513s] writing top-level names to ../../build/offboard/offboard.egg-info/top_level.txt
[4.650s] reading manifest file '../../build/offboard/offboard.egg-info/SOURCES.txt'
[4.656s] writing manifest file '../../build/offboard/offboard.egg-info/SOURCES.txt'
[4.656s] running build
[4.657s] running build_py
[4.658s] copying offboard/__init__.py -> /home/stepan/ws_ros2/build/offboard/build/lib/offboard
[4.659s] copying offboard/letova_mise.py -> /home/stepan/ws_ros2/build/offboard/build/lib/offboard
[4.660s] copying offboard/offboard_mission.py -> /home/stepan/ws_ros2/build/offboard/build/lib/offboard
[4.661s] copying offboard/pristani.py -> /home/stepan/ws_ros2/build/offboard/build/lib/offboard
[4.661s] copying offboard/vzlet.py -> /home/stepan/ws_ros2/build/offboard/build/lib/offboard
[4.661s] copying offboard/dopredu.py -> /home/stepan/ws_ros2/build/offboard/build/lib/offboard
[4.663s] running install
[4.679s] running install_lib
[4.748s] copying /home/stepan/ws_ros2/build/offboard/build/lib/offboard/dopredu.py -> /home/stepan/ws_ros2/install/offboard/lib/python3.10/site-packages/offboard
[4.751s] byte-compiling /home/stepan/ws_ros2/install/offboard/lib/python3.10/site-packages/offboard/dopredu.py to dopredu.cpython-310.pyc
[4.754s] running install_data
[4.755s] copying resource/offboard -> /home/stepan/ws_ros2/install/offboard/share/ament_index/resource_index/packages
[4.756s] copying package.xml -> /home/stepan/ws_ros2/install/offboard/share/offboard
[4.757s] running install_egg_info
[4.826s] removing '/home/stepan/ws_ros2/install/offboard/lib/python3.10/site-packages/offboard-0.0.0-py3.10.egg-info' (and everything under it)
[4.827s] Copying ../../build/offboard/offboard.egg-info to /home/stepan/ws_ros2/install/offboard/lib/python3.10/site-packages/offboard-0.0.0-py3.10.egg-info
[4.829s] running install_scripts
[5.398s] Installing dopredu script to /home/stepan/ws_ros2/install/offboard/lib/offboard
[5.399s] Installing letova_mise script to /home/stepan/ws_ros2/install/offboard/lib/offboard
[5.399s] Installing offboard_mission script to /home/stepan/ws_ros2/install/offboard/lib/offboard
[5.400s] Installing pristani script to /home/stepan/ws_ros2/install/offboard/lib/offboard
[5.402s] Installing vzlet script to /home/stepan/ws_ros2/install/offboard/lib/offboard
[5.404s] writing list of installed files to '/home/stepan/ws_ros2/build/offboard/install.log'
[5.518s] Invoked command in '/home/stepan/ws_ros2/src/offboard' returned '0': CMAKE_PREFIX_PATH=/home/stepan/ws_ros2/install/px4_msgs:/home/stepan/ws_ros2/install/px4_ros_com:/home/stepan/ws_ros2/install/offboard LD_LIBRARY_PATH=/home/stepan/ws_ros2/install/px4_msgs/lib:/home/stepan/ws_ros2/install/px4_ros_com/lib:/opt/ros/humble/opt/rviz_ogre_vendor/lib:/opt/ros/humble/lib/x86_64-linux-gnu:/opt/ros/humble/lib PYTHONPATH=/home/stepan/ws_ros2/build/offboard/prefix_override:/usr/lib/python3/dist-packages/colcon_core/task/python/colcon_distutils_commands:/home/stepan/ws_ros2/install/offboard/lib/python3.10/site-packages:${PYTHONPATH} /usr/bin/python3 -W ignore:setup.py install is deprecated -W ignore:easy_install command is deprecated setup.py egg_info --egg-base ../../build/offboard build --build-base /home/stepan/ws_ros2/build/offboard/build install --record /home/stepan/ws_ros2/build/offboard/install.log --single-version-externally-managed install_data
