[0.805s] Invoking command in '/home/stepan/ws_ros2/src/offboard': CMAKE_PREFIX_PATH=/home/stepan/ws_ros2/install/px4_msgs:/home/stepan/ws_ros2/install/px4_ros_com:/home/stepan/ws_ros2/install/offboard LD_LIBRARY_PATH=/home/stepan/ws_ros2/install/px4_msgs/lib:/home/stepan/ws_ros2/install/px4_ros_com/lib:/opt/ros/humble/opt/rviz_ogre_vendor/lib:/opt/ros/humble/lib/x86_64-linux-gnu:/opt/ros/humble/lib PYTHONPATH=/home/stepan/ws_ros2/build/offboard/prefix_override:/usr/lib/python3/dist-packages/colcon_core/task/python/colcon_distutils_commands:/home/stepan/ws_ros2/install/offboard/lib/python3.10/site-packages:${PYTHONPATH} /usr/bin/python3 -W ignore:setup.py install is deprecated -W ignore:easy_install command is deprecated setup.py egg_info --egg-base ../../build/offboard build --build-base /home/stepan/ws_ros2/build/offboard/build install --record /home/stepan/ws_ros2/build/offboard/install.log --single-version-externally-managed install_data
[0.978s] /home/stepan/.local/lib/python3.10/site-packages/setuptools/_distutils/dist.py:289: UserWarning: Unknown distribution option: 'tests_require'
[0.978s]   warnings.warn(msg)
[1.089s] running egg_info
[1.107s] writing ../../build/offboard/offboard.egg-info/PKG-INFO
[1.108s] writing dependency_links to ../../build/offboard/offboard.egg-info/dependency_links.txt
[1.108s] writing entry points to ../../build/offboard/offboard.egg-info/entry_points.txt
[1.108s] writing requirements to ../../build/offboard/offboard.egg-info/requires.txt
[1.108s] writing top-level names to ../../build/offboard/offboard.egg-info/top_level.txt
[1.152s] reading manifest file '../../build/offboard/offboard.egg-info/SOURCES.txt'
[1.153s] writing manifest file '../../build/offboard/offboard.egg-info/SOURCES.txt'
[1.153s] running build
[1.153s] running build_py
[1.153s] copying offboard/__init__.py -> /home/stepan/ws_ros2/build/offboard/build/lib/offboard
[1.154s] copying offboard/letova_mise.py -> /home/stepan/ws_ros2/build/offboard/build/lib/offboard
[1.154s] copying offboard/offboard_mission.py -> /home/stepan/ws_ros2/build/offboard/build/lib/offboard
[1.154s] copying offboard/pristani.py -> /home/stepan/ws_ros2/build/offboard/build/lib/offboard
[1.154s] copying offboard/vzlet.py -> /home/stepan/ws_ros2/build/offboard/build/lib/offboard
[1.154s] copying offboard/dopredu.py -> /home/stepan/ws_ros2/build/offboard/build/lib/offboard
[1.155s] running install
[1.160s] running install_lib
[1.178s] copying /home/stepan/ws_ros2/build/offboard/build/lib/offboard/letova_mise.py -> /home/stepan/ws_ros2/install/offboard/lib/python3.10/site-packages/offboard
[1.178s] byte-compiling /home/stepan/ws_ros2/install/offboard/lib/python3.10/site-packages/offboard/letova_mise.py to letova_mise.cpython-310.pyc
[1.179s] byte-compiling /home/stepan/ws_ros2/install/offboard/lib/python3.10/site-packages/offboard/dopredu.py to dopredu.cpython-310.pyc
[1.180s] Sorry: IndentationError: expected an indented block after function definition on line 39 (dopredu.py, line 40)
[1.180s] running install_data
[1.180s] copying resource/offboard -> /home/stepan/ws_ros2/install/offboard/share/ament_index/resource_index/packages
[1.180s] copying package.xml -> /home/stepan/ws_ros2/install/offboard/share/offboard
[1.180s] running install_egg_info
[1.200s] removing '/home/stepan/ws_ros2/install/offboard/lib/python3.10/site-packages/offboard-0.0.0-py3.10.egg-info' (and everything under it)
[1.200s] Copying ../../build/offboard/offboard.egg-info to /home/stepan/ws_ros2/install/offboard/lib/python3.10/site-packages/offboard-0.0.0-py3.10.egg-info
[1.201s] running install_scripts
[1.348s] Installing dopredu script to /home/stepan/ws_ros2/install/offboard/lib/offboard
[1.348s] Installing letova_mise script to /home/stepan/ws_ros2/install/offboard/lib/offboard
[1.349s] Installing offboard_mission script to /home/stepan/ws_ros2/install/offboard/lib/offboard
[1.349s] Installing pristani script to /home/stepan/ws_ros2/install/offboard/lib/offboard
[1.349s] Installing vzlet script to /home/stepan/ws_ros2/install/offboard/lib/offboard
[1.349s] writing list of installed files to '/home/stepan/ws_ros2/build/offboard/install.log'
[1.381s] Invoked command in '/home/stepan/ws_ros2/src/offboard' returned '0': CMAKE_PREFIX_PATH=/home/stepan/ws_ros2/install/px4_msgs:/home/stepan/ws_ros2/install/px4_ros_com:/home/stepan/ws_ros2/install/offboard LD_LIBRARY_PATH=/home/stepan/ws_ros2/install/px4_msgs/lib:/home/stepan/ws_ros2/install/px4_ros_com/lib:/opt/ros/humble/opt/rviz_ogre_vendor/lib:/opt/ros/humble/lib/x86_64-linux-gnu:/opt/ros/humble/lib PYTHONPATH=/home/stepan/ws_ros2/build/offboard/prefix_override:/usr/lib/python3/dist-packages/colcon_core/task/python/colcon_distutils_commands:/home/stepan/ws_ros2/install/offboard/lib/python3.10/site-packages:${PYTHONPATH} /usr/bin/python3 -W ignore:setup.py install is deprecated -W ignore:easy_install command is deprecated setup.py egg_info --egg-base ../../build/offboard build --build-base /home/stepan/ws_ros2/build/offboard/build install --record /home/stepan/ws_ros2/build/offboard/install.log --single-version-externally-managed install_data
