[0.012s] Invoking command in '/home/stepan/ws_ros2/build/offboard': CMAKE_PREFIX_PATH=/home/stepan/ws_ros2/install/px4_msgs:/home/stepan/ws_ros2/install/px4_ros_com:/home/stepan/ws_ros2/install/offboard:/opt/ros/humble LD_LIBRARY_PATH=/home/stepan/ws_ros2/install/px4_msgs/lib:/home/stepan/ws_ros2/install/px4_ros_com/lib:/opt/ros/humble/opt/rviz_ogre_vendor/lib:/opt/ros/humble/lib/x86_64-linux-gnu:/opt/ros/humble/lib /usr/bin/cmake --build /home/stepan/ws_ros2/build/offboard -- -j8 -l8
[0.034s] -- Found ament_cmake: 1.3.11 (/opt/ros/humble/share/ament_cmake/cmake)
[0.170s] -- Found rclcpp: 16.0.12 (/opt/ros/humble/share/rclcpp/cmake)
[0.200s] -- Found rosidl_generator_c: 3.1.6 (/opt/ros/humble/share/rosidl_generator_c/cmake)
[0.202s] -- Found rosidl_adapter: 3.1.6 (/opt/ros/humble/share/rosidl_adapter/cmake)
[0.209s] -- Found rosidl_generator_cpp: 3.1.6 (/opt/ros/humble/share/rosidl_generator_cpp/cmake)
[0.221s] -- Using all available rosidl_typesupport_c: rosidl_typesupport_fastrtps_c;rosidl_typesupport_introspection_c
[0.235s] -- Using all available rosidl_typesupport_cpp: rosidl_typesupport_fastrtps_cpp;rosidl_typesupport_introspection_cpp
[0.270s] -- Found rmw_implementation_cmake: 6.1.2 (/opt/ros/humble/share/rmw_implementation_cmake/cmake)
[0.272s] -- Found rmw_fastrtps_cpp: 6.2.7 (/opt/ros/humble/share/rmw_fastrtps_cpp/cmake)
[0.376s] -- Using RMW implementation 'rmw_fastrtps_cpp' as default
[0.431s] -- Found px4_msgs: 2.0.1 (/home/stepan/ws_ros2/install/px4_msgs/share/px4_msgs/cmake)
[0.515s] -- Configuring done
[0.525s] -- Generating done
[0.530s] -- Build files have been written to: /home/stepan/ws_ros2/build/offboard
[0.554s] [35m[1mConsolidate compiler generated dependencies of target offboard_cpp_exec[0m
[0.563s] [ 25%] [32mBuilding CXX object CMakeFiles/offboard_srv_exec.dir/src/cpp/offboard_control_srv.cpp.o[0m
[0.569s] [ 50%] [32m[1mLinking CXX executable offboard_cpp_exec[0m
[0.815s] [ 75%] Built target offboard_cpp_exec
[7.042s] [100%] [32m[1mLinking CXX executable offboard_srv_exec[0m
[7.341s] [100%] Built target offboard_srv_exec
[7.353s] Invoked command in '/home/stepan/ws_ros2/build/offboard' returned '0': CMAKE_PREFIX_PATH=/home/stepan/ws_ros2/install/px4_msgs:/home/stepan/ws_ros2/install/px4_ros_com:/home/stepan/ws_ros2/install/offboard:/opt/ros/humble LD_LIBRARY_PATH=/home/stepan/ws_ros2/install/px4_msgs/lib:/home/stepan/ws_ros2/install/px4_ros_com/lib:/opt/ros/humble/opt/rviz_ogre_vendor/lib:/opt/ros/humble/lib/x86_64-linux-gnu:/opt/ros/humble/lib /usr/bin/cmake --build /home/stepan/ws_ros2/build/offboard -- -j8 -l8
[7.362s] Invoking command in '/home/stepan/ws_ros2/build/offboard': CMAKE_PREFIX_PATH=/home/stepan/ws_ros2/install/px4_msgs:/home/stepan/ws_ros2/install/px4_ros_com:/home/stepan/ws_ros2/install/offboard:/opt/ros/humble LD_LIBRARY_PATH=/home/stepan/ws_ros2/install/px4_msgs/lib:/home/stepan/ws_ros2/install/px4_ros_com/lib:/opt/ros/humble/opt/rviz_ogre_vendor/lib:/opt/ros/humble/lib/x86_64-linux-gnu:/opt/ros/humble/lib /usr/bin/cmake --install /home/stepan/ws_ros2/build/offboard
[7.369s] -- Install configuration: ""
[7.369s] -- Installing: /home/stepan/ws_ros2/install/offboard/lib/offboard/offboard_cpp_exec
[7.371s] -- Set runtime path of "/home/stepan/ws_ros2/install/offboard/lib/offboard/offboard_cpp_exec" to ""
[7.371s] -- Installing: /home/stepan/ws_ros2/install/offboard/lib/offboard/offboard_srv_exec
[7.372s] -- Set runtime path of "/home/stepan/ws_ros2/install/offboard/lib/offboard/offboard_srv_exec" to ""
[7.372s] -- Up-to-date: /home/stepan/ws_ros2/install/offboard/share/ament_index/resource_index/package_run_dependencies/offboard
[7.372s] -- Up-to-date: /home/stepan/ws_ros2/install/offboard/share/ament_index/resource_index/parent_prefix_path/offboard
[7.373s] -- Up-to-date: /home/stepan/ws_ros2/install/offboard/share/offboard/environment/ament_prefix_path.sh
[7.373s] -- Installing: /home/stepan/ws_ros2/install/offboard/share/offboard/environment/ament_prefix_path.dsv
[7.373s] -- Up-to-date: /home/stepan/ws_ros2/install/offboard/share/offboard/environment/path.sh
[7.373s] -- Installing: /home/stepan/ws_ros2/install/offboard/share/offboard/environment/path.dsv
[7.373s] -- Up-to-date: /home/stepan/ws_ros2/install/offboard/share/offboard/local_setup.bash
[7.373s] -- Up-to-date: /home/stepan/ws_ros2/install/offboard/share/offboard/local_setup.sh
[7.373s] -- Up-to-date: /home/stepan/ws_ros2/install/offboard/share/offboard/local_setup.zsh
[7.373s] -- Installing: /home/stepan/ws_ros2/install/offboard/share/offboard/local_setup.dsv
[7.374s] -- Installing: /home/stepan/ws_ros2/install/offboard/share/offboard/package.dsv
[7.374s] -- Up-to-date: /home/stepan/ws_ros2/install/offboard/share/ament_index/resource_index/packages/offboard
[7.374s] -- Up-to-date: /home/stepan/ws_ros2/install/offboard/share/offboard/cmake/offboardConfig.cmake
[7.374s] -- Up-to-date: /home/stepan/ws_ros2/install/offboard/share/offboard/cmake/offboardConfig-version.cmake
[7.374s] -- Up-to-date: /home/stepan/ws_ros2/install/offboard/share/offboard/package.xml
[7.375s] Invoked command in '/home/stepan/ws_ros2/build/offboard' returned '0': CMAKE_PREFIX_PATH=/home/stepan/ws_ros2/install/px4_msgs:/home/stepan/ws_ros2/install/px4_ros_com:/home/stepan/ws_ros2/install/offboard:/opt/ros/humble LD_LIBRARY_PATH=/home/stepan/ws_ros2/install/px4_msgs/lib:/home/stepan/ws_ros2/install/px4_ros_com/lib:/opt/ros/humble/opt/rviz_ogre_vendor/lib:/opt/ros/humble/lib/x86_64-linux-gnu:/opt/ros/humble/lib /usr/bin/cmake --install /home/stepan/ws_ros2/build/offboard
