-- Found ament_cmake: 1.3.11 (/opt/ros/humble/share/ament_cmake/cmake)
-- Found rclcpp: 16.0.12 (/opt/ros/humble/share/rclcpp/cmake)
-- Found rosidl_generator_c: 3.1.6 (/opt/ros/humble/share/rosidl_generator_c/cmake)
-- Found rosidl_adapter: 3.1.6 (/opt/ros/humble/share/rosidl_adapter/cmake)
-- Found rosidl_generator_cpp: 3.1.6 (/opt/ros/humble/share/rosidl_generator_cpp/cmake)
-- Using all available rosidl_typesupport_c: rosidl_typesupport_fastrtps_c;rosidl_typesupport_introspection_c
-- Using all available rosidl_typesupport_cpp: rosidl_typesupport_fastrtps_cpp;rosidl_typesupport_introspection_cpp
-- Found rmw_implementation_cmake: 6.1.2 (/opt/ros/humble/share/rmw_implementation_cmake/cmake)
-- Found rmw_fastrtps_cpp: 6.2.7 (/opt/ros/humble/share/rmw_fastrtps_cpp/cmake)
-- Using RMW implementation 'rmw_fastrtps_cpp' as default
-- Found px4_msgs: 2.0.1 (/home/stepan/ws_ros2/install/px4_msgs/share/px4_msgs/cmake)
-- Configuring done
-- Generating done
-- Build files have been written to: /home/stepan/ws_ros2/build/offboard
[ 66%] [32mBuilding CXX object CMakeFiles/offboard_cpp_exec.dir/src/cpp/offboard_control.cpp.o[0m
[ 66%] [32mBuilding CXX object CMakeFiles/offboard_cpp_exec.dir/src/cpp/offboard_control_srv.cpp.o[0m
[100%] [32m[1mLinking CXX executable offboard_cpp_exec[0m
/usr/bin/ld: CMakeFiles/offboard_cpp_exec.dir/src/cpp/offboard_control_srv.cpp.o: in function `OffboardControl::arm()':
offboard_control_srv.cpp:(.text+0x288): multiple definition of `OffboardControl::arm()'; CMakeFiles/offboard_cpp_exec.dir/src/cpp/offboard_control.cpp.o:offboard_control.cpp:(.text+0xc): first defined here
/usr/bin/ld: CMakeFiles/offboard_cpp_exec.dir/src/cpp/offboard_control_srv.cpp.o: in function `OffboardControl::disarm()':
offboard_control_srv.cpp:(.text+0x4a2): multiple definition of `OffboardControl::disarm()'; CMakeFiles/offboard_cpp_exec.dir/src/cpp/offboard_control.cpp.o:offboard_control.cpp:(.text+0x22a): first defined here
/usr/bin/ld: CMakeFiles/offboard_cpp_exec.dir/src/cpp/offboard_control_srv.cpp.o: in function `OffboardControl::publish_offboard_control_mode()':
offboard_control_srv.cpp:(.text+0x6bc): multiple definition of `OffboardControl::publish_offboard_control_mode()'; CMakeFiles/offboard_cpp_exec.dir/src/cpp/offboard_control.cpp.o:offboard_control.cpp:(.text+0x448): first defined here
/usr/bin/ld: CMakeFiles/offboard_cpp_exec.dir/src/cpp/offboard_control_srv.cpp.o: in function `OffboardControl::publish_trajectory_setpoint()':
offboard_control_srv.cpp:(.text+0x7f2): multiple definition of `OffboardControl::publish_trajectory_setpoint()'; CMakeFiles/offboard_cpp_exec.dir/src/cpp/offboard_control.cpp.o:offboard_control.cpp:(.text+0x57e): first defined here
/usr/bin/ld: CMakeFiles/offboard_cpp_exec.dir/src/cpp/offboard_control_srv.cpp.o: in function `main':
offboard_control_srv.cpp:(.text+0x28ce): multiple definition of `main'; CMakeFiles/offboard_cpp_exec.dir/src/cpp/offboard_control.cpp.o:offboard_control.cpp:(.text+0x865): first defined here
collect2: error: ld returned 1 exit status
gmake[2]: *** [CMakeFiles/offboard_cpp_exec.dir/build.make:175: offboard_cpp_exec] Error 1
gmake[1]: *** [CMakeFiles/Makefile2:137: CMakeFiles/offboard_cpp_exec.dir/all] Error 2
gmake: *** [Makefile:146: all] Error 2
