[0.014s] Invoking command in '/home/stepan/ws_ros2/build/offboard': CMAKE_PREFIX_PATH=/home/stepan/ws_ros2/install/px4_msgs:/home/stepan/ws_ros2/install/px4_ros_com:/home/stepan/ws_ros2/install/offboard:/opt/ros/humble LD_LIBRARY_PATH=/home/stepan/ws_ros2/install/px4_msgs/lib:/home/stepan/ws_ros2/install/px4_ros_com/lib:/opt/ros/humble/opt/rviz_ogre_vendor/lib:/opt/ros/humble/lib/x86_64-linux-gnu:/opt/ros/humble/lib /usr/bin/cmake --build /home/stepan/ws_ros2/build/offboard -- -j8 -l8
[0.055s] -- Found ament_cmake: 1.3.11 (/opt/ros/humble/share/ament_cmake/cmake)
[0.207s] -- Found rclcpp: 16.0.12 (/opt/ros/humble/share/rclcpp/cmake)
[0.248s] -- Found rosidl_generator_c: 3.1.6 (/opt/ros/humble/share/rosidl_generator_c/cmake)
[0.251s] -- Found rosidl_adapter: 3.1.6 (/opt/ros/humble/share/rosidl_adapter/cmake)
[0.260s] -- Found rosidl_generator_cpp: 3.1.6 (/opt/ros/humble/share/rosidl_generator_cpp/cmake)
[0.274s] -- Using all available rosidl_typesupport_c: rosidl_typesupport_fastrtps_c;rosidl_typesupport_introspection_c
[0.291s] -- Using all available rosidl_typesupport_cpp: rosidl_typesupport_fastrtps_cpp;rosidl_typesupport_introspection_cpp
[0.338s] -- Found rmw_implementation_cmake: 6.1.2 (/opt/ros/humble/share/rmw_implementation_cmake/cmake)
[0.340s] -- Found rmw_fastrtps_cpp: 6.2.7 (/opt/ros/humble/share/rmw_fastrtps_cpp/cmake)
[0.459s] -- Using RMW implementation 'rmw_fastrtps_cpp' as default
[0.530s] -- Found px4_msgs: 2.0.1 (/home/stepan/ws_ros2/install/px4_msgs/share/px4_msgs/cmake)
[0.619s] -- Configuring done
[0.629s] -- Generating done
[0.633s] -- Build files have been written to: /home/stepan/ws_ros2/build/offboard
[0.666s] [ 66%] [32mBuilding CXX object CMakeFiles/offboard_cpp_exec.dir/src/cpp/offboard_control.cpp.o[0m
[0.666s] [ 66%] [32mBuilding CXX object CMakeFiles/offboard_cpp_exec.dir/src/cpp/offboard_control_srv.cpp.o[0m
[7.245s] [100%] [32m[1mLinking CXX executable offboard_cpp_exec[0m
[7.302s] /usr/bin/ld: CMakeFiles/offboard_cpp_exec.dir/src/cpp/offboard_control_srv.cpp.o: in function `OffboardControl::arm()':
[7.303s] offboard_control_srv.cpp:(.text+0x288): multiple definition of `OffboardControl::arm()'; CMakeFiles/offboard_cpp_exec.dir/src/cpp/offboard_control.cpp.o:offboard_control.cpp:(.text+0xc): first defined here
[7.303s] /usr/bin/ld: CMakeFiles/offboard_cpp_exec.dir/src/cpp/offboard_control_srv.cpp.o: in function `OffboardControl::disarm()':
[7.303s] offboard_control_srv.cpp:(.text+0x4a2): multiple definition of `OffboardControl::disarm()'; CMakeFiles/offboard_cpp_exec.dir/src/cpp/offboard_control.cpp.o:offboard_control.cpp:(.text+0x22a): first defined here
[7.304s] /usr/bin/ld: CMakeFiles/offboard_cpp_exec.dir/src/cpp/offboard_control_srv.cpp.o: in function `OffboardControl::publish_offboard_control_mode()':
[7.304s] offboard_control_srv.cpp:(.text+0x6bc): multiple definition of `OffboardControl::publish_offboard_control_mode()'; CMakeFiles/offboard_cpp_exec.dir/src/cpp/offboard_control.cpp.o:offboard_control.cpp:(.text+0x448): first defined here
[7.304s] /usr/bin/ld: CMakeFiles/offboard_cpp_exec.dir/src/cpp/offboard_control_srv.cpp.o: in function `OffboardControl::publish_trajectory_setpoint()':
[7.305s] offboard_control_srv.cpp:(.text+0x7f2): multiple definition of `OffboardControl::publish_trajectory_setpoint()'; CMakeFiles/offboard_cpp_exec.dir/src/cpp/offboard_control.cpp.o:offboard_control.cpp:(.text+0x57e): first defined here
[7.305s] /usr/bin/ld: CMakeFiles/offboard_cpp_exec.dir/src/cpp/offboard_control_srv.cpp.o: in function `main':
[7.305s] offboard_control_srv.cpp:(.text+0x28ce): multiple definition of `main'; CMakeFiles/offboard_cpp_exec.dir/src/cpp/offboard_control.cpp.o:offboard_control.cpp:(.text+0x865): first defined here
[7.608s] collect2: error: ld returned 1 exit status
[7.610s] gmake[2]: *** [CMakeFiles/offboard_cpp_exec.dir/build.make:175: offboard_cpp_exec] Error 1
[7.610s] gmake[1]: *** [CMakeFiles/Makefile2:137: CMakeFiles/offboard_cpp_exec.dir/all] Error 2
[7.610s] gmake: *** [Makefile:146: all] Error 2
[7.612s] Invoked command in '/home/stepan/ws_ros2/build/offboard' returned '2': CMAKE_PREFIX_PATH=/home/stepan/ws_ros2/install/px4_msgs:/home/stepan/ws_ros2/install/px4_ros_com:/home/stepan/ws_ros2/install/offboard:/opt/ros/humble LD_LIBRARY_PATH=/home/stepan/ws_ros2/install/px4_msgs/lib:/home/stepan/ws_ros2/install/px4_ros_com/lib:/opt/ros/humble/opt/rviz_ogre_vendor/lib:/opt/ros/humble/lib/x86_64-linux-gnu:/opt/ros/humble/lib /usr/bin/cmake --build /home/stepan/ws_ros2/build/offboard -- -j8 -l8
