[0.008s] Invoking command in '/home/stepan/ws_ros2/build/offboard': AMENT_PREFIX_PATH=/home/stepan/ws_ros2/install/px4_msgs:${AMENT_PREFIX_PATH} CMAKE_PREFIX_PATH=/home/stepan/ws_ros2/install/px4_msgs:/opt/ros/humble LD_LIBRARY_PATH=/home/stepan/ws_ros2/install/px4_msgs/lib:${LD_LIBRARY_PATH} PYTHONPATH=/home/stepan/ws_ros2/install/px4_msgs/local/lib/python3.10/dist-packages:${PYTHONPATH} /usr/bin/cmake /home/stepan/ws_ros2/src/offboard -DCMAKE_INSTALL_PREFIX=/home/stepan/ws_ros2/install/offboard
[0.070s] -- The C compiler identification is GNU 11.4.0
[0.126s] -- The CXX compiler identification is GNU 11.4.0
[0.133s] -- Detecting C compiler ABI info
[0.194s] -- Detecting C compiler ABI info - done
[0.202s] -- Check for working C compiler: /usr/bin/cc - skipped
[0.202s] -- Detecting C compile features
[0.203s] -- Detecting C compile features - done
[0.206s] -- Detecting CXX compiler ABI info
[0.279s] -- Detecting CXX compiler ABI info - done
[0.288s] -- Check for working CXX compiler: /usr/bin/c++ - skipped
[0.288s] -- Detecting CXX compile features
[0.289s] -- Detecting CXX compile features - done
[0.290s] -- Found ament_cmake: 1.3.11 (/opt/ros/humble/share/ament_cmake/cmake)
[0.669s] -- Found Python3: /usr/bin/python3 (found version "3.10.12") found components: Interpreter 
[0.752s] -- Found rclcpp: 16.0.12 (/opt/ros/humble/share/rclcpp/cmake)
[0.788s] -- Found rosidl_generator_c: 3.1.6 (/opt/ros/humble/share/rosidl_generator_c/cmake)
[0.793s] -- Found rosidl_adapter: 3.1.6 (/opt/ros/humble/share/rosidl_adapter/cmake)
[0.800s] -- Found rosidl_generator_cpp: 3.1.6 (/opt/ros/humble/share/rosidl_generator_cpp/cmake)
[0.811s] -- Using all available rosidl_typesupport_c: rosidl_typesupport_fastrtps_c;rosidl_typesupport_introspection_c
[0.826s] -- Using all available rosidl_typesupport_cpp: rosidl_typesupport_fastrtps_cpp;rosidl_typesupport_introspection_cpp
[0.864s] -- Found rmw_implementation_cmake: 6.1.2 (/opt/ros/humble/share/rmw_implementation_cmake/cmake)
[0.866s] -- Found rmw_fastrtps_cpp: 6.2.7 (/opt/ros/humble/share/rmw_fastrtps_cpp/cmake)
[0.939s] -- Found OpenSSL: /usr/lib/x86_64-linux-gnu/libcrypto.so (found version "3.0.2")  
[0.965s] -- Found FastRTPS: /opt/ros/humble/include  
[1.004s] -- Using RMW implementation 'rmw_fastrtps_cpp' as default
[1.011s] -- Looking for pthread.h
[1.077s] -- Looking for pthread.h - found
[1.077s] -- Performing Test CMAKE_HAVE_LIBC_PTHREAD
[1.143s] -- Performing Test CMAKE_HAVE_LIBC_PTHREAD - Success
[1.144s] -- Found Threads: TRUE  
[1.196s] -- Found px4_msgs: 2.0.1 (/home/stepan/ws_ros2/install/px4_msgs/share/px4_msgs/cmake)
[1.274s] -- Configuring done
[1.281s] -- Generating done
[1.284s] -- Build files have been written to: /home/stepan/ws_ros2/build/offboard
[1.293s] Invoked command in '/home/stepan/ws_ros2/build/offboard' returned '0': AMENT_PREFIX_PATH=/home/stepan/ws_ros2/install/px4_msgs:${AMENT_PREFIX_PATH} CMAKE_PREFIX_PATH=/home/stepan/ws_ros2/install/px4_msgs:/opt/ros/humble LD_LIBRARY_PATH=/home/stepan/ws_ros2/install/px4_msgs/lib:${LD_LIBRARY_PATH} PYTHONPATH=/home/stepan/ws_ros2/install/px4_msgs/local/lib/python3.10/dist-packages:${PYTHONPATH} /usr/bin/cmake /home/stepan/ws_ros2/src/offboard -DCMAKE_INSTALL_PREFIX=/home/stepan/ws_ros2/install/offboard
[1.295s] Invoking command in '/home/stepan/ws_ros2/build/offboard': AMENT_PREFIX_PATH=/home/stepan/ws_ros2/install/px4_msgs:${AMENT_PREFIX_PATH} CMAKE_PREFIX_PATH=/home/stepan/ws_ros2/install/px4_msgs:/opt/ros/humble LD_LIBRARY_PATH=/home/stepan/ws_ros2/install/px4_msgs/lib:${LD_LIBRARY_PATH} PYTHONPATH=/home/stepan/ws_ros2/install/px4_msgs/local/lib/python3.10/dist-packages:${PYTHONPATH} /usr/bin/cmake --build /home/stepan/ws_ros2/build/offboard -- -j8 -l8
[1.340s] [ 50%] [32mBuilding CXX object CMakeFiles/offboard_control.dir/src/offboard_control.cpp.o[0m
[6.395s] [100%] [32m[1mLinking CXX executable offboard_control[0m
[6.606s] [100%] Built target offboard_control
[6.616s] Invoked command in '/home/stepan/ws_ros2/build/offboard' returned '0': AMENT_PREFIX_PATH=/home/stepan/ws_ros2/install/px4_msgs:${AMENT_PREFIX_PATH} CMAKE_PREFIX_PATH=/home/stepan/ws_ros2/install/px4_msgs:/opt/ros/humble LD_LIBRARY_PATH=/home/stepan/ws_ros2/install/px4_msgs/lib:${LD_LIBRARY_PATH} PYTHONPATH=/home/stepan/ws_ros2/install/px4_msgs/local/lib/python3.10/dist-packages:${PYTHONPATH} /usr/bin/cmake --build /home/stepan/ws_ros2/build/offboard -- -j8 -l8
[6.618s] Invoking command in '/home/stepan/ws_ros2/build/offboard': AMENT_PREFIX_PATH=/home/stepan/ws_ros2/install/px4_msgs:${AMENT_PREFIX_PATH} CMAKE_PREFIX_PATH=/home/stepan/ws_ros2/install/px4_msgs:/opt/ros/humble LD_LIBRARY_PATH=/home/stepan/ws_ros2/install/px4_msgs/lib:${LD_LIBRARY_PATH} PYTHONPATH=/home/stepan/ws_ros2/install/px4_msgs/local/lib/python3.10/dist-packages:${PYTHONPATH} /usr/bin/cmake --install /home/stepan/ws_ros2/build/offboard
[6.624s] -- Install configuration: ""
[6.624s] -- Installing: /home/stepan/ws_ros2/install/offboard/lib/offboard/offboard_control
[6.625s] -- Set runtime path of "/home/stepan/ws_ros2/install/offboard/lib/offboard/offboard_control" to ""
[6.625s] -- Installing: /home/stepan/ws_ros2/install/offboard/share/ament_index/resource_index/package_run_dependencies/offboard
[6.625s] -- Installing: /home/stepan/ws_ros2/install/offboard/share/ament_index/resource_index/parent_prefix_path/offboard
[6.625s] -- Installing: /home/stepan/ws_ros2/install/offboard/share/offboard/environment/ament_prefix_path.sh
[6.626s] -- Installing: /home/stepan/ws_ros2/install/offboard/share/offboard/environment/ament_prefix_path.dsv
[6.626s] -- Installing: /home/stepan/ws_ros2/install/offboard/share/offboard/environment/path.sh
[6.626s] -- Installing: /home/stepan/ws_ros2/install/offboard/share/offboard/environment/path.dsv
[6.626s] -- Installing: /home/stepan/ws_ros2/install/offboard/share/offboard/local_setup.bash
[6.626s] -- Installing: /home/stepan/ws_ros2/install/offboard/share/offboard/local_setup.sh
[6.626s] -- Installing: /home/stepan/ws_ros2/install/offboard/share/offboard/local_setup.zsh
[6.626s] -- Installing: /home/stepan/ws_ros2/install/offboard/share/offboard/local_setup.dsv
[6.626s] -- Installing: /home/stepan/ws_ros2/install/offboard/share/offboard/package.dsv
[6.627s] -- Installing: /home/stepan/ws_ros2/install/offboard/share/ament_index/resource_index/packages/offboard
[6.627s] -- Installing: /home/stepan/ws_ros2/install/offboard/share/offboard/cmake/offboardConfig.cmake
[6.627s] -- Installing: /home/stepan/ws_ros2/install/offboard/share/offboard/cmake/offboardConfig-version.cmake
[6.627s] -- Installing: /home/stepan/ws_ros2/install/offboard/share/offboard/package.xml
[6.629s] Invoked command in '/home/stepan/ws_ros2/build/offboard' returned '0': AMENT_PREFIX_PATH=/home/stepan/ws_ros2/install/px4_msgs:${AMENT_PREFIX_PATH} CMAKE_PREFIX_PATH=/home/stepan/ws_ros2/install/px4_msgs:/opt/ros/humble LD_LIBRARY_PATH=/home/stepan/ws_ros2/install/px4_msgs/lib:${LD_LIBRARY_PATH} PYTHONPATH=/home/stepan/ws_ros2/install/px4_msgs/local/lib/python3.10/dist-packages:${PYTHONPATH} /usr/bin/cmake --install /home/stepan/ws_ros2/build/offboard
